
Discarded input sections

 .text          0x0000000000000000        0x0 build/obj/crt0.o
 .data          0x0000000000000000        0x0 build/obj/crt0.o
 .bss           0x0000000000000000        0x0 build/obj/crt0.o
 .text.__early_init
                0x0000000000000000       0x10 build/obj/crt0.o
 .text          0x0000000000000000        0x0 build/obj/vectors.o
 .data          0x0000000000000000        0x0 build/obj/vectors.o
 .bss           0x0000000000000000        0x0 build/obj/vectors.o
 .text          0x0000000000000000        0x0 build/obj/chcore.o
 .data          0x0000000000000000        0x0 build/obj/chcore.o
 .bss           0x0000000000000000        0x0 build/obj/chcore.o
 .text.port_halt
                0x0000000000000000       0x10 build/obj/chcore.o
 .debug_info    0x0000000000000000       0x92 build/obj/chcore.o
 .debug_abbrev  0x0000000000000000       0x42 build/obj/chcore.o
 .debug_aranges
                0x0000000000000000       0x20 build/obj/chcore.o
 .debug_ranges  0x0000000000000000       0x10 build/obj/chcore.o
 .debug_line    0x0000000000000000       0x53 build/obj/chcore.o
 .debug_str     0x0000000000000000      0x1bc build/obj/chcore.o
 .comment       0x0000000000000000       0x20 build/obj/chcore.o
 .ARM.attributes
                0x0000000000000000       0x33 build/obj/chcore.o
 .debug_frame   0x0000000000000000       0x20 build/obj/chcore.o
 .text          0x0000000000000000        0x0 build/obj/chcore_v7m.o
 .data          0x0000000000000000        0x0 build/obj/chcore_v7m.o
 .bss           0x0000000000000000        0x0 build/obj/chcore_v7m.o
 .text._port_init
                0x0000000000000000       0x40 build/obj/chcore_v7m.o
 .text._port_thread_start
                0x0000000000000000       0x10 build/obj/chcore_v7m.o
 .text          0x0000000000000000        0x0 build/obj/nvic.o
 .data          0x0000000000000000        0x0 build/obj/nvic.o
 .bss           0x0000000000000000        0x0 build/obj/nvic.o
 .text.nvicDisableVector
                0x0000000000000000       0x50 build/obj/nvic.o
 .text.nvicSetSystemHandlerPriority
                0x0000000000000000       0x30 build/obj/nvic.o
 .text          0x0000000000000000        0x0 build/obj/chsys.o
 .data          0x0000000000000000        0x0 build/obj/chsys.o
 .bss           0x0000000000000000        0x0 build/obj/chsys.o
 .text._idle_thread
                0x0000000000000000       0x20 build/obj/chsys.o
 .text.chSysInit
                0x0000000000000000       0x70 build/obj/chsys.o
 .rodata.str1.4
                0x0000000000000000        0x8 build/obj/chsys.o
 .bss.mainthread.4794
                0x0000000000000000       0x48 build/obj/chsys.o
 .bss._idle_thread_wa
                0x0000000000000000       0xe0 build/obj/chsys.o
 .text          0x0000000000000000        0x0 build/obj/chdebug.o
 .data          0x0000000000000000        0x0 build/obj/chdebug.o
 .bss           0x0000000000000000        0x0 build/obj/chdebug.o
 .debug_info    0x0000000000000000       0x79 build/obj/chdebug.o
 .debug_abbrev  0x0000000000000000       0x26 build/obj/chdebug.o
 .debug_aranges
                0x0000000000000000       0x18 build/obj/chdebug.o
 .debug_line    0x0000000000000000       0x1d build/obj/chdebug.o
 .debug_str     0x0000000000000000      0x1ad build/obj/chdebug.o
 .comment       0x0000000000000000       0x20 build/obj/chdebug.o
 .ARM.attributes
                0x0000000000000000       0x33 build/obj/chdebug.o
 .text          0x0000000000000000        0x0 build/obj/chlists.o
 .data          0x0000000000000000        0x0 build/obj/chlists.o
 .bss           0x0000000000000000        0x0 build/obj/chlists.o
 .debug_info    0x0000000000000000       0x79 build/obj/chlists.o
 .debug_abbrev  0x0000000000000000       0x26 build/obj/chlists.o
 .debug_aranges
                0x0000000000000000       0x18 build/obj/chlists.o
 .debug_line    0x0000000000000000       0x1d build/obj/chlists.o
 .debug_str     0x0000000000000000      0x1ad build/obj/chlists.o
 .comment       0x0000000000000000       0x20 build/obj/chlists.o
 .ARM.attributes
                0x0000000000000000       0x33 build/obj/chlists.o
 .text          0x0000000000000000        0x0 build/obj/chvt.o
 .data          0x0000000000000000        0x0 build/obj/chvt.o
 .bss           0x0000000000000000        0x0 build/obj/chvt.o
 .text._vt_init
                0x0000000000000000       0x20 build/obj/chvt.o
 .text.chVTSetI
                0x0000000000000000       0x40 build/obj/chvt.o
 .text.chVTResetI
                0x0000000000000000       0x30 build/obj/chvt.o
 .text          0x0000000000000000        0x0 build/obj/chschd.o
 .data          0x0000000000000000        0x0 build/obj/chschd.o
 .bss           0x0000000000000000        0x0 build/obj/chschd.o
 .text.wakeup   0x0000000000000000       0x70 build/obj/chschd.o
 .text._scheduler_init
                0x0000000000000000       0x20 build/obj/chschd.o
 .text.chSchGoSleepS
[...]
Memory Configuration

Name             Origin             Length             Attributes
flash            0x0000000008000000 0x0000000000100000
ram              0x0000000020000000 0x000000000001c000
ethram           0x000000002001c000 0x0000000000004000
ccmram           0x0000000010000000 0x0000000000010000
*default*        0x0000000000000000 0xffffffffffffffff

Linker script and memory map

LOAD build/obj/crt0.o
LOAD build/obj/vectors.o
LOAD build/obj/chcore.o
LOAD build/obj/chcore_v7m.o
LOAD build/obj/nvic.o
LOAD build/obj/chsys.o
LOAD build/obj/chdebug.o
LOAD build/obj/chlists.o
LOAD build/obj/chvt.o
LOAD build/obj/chschd.o
LOAD build/obj/chthreads.o
LOAD build/obj/chdynamic.o
LOAD build/obj/chregistry.o
LOAD build/obj/chsem.o
LOAD build/obj/chmtx.o
LOAD build/obj/chcond.o
LOAD build/obj/chevents.o
LOAD build/obj/chmsg.o
LOAD build/obj/chmboxes.o
LOAD build/obj/chqueues.o
LOAD build/obj/chmemcore.o
LOAD build/obj/chheap.o
LOAD build/obj/chmempools.o
LOAD build/obj/test.o
LOAD build/obj/testthd.o
LOAD build/obj/testsem.o
LOAD build/obj/testmtx.o
LOAD build/obj/testmsg.o
LOAD build/obj/testmbox.o
LOAD build/obj/testevt.o
LOAD build/obj/testheap.o
LOAD build/obj/testpools.o
LOAD build/obj/testdyn.o
LOAD build/obj/testqueues.o
LOAD build/obj/testbmk.o
LOAD build/obj/hal.o
LOAD build/obj/adc.o
LOAD build/obj/can.o
LOAD build/obj/ext.o
LOAD build/obj/gpt.o
LOAD build/obj/i2c.o
LOAD build/obj/icu.o
LOAD build/obj/mac.o
LOAD build/obj/mmc_spi.o
LOAD build/obj/mmcsd.o
LOAD build/obj/pal.o
LOAD build/obj/pwm.o
LOAD build/obj/rtc.o
LOAD build/obj/sdc.o
LOAD build/obj/serial.o
LOAD build/obj/serial_usb.o
LOAD build/obj/spi.o
LOAD build/obj/tm.o
LOAD build/obj/uart.o
LOAD build/obj/usb.o
LOAD build/obj/stm32_dma.o
LOAD build/obj/hal_lld.o
LOAD build/obj/adc_lld.o
LOAD build/obj/ext_lld_isr.o
LOAD build/obj/can_lld.o
LOAD build/obj/ext_lld.o
LOAD build/obj/mac_lld.o
LOAD build/obj/sdc_lld.o
LOAD build/obj/pal_lld.o
LOAD build/obj/i2c_lld.o
LOAD build/obj/usb_lld.o
LOAD build/obj/rtc_lld.o
LOAD build/obj/spi_lld.o
LOAD build/obj/gpt_lld.o
LOAD build/obj/icu_lld.o
LOAD build/obj/pwm_lld.o
LOAD build/obj/serial_lld.o
LOAD build/obj/uart_lld.o
LOAD build/obj/board.o
LOAD build/obj/lis302dl.o
LOAD build/obj/chprintf.o
LOAD build/obj/main.o
                0x0000000000000400                __main_stack_size__ = 0x400
                0x0000000000000400                __process_stack_size__ = 0x400
                0x0000000020000000                __ram_start__ = ORIGIN (ram)
                0x000000000001c000                __ram_size__ = 0x1c000
                0x000000002001c000                __ram_end__ = (__ram_start__ + __ram_size__)
                0x0000000000000000                . = 0x0
                0x0000000000000000                _text = .

startup         0x0000000008000000      0x1ac
 *(vectors)
 vectors        0x0000000008000000      0x1ac build/obj/vectors.o
                0x0000000008000000                _vectors

constructors    0x00000000080001ac        0x0
                0x00000000080001ac                PROVIDE (__init_array_start, .)
 *(SORT(.init_array.*))
 *(.init_array)
                0x00000000080001ac                PROVIDE (__init_array_end, .)

destructors     0x00000000080001ac        0x0
                0x00000000080001ac                PROVIDE (__fini_array_start, .)
 *(.fini_array)
 *(SORT(.fini_array.*))
                0x00000000080001ac                PROVIDE (__fini_array_end, .)

.text           0x00000000080001b0     0x10c0
 *(.text.startup.*)
 .text.startup.main
                0x00000000080001b0       0x60 build/obj/main.o
                0x00000000080001b0                main
 *(.text)
 *(.text.*)
 .text.__late_init
                0x0000000008000210       0x10 build/obj/crt0.o
                0x0000000008000210                __late_init
 .text._default_exit
                0x0000000008000220       0x10 build/obj/crt0.o
                0x0000000008000220                _default_exit
 .text.ResetHandler
                0x0000000008000230      0x140 build/obj/crt0.o
                0x0000000008000230                ResetHandler
 .text._unhandled_exception
                0x0000000008000370       0x10 build/obj/vectors.o
                0x0000000008000370                Vector58
                0x0000000008000370                VectorE8
                0x0000000008000370                Vector9C
                0x0000000008000370                VectorAC
                0x0000000008000370                Vector1A0
                0x0000000008000370                Vector5C
                0x0000000008000370                NMIVector
                0x0000000008000370                Vector11C
                0x0000000008000370                Vector19C
                0x0000000008000370                Vector8C
                0x0000000008000370                VectorDC
                0x0000000008000370                Vector168
                0x0000000008000370                Vector110
                0x0000000008000370                VectorC8
                0x0000000008000370                Vector94
                0x0000000008000370                VectorA8
                0x0000000008000370                VectorB4
                0x0000000008000370                Vector160
                0x0000000008000370                VectorEC
                0x0000000008000370                UsageFaultVector
                0x0000000008000370                DebugMonitorVector
                0x0000000008000370                Vector40
                0x0000000008000370                VectorF8
                0x0000000008000370                Vector108
                0x0000000008000370                VectorBC
                0x0000000008000370                Vector190
                0x0000000008000370                Vector148
                0x0000000008000370                Vector188
                0x0000000008000370                PendSVVector
                0x0000000008000370                Vector198
                0x0000000008000370                Vector118
                0x0000000008000370                Vector64
                0x0000000008000370                VectorCC
                0x0000000008000370                Vector54
                0x0000000008000370                Vector98
                0x0000000008000370                Vector138
                0x0000000008000370                Vector24
                0x0000000008000370                Vector178
                0x0000000008000370                Vector1A4
                0x0000000008000370                BusFaultVector
                0x0000000008000370                VectorD0
                0x0000000008000370                Vector140
                0x0000000008000370                VectorE4
                0x0000000008000370                VectorC0
                0x0000000008000370                HardFaultVector
                0x0000000008000370                Vector134
                0x0000000008000370                VectorF0
                0x0000000008000370                Vector13C
                0x0000000008000370                Vector100
                0x0000000008000370                VectorE0
                0x0000000008000370                VectorF4
                0x0000000008000370                MemManageVector
                0x0000000008000370                VectorA0
                0x0000000008000370                VectorC4
                0x0000000008000370                Vector180
                0x0000000008000370                VectorB0
                0x0000000008000370                Vector90
                0x0000000008000370                Vector114
                0x0000000008000370                Vector164
                0x0000000008000370                Vector60
                0x0000000008000370                Vector1C
                0x0000000008000370                Vector17C
                0x0000000008000370                Vector48
                0x0000000008000370                Vector1A8
                0x0000000008000370                Vector16C
                0x0000000008000370                VectorD4
                0x0000000008000370                Vector4C
                0x0000000008000370                Vector144
                0x0000000008000370                Vector15C
                0x0000000008000370                Vector68
                0x0000000008000370                _unhandled_exception
                0x0000000008000370                Vector170
                0x0000000008000370                Vector104
                0x0000000008000370                Vector184
                0x0000000008000370                Vector10C
                0x0000000008000370                Vector14C
                0x0000000008000370                Vector50
                0x0000000008000370                Vector194
                0x0000000008000370                Vector44
                0x0000000008000370                Vector28
                0x0000000008000370                Vector34
                0x0000000008000370                VectorA4
                0x0000000008000370                Vector20
                0x0000000008000370                Vector18C
                0x0000000008000370                Vector174
 .text._port_switch_from_isr
                0x0000000008000380       0x10 build/obj/chcore_v7m.o
                0x0000000008000380                _port_switch_from_isr
 .text.SVCallVector
                0x0000000008000390       0x20 build/obj/chcore_v7m.o
                0x0000000008000390                SVCallVector
 .text._port_irq_epilogue
                0x00000000080003b0       0x80 build/obj/chcore_v7m.o
                0x00000000080003b0                _port_irq_epilogue
 .text.SysTickVector
                0x0000000008000430       0x20 build/obj/chcore_v7m.o
                0x0000000008000430                SysTickVector
 .text._port_switch
                0x0000000008000450       0x10 build/obj/chcore_v7m.o
                0x0000000008000450                _port_switch
 .text.nvicEnableVector
                0x0000000008000460       0x50 build/obj/nvic.o
                0x0000000008000460                nvicEnableVector
 .text.chSysTimerHandlerI
                0x00000000080004b0       0x70 build/obj/chsys.o
                0x00000000080004b0                chSysTimerHandlerI
 .text.chSchReadyI
                0x0000000008000520       0x30 build/obj/chschd.o
                0x0000000008000520                chSchReadyI
 .text.chSchDoRescheduleBehind
                0x0000000008000550       0x50 build/obj/chschd.o
                0x0000000008000550                chSchDoRescheduleBehind
 .text.chSchDoRescheduleAhead
                0x00000000080005a0       0x40 build/obj/chschd.o
                0x00000000080005a0                chSchDoRescheduleAhead
 .text.chSchDoReschedule
                0x00000000080005e0       0x20 build/obj/chschd.o
                0x00000000080005e0                chSchDoReschedule
 .text.chMtxInit
                0x0000000008000600       0x10 build/obj/chmtx.o
                0x0000000008000600                chMtxInit
 .text.chEvtSignalI
                0x0000000008000610       0x30 build/obj/chevents.o
                0x0000000008000610                chEvtSignalI
 .text.chEvtBroadcastFlagsI
                0x0000000008000640       0x20 build/obj/chevents.o
                0x0000000008000640                chEvtBroadcastFlagsI
 .text.chIQPutI
                0x0000000008000660       0x50 build/obj/chqueues.o
                0x0000000008000660                chIQPutI
 .text.chOQGetI
                0x00000000080006b0       0x50 build/obj/chqueues.o
                0x00000000080006b0                chOQGetI
 .text.adcInit  0x0000000008000700       0x10 build/obj/adc.o
                0x0000000008000700                adcInit
 .text.adcObjectInit
                0x0000000008000710       0x20 build/obj/adc.o
                0x0000000008000710                adcObjectInit
 .text.adcStart
                0x0000000008000730       0x20 build/obj/adc.o
                0x0000000008000730                adcStart
 .text.adcStartConversion
                0x0000000008000750       0x20 build/obj/adc.o
                0x0000000008000750                adcStartConversion
 .text.sdIncomingDataI
                0x0000000008000770       0x40 build/obj/serial.o
                0x0000000008000770                sdIncomingDataI
 .text.Vector6C
                0x00000000080007b0       0x30 build/obj/stm32_dma.o
                0x00000000080007b0                Vector6C
 .text.Vector70
                0x00000000080007e0       0x30 build/obj/stm32_dma.o
                0x00000000080007e0                Vector70
 .text.Vector74
                0x0000000008000810       0x30 build/obj/stm32_dma.o
                0x0000000008000810                Vector74
 .text.Vector78
                0x0000000008000840       0x30 build/obj/stm32_dma.o
                0x0000000008000840                Vector78
 .text.Vector7C
                0x0000000008000870       0x30 build/obj/stm32_dma.o
                0x0000000008000870                Vector7C
 .text.Vector80
                0x00000000080008a0       0x30 build/obj/stm32_dma.o
                0x00000000080008a0                Vector80
 .text.Vector84
                0x00000000080008d0       0x30 build/obj/stm32_dma.o
                0x00000000080008d0                Vector84
 .text.VectorFC
                0x0000000008000900       0x30 build/obj/stm32_dma.o
                0x0000000008000900                VectorFC
 .text.Vector120
                0x0000000008000930       0x30 build/obj/stm32_dma.o
                0x0000000008000930                Vector120
 .text.Vector124
                0x0000000008000960       0x30 build/obj/stm32_dma.o
                0x0000000008000960                Vector124
 .text.Vector128
                0x0000000008000990       0x30 build/obj/stm32_dma.o
                0x0000000008000990                Vector128
 .text.Vector12C
                0x00000000080009c0       0x30 build/obj/stm32_dma.o
                0x00000000080009c0                Vector12C
 .text.Vector130
                0x00000000080009f0       0x30 build/obj/stm32_dma.o
                0x00000000080009f0                Vector130
 .text.Vector150
                0x0000000008000a20       0x30 build/obj/stm32_dma.o
                0x0000000008000a20                Vector150
 .text.Vector154
                0x0000000008000a50       0x30 build/obj/stm32_dma.o
                0x0000000008000a50                Vector154
 .text.Vector158
                0x0000000008000a80       0x30 build/obj/stm32_dma.o
                0x0000000008000a80                Vector158
 .text.dmaStreamAllocate
                0x0000000008000ab0       0xb0 build/obj/stm32_dma.o
                0x0000000008000ab0                dmaStreamAllocate
 .text.stm32_clock_init
                0x0000000008000b60      0x100 build/obj/hal_lld.o
                0x0000000008000b60                stm32_clock_init
 .text.adc_lld_init
                0x0000000008000c60       0x40 build/obj/adc_lld.o
                0x0000000008000c60                adc_lld_init
 .text.adc_lld_start
                0x0000000008000ca0       0x70 build/obj/adc_lld.o
                0x0000000008000ca0                adc_lld_start
 .text.adc_lld_start_conversion
                0x0000000008000d10       0x90 build/obj/adc_lld.o
                0x0000000008000d10                adc_lld_start_conversion
 .text.adc_lld_stop_conversion
                0x0000000008000da0       0x40 build/obj/adc_lld.o
                0x0000000008000da0                adc_lld_stop_conversion
 .text.Vector88
                0x0000000008000de0       0x80 build/obj/adc_lld.o
                0x0000000008000de0                Vector88
 .text.adc_lld_serve_rx_interrupt
                0x0000000008000e60       0xd0 build/obj/adc_lld.o
 .text._pal_lld_setgroupmode
                0x0000000008000f30       0xd0 build/obj/pal_lld.o
                0x0000000008000f30                _pal_lld_setgroupmode
 .text.VectorB8
                0x0000000008001000       0x80 build/obj/pwm_lld.o
                0x0000000008001000                VectorB8
 .text.VectorD8
                0x0000000008001080      0x120 build/obj/serial_lld.o
                0x0000000008001080                VectorD8
 .text.__early_init
                0x00000000080011a0       0x10 build/obj/board.o
                0x00000000080011a0                __early_init
 *(.rodata)
 *(.rodata.*)
 .rodata._stm32_dma_streams
                0x00000000080011b0       0xc0 build/obj/stm32_dma.o
                0x00000000080011b0                _stm32_dma_streams
 *(.glue_7t)
 .glue_7t       0x0000000000000000        0x0 linker stubs
 *(.glue_7)
 .glue_7        0x0000000000000000        0x0 linker stubs
 *(.gcc*)

.vfp11_veneer   0x0000000008001270        0x0
 .vfp11_veneer  0x0000000000000000        0x0 linker stubs

.v4_bx          0x0000000008001270        0x0
 .v4_bx         0x0000000000000000        0x0 linker stubs

.iplt           0x0000000008001270        0x0
 .iplt          0x0000000000000000        0x0 build/obj/crt0.o

.rel.dyn        0x0000000008001270        0x0
 .rel.iplt      0x0000000000000000        0x0 build/obj/crt0.o

.ARM.extab
 *(.ARM.extab* .gnu.linkonce.armextab.*)

.ARM.exidx      0x0000000008001270        0x0
                0x0000000008001270                PROVIDE (__exidx_start, .)
 *(.ARM.exidx* .gnu.linkonce.armexidx.*)
                0x0000000008001270                PROVIDE (__exidx_end, .)

.eh_frame_hdr
 *(.eh_frame_hdr)

.eh_frame
 *(.eh_frame)

.textalign      0x0000000008001270        0x0
                0x0000000008001270                . = ALIGN (0x8)
                0x0000000008001270                . = ALIGN (0x4)
                0x0000000008001270                _etext = .
                0x0000000008001270                _textdata = _etext

.stacks         0x0000000020000000      0x800
                0x0000000020000000                . = ALIGN (0x8)
                0x0000000020000000                __main_stack_base__ = .
                0x0000000020000400                . = (. + __main_stack_size__)
 *fill*         0x0000000020000000      0x400 
                0x0000000020000400                . = ALIGN (0x8)
                0x0000000020000400                __main_stack_end__ = .
                0x0000000020000400                __process_stack_base__ = .
                0x0000000020000400                __main_thread_stack_base__ = .
                0x0000000020000800                . = (. + __process_stack_size__)
 *fill*         0x0000000020000400      0x400 
                0x0000000020000800                . = ALIGN (0x8)
                0x0000000020000800                __process_stack_end__ = .
                0x0000000020000800                __main_thread_stack_end__ = .

.data           0x0000000020000800       0x28 load address 0x0000000008001270
                0x0000000020000800                . = ALIGN (0x4)
                0x0000000020000800                PROVIDE (_data, .)
 *(.data)
                0x0000000020000800                . = ALIGN (0x4)
 *(.data.*)
 .data.adccg    0x0000000020000800       0x28 build/obj/main.o
                0x0000000020000828                . = ALIGN (0x4)
 *(.ramtext)
                0x0000000020000828                . = ALIGN (0x4)
                0x0000000020000828                PROVIDE (_edata, .)

.igot.plt       0x0000000020000828        0x0 load address 0x0000000008001298
 .igot.plt      0x0000000000000000        0x0 build/obj/crt0.o

.bss            0x0000000020000828      0x17c load address 0x0000000008001298
                0x0000000020000828                . = ALIGN (0x4)
                0x0000000020000828                PROVIDE (_bss_start, .)
 *(.bss)
                0x0000000020000828                . = ALIGN (0x4)
 *(.bss.*)
 .bss.vtlist    0x0000000020000828       0x10 build/obj/chvt.o
                0x0000000020000828                vtlist
 .bss.rlist     0x0000000020000838       0x1c build/obj/chschd.o
                0x0000000020000838                rlist
 .bss.dma_isr_redir
                0x0000000020000854       0x80 build/obj/stm32_dma.o
 .bss.dma_streams_mask
                0x00000000200008d4        0x4 build/obj/stm32_dma.o
 .bss.ADCD1     0x00000000200008d8       0x34 build/obj/adc_lld.o
                0x00000000200008d8                ADCD1
 .bss.PWMD4     0x000000002000090c       0x14 build/obj/pwm_lld.o
                0x000000002000090c                PWMD4
 .bss.SD2       0x0000000020000920       0x78 build/obj/serial_lld.o
                0x0000000020000920                SD2
 .bss.adccfg    0x0000000020000998        0x4 build/obj/main.o
 .bss.samples_buf
                0x000000002000099c        0x8 build/obj/main.o
                0x00000000200009a4                . = ALIGN (0x4)
 *(COMMON)
                0x00000000200009a4                . = ALIGN (0x4)
                0x00000000200009a4                PROVIDE (_bss_end, .)
                0x00000000200009a4                PROVIDE (end, .)
                0x00000000200009a4                _end = .
                0x00000000200009a4                __heap_base__ = _end
                0x000000002001c000                __heap_end__ = __ram_end__
START GROUP
LOAD /usr/lib/gcc/arm-none-eabi/4.8.2/armv7e-m/libgcc.a
LOAD /usr/lib/gcc/arm-none-eabi/4.8.2/../../../arm-none-eabi/lib/armv7e-m/libg.a
LOAD /usr/lib/gcc/arm-none-eabi/4.8.2/../../../arm-none-eabi/lib/armv7e-m/libc.a
END GROUP
OUTPUT(build/ch.elf elf32-littlearm)

.debug_info     0x0000000000000000     0xaf89
 .debug_info    0x0000000000000000      0x2bf build/obj/crt0.o
 .debug_info    0x00000000000002bf      0x1cd build/obj/vectors.o
 .debug_info    0x000000000000048c      0x7f2 build/obj/chcore_v7m.o
 .debug_info    0x0000000000000c7e      0x406 build/obj/nvic.o
 .debug_info    0x0000000000001084      0x827 build/obj/chsys.o
 .debug_info    0x00000000000018ab      0x203 build/obj/chvt.o
 .debug_info    0x0000000000001aae      0x976 build/obj/chschd.o
 .debug_info    0x0000000000002424      0x9ce build/obj/chmtx.o
 .debug_info    0x0000000000002df2      0xd79 build/obj/chevents.o
 .debug_info    0x0000000000003b6b      0xbc3 build/obj/chqueues.o
 .debug_info    0x000000000000472e      0xdff build/obj/adc.o
 .debug_info    0x000000000000552d      0xfbe build/obj/serial.o
 .debug_info    0x00000000000064eb      0xaff build/obj/stm32_dma.o
 .debug_info    0x0000000000006fea      0x491 build/obj/hal_lld.o
 .debug_info    0x000000000000747b     0x109d build/obj/adc_lld.o
 .debug_info    0x0000000000008518      0x704 build/obj/pal_lld.o
 .debug_info    0x0000000000008c1c      0x7d1 build/obj/pwm_lld.o
 .debug_info    0x00000000000093ed      0xf2c build/obj/serial_lld.o
 .debug_info    0x000000000000a319      0x1f4 build/obj/board.o
 .debug_info    0x000000000000a50d      0xa7c build/obj/main.o

.debug_abbrev   0x0000000000000000     0x2985
 .debug_abbrev  0x0000000000000000       0xf4 build/obj/crt0.o
 .debug_abbrev  0x00000000000000f4       0xaf build/obj/vectors.o
 .debug_abbrev  0x00000000000001a3      0x1b9 build/obj/chcore_v7m.o
 .debug_abbrev  0x000000000000035c      0x10e build/obj/nvic.o
 .debug_abbrev  0x000000000000046a      0x20e build/obj/chsys.o
 .debug_abbrev  0x0000000000000678      0x117 build/obj/chvt.o
 .debug_abbrev  0x000000000000078f      0x30a build/obj/chschd.o
 .debug_abbrev  0x0000000000000a99      0x2fa build/obj/chmtx.o
 .debug_abbrev  0x0000000000000d93      0x2f8 build/obj/chevents.o
 .debug_abbrev  0x000000000000108b      0x31d build/obj/chqueues.o
 .debug_abbrev  0x00000000000013a8      0x304 build/obj/adc.o
 .debug_abbrev  0x00000000000016ac      0x2b9 build/obj/serial.o
 .debug_abbrev  0x0000000000001965      0x211 build/obj/stm32_dma.o
 .debug_abbrev  0x0000000000001b76      0x12b build/obj/hal_lld.o
 .debug_abbrev  0x0000000000001ca1      0x309 build/obj/adc_lld.o
 .debug_abbrev  0x0000000000001faa      0x1aa build/obj/pal_lld.o
 .debug_abbrev  0x0000000000002154      0x22f build/obj/pwm_lld.o
 .debug_abbrev  0x0000000000002383      0x31f build/obj/serial_lld.o
 .debug_abbrev  0x00000000000026a2       0xe3 build/obj/board.o
 .debug_abbrev  0x0000000000002785      0x200 build/obj/main.o

.debug_loc      0x0000000000000000     0x27c6
 .debug_loc     0x0000000000000000       0xe2 build/obj/crt0.o
 .debug_loc     0x00000000000000e2       0x5a build/obj/chcore_v7m.o
 .debug_loc     0x000000000000013c      0x159 build/obj/nvic.o
 .debug_loc     0x0000000000000295       0x31 build/obj/chsys.o
 .debug_loc     0x00000000000002c6       0x6a build/obj/chvt.o
 .debug_loc     0x0000000000000330      0x2e2 build/obj/chschd.o
 .debug_loc     0x0000000000000612      0x376 build/obj/chmtx.o
 .debug_loc     0x0000000000000988      0x4b8 build/obj/chevents.o
 .debug_loc     0x0000000000000e40      0x6b0 build/obj/chqueues.o
 .debug_loc     0x00000000000014f0      0x39b build/obj/adc.o
 .debug_loc     0x000000000000188b      0x4c8 build/obj/serial.o
 .debug_loc     0x0000000000001d53      0x251 build/obj/stm32_dma.o
 .debug_loc     0x0000000000001fa4      0x269 build/obj/adc_lld.o
 .debug_loc     0x000000000000220d      0x19c build/obj/pal_lld.o
 .debug_loc     0x00000000000023a9      0x206 build/obj/pwm_lld.o
 .debug_loc     0x00000000000025af      0x1d5 build/obj/serial_lld.o
 .debug_loc     0x0000000000002784       0x42 build/obj/main.o

.debug_aranges  0x0000000000000000      0x640
 .debug_aranges
                0x0000000000000000       0x38 build/obj/crt0.o
 .debug_aranges
                0x0000000000000038       0x20 build/obj/vectors.o
 .debug_aranges
                0x0000000000000058       0x50 build/obj/chcore_v7m.o
 .debug_aranges
                0x00000000000000a8       0x30 build/obj/nvic.o
 .debug_aranges
                0x00000000000000d8       0x30 build/obj/chsys.o
 .debug_aranges
                0x0000000000000108       0x30 build/obj/chvt.o
 .debug_aranges
                0x0000000000000138       0x68 build/obj/chschd.o
 .debug_aranges
                0x00000000000001a0       0x58 build/obj/chmtx.o
 .debug_aranges
                0x00000000000001f8       0xa0 build/obj/chevents.o
 .debug_aranges
                0x0000000000000298       0x70 build/obj/chqueues.o
 .debug_aranges
                0x0000000000000308       0x70 build/obj/adc.o
 .debug_aranges
                0x0000000000000378       0x88 build/obj/serial.o
 .debug_aranges
                0x0000000000000400       0xb0 build/obj/stm32_dma.o
 .debug_aranges
                0x00000000000004b0       0x28 build/obj/hal_lld.o
 .debug_aranges
                0x00000000000004d8       0x70 build/obj/adc_lld.o
 .debug_aranges
                0x0000000000000548       0x28 build/obj/pal_lld.o
 .debug_aranges
                0x0000000000000570       0x48 build/obj/pwm_lld.o
 .debug_aranges
                0x00000000000005b8       0x40 build/obj/serial_lld.o
 .debug_aranges
                0x00000000000005f8       0x28 build/obj/board.o
 .debug_aranges
                0x0000000000000620       0x20 build/obj/main.o

.debug_ranges   0x0000000000000000      0xaf8
 .debug_ranges  0x0000000000000000       0x28 build/obj/crt0.o
 .debug_ranges  0x0000000000000028       0x10 build/obj/vectors.o
 .debug_ranges  0x0000000000000038       0x58 build/obj/chcore_v7m.o
 .debug_ranges  0x0000000000000090       0x20 build/obj/nvic.o
 .debug_ranges  0x00000000000000b0       0x38 build/obj/chsys.o
 .debug_ranges  0x00000000000000e8       0x20 build/obj/chvt.o
 .debug_ranges  0x0000000000000108      0x150 build/obj/chschd.o
 .debug_ranges  0x0000000000000258      0x170 build/obj/chmtx.o
 .debug_ranges  0x00000000000003c8      0x120 build/obj/chevents.o
 .debug_ranges  0x00000000000004e8       0xb8 build/obj/chqueues.o
 .debug_ranges  0x00000000000005a0       0xf0 build/obj/adc.o
 .debug_ranges  0x0000000000000690       0xa8 build/obj/serial.o
 .debug_ranges  0x0000000000000738       0xa0 build/obj/stm32_dma.o
 .debug_ranges  0x00000000000007d8       0x38 build/obj/hal_lld.o
 .debug_ranges  0x0000000000000810       0x78 build/obj/adc_lld.o
 .debug_ranges  0x0000000000000888      0x168 build/obj/pal_lld.o
 .debug_ranges  0x00000000000009f0       0x50 build/obj/pwm_lld.o
 .debug_ranges  0x0000000000000a40       0x90 build/obj/serial_lld.o
 .debug_ranges  0x0000000000000ad0       0x18 build/obj/board.o
 .debug_ranges  0x0000000000000ae8       0x10 build/obj/main.o

.debug_line     0x0000000000000000     0x2e3a
 .debug_line    0x0000000000000000      0x104 build/obj/crt0.o
 .debug_line    0x0000000000000104       0xae build/obj/vectors.o
 .debug_line    0x00000000000001b2      0x1de build/obj/chcore_v7m.o
 .debug_line    0x0000000000000390       0xe9 build/obj/nvic.o
 .debug_line    0x0000000000000479      0x1cb build/obj/chsys.o
 .debug_line    0x0000000000000644      0x121 build/obj/chvt.o
 .debug_line    0x0000000000000765      0x327 build/obj/chschd.o
 .debug_line    0x0000000000000a8c      0x316 build/obj/chmtx.o
 .debug_line    0x0000000000000da2      0x2fa build/obj/chevents.o
 .debug_line    0x000000000000109c      0x35c build/obj/chqueues.o
 .debug_line    0x00000000000013f8      0x311 build/obj/adc.o
 .debug_line    0x0000000000001709      0x32e build/obj/serial.o
 .debug_line    0x0000000000001a37      0x3b5 build/obj/stm32_dma.o
 .debug_line    0x0000000000001dec      0x1c5 build/obj/hal_lld.o
 .debug_line    0x0000000000001fb1      0x3c6 build/obj/adc_lld.o
 .debug_line    0x0000000000002377      0x1c7 build/obj/pal_lld.o
 .debug_line    0x000000000000253e      0x294 build/obj/pwm_lld.o
 .debug_line    0x00000000000027d2      0x30a build/obj/serial_lld.o
 .debug_line    0x0000000000002adc      0x152 build/obj/board.o
 .debug_line    0x0000000000002c2e      0x20c build/obj/main.o

.debug_str      0x0000000000000000     0x1f75
 .debug_str     0x0000000000000000      0x28e build/obj/crt0.o
                                        0x2d3 (size before relaxing)
 .debug_str     0x000000000000028e      0x145 build/obj/vectors.o
                                        0x2f4 (size before relaxing)
 .debug_str     0x00000000000003d3      0x2f3 build/obj/chcore_v7m.o
                                        0x4b0 (size before relaxing)
 .debug_str     0x00000000000006c6       0x9e build/obj/nvic.o
                                        0x2c6 (size before relaxing)
 .debug_str     0x0000000000000764      0x209 build/obj/chsys.o
                                        0x59e (size before relaxing)
 .debug_str     0x000000000000096d       0x36 build/obj/chvt.o
                                        0x247 (size before relaxing)
 .debug_str     0x00000000000009a3       0xd5 build/obj/chschd.o
                                        0x4bd (size before relaxing)
 .debug_str     0x0000000000000a78       0x99 build/obj/chmtx.o
                                        0x442 (size before relaxing)
 .debug_str     0x0000000000000b11      0x1b9 build/obj/chevents.o
                                        0x566 (size before relaxing)
 .debug_str     0x0000000000000cca      0x126 build/obj/chqueues.o
                                        0x4cd (size before relaxing)
 .debug_str     0x0000000000000df0      0x316 build/obj/adc.o
                                        0x6f7 (size before relaxing)
 .debug_str     0x0000000000001106      0x17e build/obj/serial.o
                                        0x645 (size before relaxing)
 .debug_str     0x0000000000001284      0x740 build/obj/stm32_dma.o
                                        0xa12 (size before relaxing)
 .debug_str     0x00000000000019c4      0x10a build/obj/hal_lld.o
                                        0x3f0 (size before relaxing)
 .debug_str     0x0000000000001ace       0xce build/obj/adc_lld.o
                                        0xd2d (size before relaxing)
 .debug_str     0x0000000000001b9c      0x158 build/obj/pal_lld.o
                                        0x44e (size before relaxing)
 .debug_str     0x0000000000001cf4      0x1ab build/obj/pwm_lld.o
                                        0x4fb (size before relaxing)
 .debug_str     0x0000000000001e9f       0x65 build/obj/serial_lld.o
                                        0x6eb (size before relaxing)
 .debug_str     0x0000000000001f04       0x47 build/obj/board.o
                                        0x2a8 (size before relaxing)
 .debug_str     0x0000000000001f4b       0x2a build/obj/main.o
                                        0x634 (size before relaxing)

.comment        0x0000000000000000       0x1f
 .comment       0x0000000000000000       0x1f build/obj/crt0.o
                                         0x20 (size before relaxing)
 .comment       0x0000000000000000       0x20 build/obj/vectors.o
 .comment       0x0000000000000000       0x20 build/obj/chcore_v7m.o
 .comment       0x0000000000000000       0x20 build/obj/nvic.o
 .comment       0x0000000000000000       0x20 build/obj/chsys.o
 .comment       0x0000000000000000       0x20 build/obj/chvt.o
 .comment       0x0000000000000000       0x20 build/obj/chschd.o
 .comment       0x0000000000000000       0x20 build/obj/chmtx.o
 .comment       0x0000000000000000       0x20 build/obj/chevents.o
 .comment       0x0000000000000000       0x20 build/obj/chqueues.o
 .comment       0x0000000000000000       0x20 build/obj/adc.o
 .comment       0x0000000000000000       0x20 build/obj/serial.o
 .comment       0x0000000000000000       0x20 build/obj/stm32_dma.o
 .comment       0x0000000000000000       0x20 build/obj/hal_lld.o
 .comment       0x0000000000000000       0x20 build/obj/adc_lld.o
 .comment       0x0000000000000000       0x20 build/obj/pal_lld.o
 .comment       0x0000000000000000       0x20 build/obj/pwm_lld.o
 .comment       0x0000000000000000       0x20 build/obj/serial_lld.o
 .comment       0x0000000000000000       0x20 build/obj/board.o
 .comment       0x0000000000000000       0x20 build/obj/main.o

.ARM.attributes
                0x0000000000000000       0x33
 .ARM.attributes
                0x0000000000000000       0x33 build/obj/crt0.o
 .ARM.attributes
                0x0000000000000033       0x33 build/obj/vectors.o
 .ARM.attributes
                0x0000000000000066       0x33 build/obj/chcore_v7m.o
 .ARM.attributes
                0x0000000000000099       0x33 build/obj/nvic.o
 .ARM.attributes
                0x00000000000000cc       0x33 build/obj/chsys.o
 .ARM.attributes
                0x00000000000000ff       0x33 build/obj/chvt.o
 .ARM.attributes
                0x0000000000000132       0x33 build/obj/chschd.o
 .ARM.attributes
                0x0000000000000165       0x33 build/obj/chmtx.o
 .ARM.attributes
                0x0000000000000198       0x33 build/obj/chevents.o
 .ARM.attributes
                0x00000000000001cb       0x33 build/obj/chqueues.o
 .ARM.attributes
                0x00000000000001fe       0x33 build/obj/adc.o
 .ARM.attributes
                0x0000000000000231       0x33 build/obj/serial.o
 .ARM.attributes
                0x0000000000000264       0x33 build/obj/stm32_dma.o
 .ARM.attributes
                0x0000000000000297       0x33 build/obj/hal_lld.o
 .ARM.attributes
                0x00000000000002ca       0x33 build/obj/adc_lld.o
 .ARM.attributes
                0x00000000000002fd       0x33 build/obj/pal_lld.o
 .ARM.attributes
                0x0000000000000330       0x33 build/obj/pwm_lld.o
 .ARM.attributes
                0x0000000000000363       0x33 build/obj/serial_lld.o
 .ARM.attributes
                0x0000000000000396       0x33 build/obj/board.o
 .ARM.attributes
                0x00000000000003c9       0x33 build/obj/main.o

.debug_frame    0x0000000000000000      0xf34
 .debug_frame   0x0000000000000000       0x50 build/obj/crt0.o
 .debug_frame   0x0000000000000050       0x20 build/obj/vectors.o
 .debug_frame   0x0000000000000070       0x98 build/obj/chcore_v7m.o
 .debug_frame   0x0000000000000108       0x64 build/obj/nvic.o
 .debug_frame   0x000000000000016c       0x5c build/obj/chsys.o
 .debug_frame   0x00000000000001c8       0x4c build/obj/chvt.o
 .debug_frame   0x0000000000000214      0x108 build/obj/chschd.o
 .debug_frame   0x000000000000031c       0xe4 build/obj/chmtx.o
 .debug_frame   0x0000000000000400      0x1e0 build/obj/chevents.o
 .debug_frame   0x00000000000005e0      0x180 build/obj/chqueues.o
 .debug_frame   0x0000000000000760      0x118 build/obj/adc.o
 .debug_frame   0x0000000000000878      0x13c build/obj/serial.o
 .debug_frame   0x00000000000009b4      0x230 build/obj/stm32_dma.o
 .debug_frame   0x0000000000000be4       0x40 build/obj/hal_lld.o
 .debug_frame   0x0000000000000c24      0x124 build/obj/adc_lld.o
 .debug_frame   0x0000000000000d48       0x4c build/obj/pal_lld.o
 .debug_frame   0x0000000000000d94       0xb0 build/obj/pwm_lld.o
 .debug_frame   0x0000000000000e44       0x94 build/obj/serial_lld.o
 .debug_frame   0x0000000000000ed8       0x30 build/obj/board.o
 .debug_frame   0x0000000000000f08       0x2c build/obj/main.o

Cross Reference Table

Symbol                                            File
ADCD1                                             build/obj/adc_lld.o
                                                  build/obj/main.o
BusFaultVector                                    build/obj/vectors.o
DebugMonitorVector                                build/obj/vectors.o
HardFaultVector                                   build/obj/vectors.o
MemManageVector                                   build/obj/vectors.o
NMIVector                                         build/obj/vectors.o
PWMD4                                             build/obj/pwm_lld.o
PendSVVector                                      build/obj/vectors.o
ResetHandler                                      build/obj/crt0.o
                                                  build/obj/vectors.o
SD2                                               build/obj/serial_lld.o
SPID2                                             build/obj/spi_lld.o
SVCallVector                                      build/obj/chcore_v7m.o
                                                  build/obj/vectors.o
SysTickVector                                     build/obj/chcore_v7m.o
                                                  build/obj/vectors.o
TestThread                                        build/obj/test.o
UsageFaultVector                                  build/obj/vectors.o
Vector100                                         build/obj/vectors.o
Vector104                                         build/obj/vectors.o
Vector108                                         build/obj/vectors.o
Vector10C                                         build/obj/vectors.o
Vector110                                         build/obj/vectors.o
Vector114                                         build/obj/vectors.o
Vector118                                         build/obj/vectors.o
Vector11C                                         build/obj/vectors.o
Vector120                                         build/obj/stm32_dma.o
                                                  build/obj/vectors.o
Vector124                                         build/obj/stm32_dma.o
                                                  build/obj/vectors.o
Vector128                                         build/obj/stm32_dma.o
                                                  build/obj/vectors.o
Vector12C                                         build/obj/stm32_dma.o
                                                  build/obj/vectors.o
Vector130                                         build/obj/stm32_dma.o
                                                  build/obj/vectors.o
Vector134                                         build/obj/vectors.o
Vector138                                         build/obj/vectors.o
Vector13C                                         build/obj/vectors.o
Vector140                                         build/obj/vectors.o
Vector144                                         build/obj/vectors.o
Vector148                                         build/obj/vectors.o
Vector14C                                         build/obj/vectors.o
Vector150                                         build/obj/stm32_dma.o
                                                  build/obj/vectors.o
Vector154                                         build/obj/stm32_dma.o
                                                  build/obj/vectors.o
Vector158                                         build/obj/stm32_dma.o
                                                  build/obj/vectors.o
Vector15C                                         build/obj/vectors.o
Vector160                                         build/obj/vectors.o
Vector164                                         build/obj/vectors.o
Vector168                                         build/obj/vectors.o
Vector16C                                         build/obj/vectors.o
Vector170                                         build/obj/vectors.o
Vector174                                         build/obj/vectors.o
Vector178                                         build/obj/vectors.o
Vector17C                                         build/obj/vectors.o
Vector180                                         build/obj/vectors.o
Vector184                                         build/obj/vectors.o
Vector188                                         build/obj/vectors.o
Vector18C                                         build/obj/vectors.o
Vector190                                         build/obj/vectors.o
Vector194                                         build/obj/vectors.o
Vector198                                         build/obj/vectors.o
Vector19C                                         build/obj/vectors.o
Vector1A0                                         build/obj/vectors.o
Vector1A4                                         build/obj/vectors.o
Vector1A8                                         build/obj/vectors.o
Vector1C                                          build/obj/vectors.o
Vector20                                          build/obj/vectors.o
Vector24                                          build/obj/vectors.o
Vector28                                          build/obj/vectors.o
Vector34                                          build/obj/vectors.o
Vector40                                          build/obj/vectors.o
Vector44                                          build/obj/vectors.o
Vector48                                          build/obj/vectors.o
Vector4C                                          build/obj/vectors.o
Vector50                                          build/obj/vectors.o
Vector54                                          build/obj/vectors.o
Vector58                                          build/obj/vectors.o
Vector5C                                          build/obj/vectors.o
Vector60                                          build/obj/vectors.o
Vector64                                          build/obj/vectors.o
Vector68                                          build/obj/vectors.o
Vector6C                                          build/obj/stm32_dma.o
                                                  build/obj/vectors.o
Vector70                                          build/obj/stm32_dma.o
                                                  build/obj/vectors.o
Vector74                                          build/obj/stm32_dma.o
                                                  build/obj/vectors.o
Vector78                                          build/obj/stm32_dma.o
                                                  build/obj/vectors.o
Vector7C                                          build/obj/stm32_dma.o
                                                  build/obj/vectors.o
Vector80                                          build/obj/stm32_dma.o
                                                  build/obj/vectors.o
Vector84                                          build/obj/stm32_dma.o
                                                  build/obj/vectors.o
Vector88                                          build/obj/adc_lld.o
                                                  build/obj/vectors.o
Vector8C                                          build/obj/vectors.o
Vector90                                          build/obj/vectors.o
Vector94                                          build/obj/vectors.o
Vector98                                          build/obj/vectors.o
Vector9C                                          build/obj/vectors.o
VectorA0                                          build/obj/vectors.o
VectorA4                                          build/obj/vectors.o
VectorA8                                          build/obj/vectors.o
VectorAC                                          build/obj/vectors.o
VectorB0                                          build/obj/vectors.o
VectorB4                                          build/obj/vectors.o
VectorB8                                          build/obj/pwm_lld.o
                                                  build/obj/vectors.o
VectorBC                                          build/obj/vectors.o
VectorC0                                          build/obj/vectors.o
VectorC4                                          build/obj/vectors.o
VectorC8                                          build/obj/vectors.o
VectorCC                                          build/obj/vectors.o
VectorD0                                          build/obj/vectors.o
VectorD4                                          build/obj/vectors.o
VectorD8                                          build/obj/serial_lld.o
                                                  build/obj/vectors.o
VectorDC                                          build/obj/vectors.o
VectorE0                                          build/obj/vectors.o
VectorE4                                          build/obj/vectors.o
VectorE8                                          build/obj/vectors.o
VectorEC                                          build/obj/vectors.o
VectorF0                                          build/obj/vectors.o
VectorF4                                          build/obj/vectors.o
VectorF8                                          build/obj/vectors.o
VectorFC                                          build/obj/stm32_dma.o
                                                  build/obj/vectors.o
__early_init                                      build/obj/board.o
                                                  build/obj/crt0.o
__fini_array_end                                  build/obj/crt0.o
__fini_array_start                                build/obj/crt0.o
__heap_base__                                     build/obj/chmemcore.o
__heap_end__                                      build/obj/chmemcore.o
__init_array_end                                  build/obj/crt0.o
__init_array_start                                build/obj/crt0.o
__late_init                                       build/obj/crt0.o
__main_stack_base__                               build/obj/crt0.o
__main_stack_end__                                build/obj/vectors.o
                                                  build/obj/crt0.o
__process_stack_base__                            build/obj/crt0.o
__process_stack_end__                             build/obj/crt0.o
_bss_end                                          build/obj/crt0.o
_bss_start                                        build/obj/crt0.o
_core_init                                        build/obj/chmemcore.o
                                                  build/obj/chsys.o
_data                                             build/obj/crt0.o
_default_exit                                     build/obj/crt0.o
_edata                                            build/obj/crt0.o
_heap_init                                        build/obj/chheap.o
                                                  build/obj/chsys.o
_idle_thread                                      build/obj/chsys.o
_idle_thread_wa                                   build/obj/chsys.o
_pal_lld_init                                     build/obj/pal_lld.o
                                                  build/obj/hal.o
_pal_lld_setgroupmode                             build/obj/pal_lld.o
                                                  build/obj/main.o
                                                  build/obj/pal.o
_port_init                                        build/obj/chcore_v7m.o
                                                  build/obj/chsys.o
_port_irq_epilogue                                build/obj/chcore_v7m.o
                                                  build/obj/serial_lld.o
                                                  build/obj/pwm_lld.o
                                                  build/obj/adc_lld.o
                                                  build/obj/stm32_dma.o
_port_switch                                      build/obj/chcore_v7m.o
                                                  build/obj/chschd.o
_port_switch_from_isr                             build/obj/chcore_v7m.o
_port_thread_start                                build/obj/chcore_v7m.o
                                                  build/obj/chthreads.o
_scheduler_init                                   build/obj/chschd.o
                                                  build/obj/chsys.o
_stm32_dma_streams                                build/obj/stm32_dma.o
                                                  build/obj/spi_lld.o
                                                  build/obj/adc_lld.o
_test_assert                                      build/obj/test.o
                                                  build/obj/testqueues.o
                                                  build/obj/testdyn.o
                                                  build/obj/testpools.o
                                                  build/obj/testheap.o
                                                  build/obj/testevt.o
                                                  build/obj/testmbox.o
                                                  build/obj/testmtx.o
                                                  build/obj/testsem.o
                                                  build/obj/testthd.o
_test_assert_sequence                             build/obj/test.o
                                                  build/obj/testqueues.o
                                                  build/obj/testdyn.o
                                                  build/obj/testevt.o
                                                  build/obj/testmbox.o
                                                  build/obj/testmsg.o
                                                  build/obj/testmtx.o
                                                  build/obj/testsem.o
                                                  build/obj/testthd.o
_test_assert_time_window                          build/obj/test.o
                                                  build/obj/testevt.o
                                                  build/obj/testmtx.o
                                                  build/obj/testsem.o
                                                  build/obj/testthd.o
_test_fail                                        build/obj/test.o
_textdata                                         build/obj/crt0.o
_thread_init                                      build/obj/chthreads.o
                                                  build/obj/chsys.o
_unhandled_exception                              build/obj/vectors.o
_vectors                                          build/obj/vectors.o
_vt_init                                          build/obj/chvt.o
                                                  build/obj/chsys.o
adcAcquireBus                                     build/obj/adc.o
adcConvert                                        build/obj/adc.o
adcInit                                           build/obj/adc.o
                                                  build/obj/main.o
                                                  build/obj/hal.o
adcObjectInit                                     build/obj/adc.o
                                                  build/obj/adc_lld.o
adcReleaseBus                                     build/obj/adc.o
adcSTM32DisableTSVREFE                            build/obj/adc_lld.o
adcSTM32DisableVBATE                              build/obj/adc_lld.o
adcSTM32EnableTSVREFE                             build/obj/adc_lld.o
adcSTM32EnableVBATE                               build/obj/adc_lld.o
adcStart                                          build/obj/adc.o
                                                  build/obj/main.o
adcStartConversion                                build/obj/adc.o
                                                  build/obj/main.o
adcStartConversionI                               build/obj/adc.o
adcStop                                           build/obj/adc.o
adcStopConversion                                 build/obj/adc.o
adcStopConversionI                                build/obj/adc.o
adc_lld_init                                      build/obj/adc_lld.o
                                                  build/obj/adc.o
adc_lld_start                                     build/obj/adc_lld.o
                                                  build/obj/adc.o
adc_lld_start_conversion                          build/obj/adc_lld.o
                                                  build/obj/adc.o
adc_lld_stop                                      build/obj/adc_lld.o
                                                  build/obj/adc.o
adc_lld_stop_conversion                           build/obj/adc_lld.o
                                                  build/obj/adc.o
boardInit                                         build/obj/board.o
                                                  build/obj/hal.o
chCondBroadcast                                   build/obj/chcond.o
                                                  build/obj/testmtx.o
chCondBroadcastI                                  build/obj/chcond.o
chCondInit                                        build/obj/chcond.o
                                                  build/obj/testmtx.o
chCondSignal                                      build/obj/chcond.o
                                                  build/obj/testmtx.o
chCondSignalI                                     build/obj/chcond.o
                                                  build/obj/testmtx.o
chCondWait                                        build/obj/chcond.o
                                                  build/obj/testmtx.o
chCondWaitS                                       build/obj/chcond.o
chCondWaitTimeout                                 build/obj/chcond.o
                                                  build/obj/testmtx.o
chCondWaitTimeoutS                                build/obj/chcond.o
chCoreAlloc                                       build/obj/chmemcore.o
                                                  build/obj/chheap.o
chCoreAllocI                                      build/obj/chmemcore.o
chCoreStatus                                      build/obj/chmemcore.o
                                                  build/obj/testheap.o
chEvtAddEvents                                    build/obj/chevents.o
                                                  build/obj/testevt.o
chEvtBroadcastFlags                               build/obj/chevents.o
                                                  build/obj/testevt.o
chEvtBroadcastFlagsI                              build/obj/chevents.o
                                                  build/obj/serial_lld.o
                                                  build/obj/serial.o
chEvtDispatch                                     build/obj/chevents.o
                                                  build/obj/testevt.o
chEvtGetAndClearEvents                            build/obj/chevents.o
                                                  build/obj/testevt.o
chEvtGetAndClearFlags                             build/obj/chevents.o
chEvtGetAndClearFlagsI                            build/obj/chevents.o
chEvtRegisterMask                                 build/obj/chevents.o
                                                  build/obj/testevt.o
chEvtSignal                                       build/obj/chevents.o
                                                  build/obj/testevt.o
chEvtSignalI                                      build/obj/chevents.o
chEvtUnregister                                   build/obj/chevents.o
                                                  build/obj/testevt.o
chEvtWaitAll                                      build/obj/chevents.o
                                                  build/obj/testevt.o
chEvtWaitAllTimeout                               build/obj/chevents.o
                                                  build/obj/testevt.o
chEvtWaitAny                                      build/obj/chevents.o
                                                  build/obj/testevt.o
chEvtWaitAnyTimeout                               build/obj/chevents.o
                                                  build/obj/testevt.o
chEvtWaitOne                                      build/obj/chevents.o
                                                  build/obj/testevt.o
chEvtWaitOneTimeout                               build/obj/chevents.o
                                                  build/obj/testevt.o
chHeapAlloc                                       build/obj/chheap.o
                                                  build/obj/testdyn.o
                                                  build/obj/testheap.o
                                                  build/obj/chdynamic.o
chHeapFree                                        build/obj/chheap.o
                                                  build/obj/testdyn.o
                                                  build/obj/testheap.o
                                                  build/obj/chdynamic.o
chHeapInit                                        build/obj/chheap.o
                                                  build/obj/testdyn.o
                                                  build/obj/testheap.o
chHeapStatus                                      build/obj/chheap.o
                                                  build/obj/testdyn.o
                                                  build/obj/testheap.o
chIQGetTimeout                                    build/obj/chqueues.o
                                                  build/obj/serial.o
                                                  build/obj/testbmk.o
                                                  build/obj/testqueues.o
chIQInit                                          build/obj/chqueues.o
                                                  build/obj/serial.o
                                                  build/obj/testbmk.o
                                                  build/obj/testqueues.o
chIQPutI                                          build/obj/chqueues.o
                                                  build/obj/serial.o
                                                  build/obj/testbmk.o
                                                  build/obj/testqueues.o
chIQReadTimeout                                   build/obj/chqueues.o
                                                  build/obj/serial.o
                                                  build/obj/testqueues.o
chIQResetI                                        build/obj/chqueues.o
                                                  build/obj/serial.o
                                                  build/obj/testqueues.o
chMBFetch                                         build/obj/chmboxes.o
                                                  build/obj/testmbox.o
chMBFetchI                                        build/obj/chmboxes.o
                                                  build/obj/testmbox.o
chMBFetchS                                        build/obj/chmboxes.o
chMBInit                                          build/obj/chmboxes.o
                                                  build/obj/testmbox.o
chMBPost                                          build/obj/chmboxes.o
                                                  build/obj/testmbox.o
chMBPostAhead                                     build/obj/chmboxes.o
                                                  build/obj/testmbox.o
chMBPostAheadI                                    build/obj/chmboxes.o
                                                  build/obj/testmbox.o
chMBPostAheadS                                    build/obj/chmboxes.o
chMBPostI                                         build/obj/chmboxes.o
                                                  build/obj/testmbox.o
chMBPostS                                         build/obj/chmboxes.o
chMBReset                                         build/obj/chmboxes.o
                                                  build/obj/testmbox.o
chMsgRelease                                      build/obj/chmsg.o
                                                  build/obj/testbmk.o
                                                  build/obj/testmsg.o
chMsgSend                                         build/obj/chmsg.o
                                                  build/obj/testbmk.o
                                                  build/obj/testmsg.o
chMsgWait                                         build/obj/chmsg.o
                                                  build/obj/testbmk.o
                                                  build/obj/testmsg.o
chMtxInit                                         build/obj/chmtx.o
                                                  build/obj/spi.o
                                                  build/obj/adc.o
                                                  build/obj/testbmk.o
                                                  build/obj/testmtx.o
                                                  build/obj/chheap.o
chMtxLock                                         build/obj/chmtx.o
                                                  build/obj/spi.o
                                                  build/obj/adc.o
                                                  build/obj/testbmk.o
                                                  build/obj/testmtx.o
                                                  build/obj/chheap.o
chMtxLockS                                        build/obj/chmtx.o
                                                  build/obj/chcond.o
chMtxTryLock                                      build/obj/chmtx.o
                                                  build/obj/testmtx.o
chMtxTryLockS                                     build/obj/chmtx.o
chMtxUnlock                                       build/obj/chmtx.o
                                                  build/obj/spi.o
                                                  build/obj/adc.o
                                                  build/obj/testbmk.o
                                                  build/obj/testmtx.o
                                                  build/obj/chheap.o
chMtxUnlockAll                                    build/obj/chmtx.o
                                                  build/obj/testmtx.o
chMtxUnlockS                                      build/obj/chmtx.o
                                                  build/obj/testmtx.o
                                                  build/obj/chcond.o
chOQGetI                                          build/obj/chqueues.o
                                                  build/obj/serial_lld.o
                                                  build/obj/serial.o
                                                  build/obj/testqueues.o
chOQInit                                          build/obj/chqueues.o
                                                  build/obj/serial.o
                                                  build/obj/testqueues.o
chOQPutTimeout                                    build/obj/chqueues.o
                                                  build/obj/serial.o
                                                  build/obj/testqueues.o
chOQResetI                                        build/obj/chqueues.o
                                                  build/obj/serial.o
                                                  build/obj/testqueues.o
chOQWriteTimeout                                  build/obj/chqueues.o
                                                  build/obj/serial.o
                                                  build/obj/testqueues.o
chPoolAlloc                                       build/obj/chmempools.o
                                                  build/obj/testdyn.o
                                                  build/obj/testpools.o
                                                  build/obj/chdynamic.o
chPoolAllocI                                      build/obj/chmempools.o
chPoolFree                                        build/obj/chmempools.o
                                                  build/obj/testdyn.o
                                                  build/obj/testpools.o
                                                  build/obj/chdynamic.o
chPoolFreeI                                       build/obj/chmempools.o
chPoolInit                                        build/obj/chmempools.o
                                                  build/obj/testdyn.o
                                                  build/obj/testpools.o
chPoolLoadArray                                   build/obj/chmempools.o
                                                  build/obj/testpools.o
chRegFirstThread                                  build/obj/chregistry.o
                                                  build/obj/testdyn.o
chRegNextThread                                   build/obj/chregistry.o
                                                  build/obj/testdyn.o
chSchDoReschedule                                 build/obj/chschd.o
                                                  build/obj/chcore_v7m.o
chSchDoRescheduleAhead                            build/obj/chschd.o
chSchDoRescheduleBehind                           build/obj/chschd.o
                                                  build/obj/chthreads.o
chSchGoSleepS                                     build/obj/chschd.o
                                                  build/obj/spi.o
                                                  build/obj/adc.o
                                                  build/obj/testbmk.o
                                                  build/obj/chmsg.o
                                                  build/obj/chevents.o
                                                  build/obj/chcond.o
                                                  build/obj/chmtx.o
                                                  build/obj/chsem.o
                                                  build/obj/chthreads.o
chSchGoSleepTimeoutS                              build/obj/chschd.o
                                                  build/obj/chqueues.o
                                                  build/obj/chevents.o
                                                  build/obj/chcond.o
                                                  build/obj/chsem.o
                                                  build/obj/chthreads.o
chSchReadyI                                       build/obj/chschd.o
                                                  build/obj/spi_lld.o
                                                  build/obj/adc_lld.o
                                                  build/obj/adc.o
                                                  build/obj/chqueues.o
                                                  build/obj/chmsg.o
                                                  build/obj/chevents.o
                                                  build/obj/chcond.o
                                                  build/obj/chmtx.o
                                                  build/obj/chsem.o
                                                  build/obj/chthreads.o
chSchRescheduleS                                  build/obj/chschd.o
                                                  build/obj/serial.o
                                                  build/obj/testmtx.o
                                                  build/obj/testsem.o
                                                  build/obj/chmboxes.o
                                                  build/obj/chevents.o
                                                  build/obj/chcond.o
                                                  build/obj/chmtx.o
                                                  build/obj/chsem.o
                                                  build/obj/chthreads.o
chSchWakeupS                                      build/obj/chschd.o
                                                  build/obj/adc.o
                                                  build/obj/testbmk.o
                                                  build/obj/chmsg.o
                                                  build/obj/chcond.o
                                                  build/obj/chmtx.o
                                                  build/obj/chsem.o
                                                  build/obj/chdynamic.o
                                                  build/obj/chthreads.o
chSemAddCounterI                                  build/obj/chsem.o
                                                  build/obj/testsem.o
chSemInit                                         build/obj/chsem.o
                                                  build/obj/testbmk.o
                                                  build/obj/testsem.o
                                                  build/obj/chmboxes.o
chSemReset                                        build/obj/chsem.o
                                                  build/obj/testbmk.o
                                                  build/obj/testsem.o
chSemResetI                                       build/obj/chsem.o
                                                  build/obj/chmboxes.o
chSemSignal                                       build/obj/chsem.o
                                                  build/obj/testbmk.o
                                                  build/obj/testsem.o
chSemSignalI                                      build/obj/chsem.o
                                                  build/obj/testsem.o
                                                  build/obj/chmboxes.o
chSemSignalWait                                   build/obj/chsem.o
                                                  build/obj/testsem.o
chSemWait                                         build/obj/chsem.o
                                                  build/obj/testbmk.o
                                                  build/obj/testsem.o
chSemWaitS                                        build/obj/chsem.o
chSemWaitTimeout                                  build/obj/chsem.o
                                                  build/obj/testsem.o
chSemWaitTimeoutS                                 build/obj/chsem.o
                                                  build/obj/chmboxes.o
chSysInit                                         build/obj/chsys.o
chSysTimerHandlerI                                build/obj/chsys.o
                                                  build/obj/chcore_v7m.o
chThdAddRef                                       build/obj/chdynamic.o
                                                  build/obj/testdyn.o
chThdCreateFromHeap                               build/obj/chdynamic.o
                                                  build/obj/testdyn.o
chThdCreateFromMemoryPool                         build/obj/chdynamic.o
                                                  build/obj/testdyn.o
chThdCreateI                                      build/obj/chthreads.o
                                                  build/obj/testthd.o
                                                  build/obj/chdynamic.o
chThdCreateStatic                                 build/obj/chthreads.o
                                                  build/obj/testbmk.o
                                                  build/obj/testqueues.o
                                                  build/obj/testevt.o
                                                  build/obj/testmsg.o
                                                  build/obj/testmtx.o
                                                  build/obj/testsem.o
                                                  build/obj/testthd.o
                                                  build/obj/chsys.o
chThdExit                                         build/obj/chthreads.o
                                                  build/obj/chcore_v7m.o
chThdExitS                                        build/obj/chthreads.o
chThdRelease                                      build/obj/chdynamic.o
                                                  build/obj/testdyn.o
                                                  build/obj/chregistry.o
                                                  build/obj/chthreads.o
chThdResume                                       build/obj/chthreads.o
                                                  build/obj/testthd.o
chThdSetPriority                                  build/obj/chthreads.o
                                                  build/obj/testthd.o
chThdSleep                                        build/obj/chthreads.o
                                                  build/obj/testbmk.o
                                                  build/obj/testdyn.o
                                                  build/obj/testevt.o
                                                  build/obj/testmtx.o
                                                  build/obj/testsem.o
                                                  build/obj/testthd.o
                                                  build/obj/test.o
chThdSleepUntil                                   build/obj/chthreads.o
                                                  build/obj/testthd.o
chThdTerminate                                    build/obj/chthreads.o
                                                  build/obj/test.o
chThdWait                                         build/obj/chthreads.o
                                                  build/obj/testbmk.o
                                                  build/obj/test.o
chThdYield                                        build/obj/chthreads.o
                                                  build/obj/testbmk.o
chVTResetI                                        build/obj/chvt.o
                                                  build/obj/testbmk.o
                                                  build/obj/chschd.o
chVTSetI                                          build/obj/chvt.o
                                                  build/obj/testbmk.o
                                                  build/obj/test.o
                                                  build/obj/chschd.o
ch_debug                                          build/obj/chregistry.o
                                                  build/obj/chsys.o
chsnprintf                                        build/obj/chprintf.o
chvprintf                                         build/obj/chprintf.o
dmaInit                                           build/obj/stm32_dma.o
                                                  build/obj/hal_lld.o
dmaStreamAllocate                                 build/obj/stm32_dma.o
                                                  build/obj/spi_lld.o
                                                  build/obj/adc_lld.o
dmaStreamRelease                                  build/obj/stm32_dma.o
                                                  build/obj/spi_lld.o
                                                  build/obj/adc_lld.o
halInit                                           build/obj/hal.o
halIsCounterWithin                                build/obj/hal.o
halPolledDelay                                    build/obj/hal.o
hal_lld_init                                      build/obj/hal_lld.o
                                                  build/obj/hal.o
lis302dlReadRegister                              build/obj/lis302dl.o
lis302dlWriteRegister                             build/obj/lis302dl.o
main                                              build/obj/main.o
                                                  build/obj/crt0.o
msObjectInit                                      build/obj/chprintf.o
nvicDisableVector                                 build/obj/nvic.o
                                                  build/obj/serial_lld.o
                                                  build/obj/pwm_lld.o
                                                  build/obj/stm32_dma.o
nvicEnableVector                                  build/obj/nvic.o
                                                  build/obj/serial_lld.o
                                                  build/obj/pwm_lld.o
                                                  build/obj/adc_lld.o
                                                  build/obj/stm32_dma.o
nvicSetSystemHandlerPriority                      build/obj/nvic.o
                                                  build/obj/chcore_v7m.o
palReadBus                                        build/obj/pal.o
palSetBusMode                                     build/obj/pal.o
palWriteBus                                       build/obj/pal.o
pal_default_config                                build/obj/board.o
                                                  build/obj/hal.o
patternbmk                                        build/obj/testbmk.o
                                                  build/obj/test.o
patterndyn                                        build/obj/testdyn.o
                                                  build/obj/test.o
patternevt                                        build/obj/testevt.o
                                                  build/obj/test.o
patternheap                                       build/obj/testheap.o
                                                  build/obj/test.o
patternmbox                                       build/obj/testmbox.o
                                                  build/obj/test.o
patternmsg                                        build/obj/testmsg.o
                                                  build/obj/test.o
patternmtx                                        build/obj/testmtx.o
                                                  build/obj/test.o
patternpools                                      build/obj/testpools.o
                                                  build/obj/test.o
patternqueues                                     build/obj/testqueues.o
                                                  build/obj/test.o
patternsem                                        build/obj/testsem.o
                                                  build/obj/test.o
patternthd                                        build/obj/testthd.o
                                                  build/obj/test.o
port_halt                                         build/obj/chcore.o
                                                  build/obj/spi_lld.o
pwmChangePeriod                                   build/obj/pwm.o
pwmDisableChannel                                 build/obj/pwm.o
pwmEnableChannel                                  build/obj/pwm.o
pwmInit                                           build/obj/pwm.o
                                                  build/obj/hal.o
pwmObjectInit                                     build/obj/pwm.o
                                                  build/obj/pwm_lld.o
pwmStart                                          build/obj/pwm.o
pwmStop                                           build/obj/pwm.o
pwm_lld_disable_channel                           build/obj/pwm_lld.o
                                                  build/obj/pwm.o
pwm_lld_enable_channel                            build/obj/pwm_lld.o
                                                  build/obj/pwm.o
pwm_lld_init                                      build/obj/pwm_lld.o
                                                  build/obj/pwm.o
pwm_lld_start                                     build/obj/pwm_lld.o
                                                  build/obj/pwm.o
pwm_lld_stop                                      build/obj/pwm_lld.o
                                                  build/obj/pwm.o
rlist                                             build/obj/chschd.o
                                                  build/obj/spi.o
                                                  build/obj/adc.o
                                                  build/obj/testbmk.o
                                                  build/obj/testqueues.o
                                                  build/obj/testdyn.o
                                                  build/obj/testevt.o
                                                  build/obj/testmsg.o
                                                  build/obj/testmtx.o
                                                  build/obj/testsem.o
                                                  build/obj/testthd.o
                                                  build/obj/test.o
                                                  build/obj/chqueues.o
                                                  build/obj/chmsg.o
                                                  build/obj/chevents.o
                                                  build/obj/chcond.o
                                                  build/obj/chmtx.o
                                                  build/obj/chsem.o
                                                  build/obj/chregistry.o
                                                  build/obj/chthreads.o
                                                  build/obj/chsys.o
                                                  build/obj/chcore_v7m.o
sdIncomingDataI                                   build/obj/serial.o
                                                  build/obj/serial_lld.o
sdInit                                            build/obj/serial.o
                                                  build/obj/hal.o
sdObjectInit                                      build/obj/serial.o
                                                  build/obj/serial_lld.o
sdRequestDataI                                    build/obj/serial.o
sdStart                                           build/obj/serial.o
sdStop                                            build/obj/serial.o
sd_lld_init                                       build/obj/serial_lld.o
                                                  build/obj/serial.o
sd_lld_start                                      build/obj/serial_lld.o
                                                  build/obj/serial.o
sd_lld_stop                                       build/obj/serial_lld.o
                                                  build/obj/serial.o
spiAcquireBus                                     build/obj/spi.o
spiExchange                                       build/obj/spi.o
                                                  build/obj/lis302dl.o
spiIgnore                                         build/obj/spi.o
spiInit                                           build/obj/spi.o
                                                  build/obj/hal.o
spiObjectInit                                     build/obj/spi.o
                                                  build/obj/spi_lld.o
spiReceive                                        build/obj/spi.o
spiReleaseBus                                     build/obj/spi.o
spiSelect                                         build/obj/spi.o
                                                  build/obj/lis302dl.o
spiSend                                           build/obj/spi.o
                                                  build/obj/lis302dl.o
spiStart                                          build/obj/spi.o
spiStartExchange                                  build/obj/spi.o
spiStartIgnore                                    build/obj/spi.o
spiStartReceive                                   build/obj/spi.o
spiStartSend                                      build/obj/spi.o
spiStop                                           build/obj/spi.o
spiUnselect                                       build/obj/spi.o
                                                  build/obj/lis302dl.o
spi_lld_exchange                                  build/obj/spi_lld.o
                                                  build/obj/spi.o
spi_lld_ignore                                    build/obj/spi_lld.o
                                                  build/obj/spi.o
spi_lld_init                                      build/obj/spi_lld.o
                                                  build/obj/spi.o
spi_lld_polled_exchange                           build/obj/spi_lld.o
spi_lld_receive                                   build/obj/spi_lld.o
                                                  build/obj/spi.o
spi_lld_select                                    build/obj/spi_lld.o
                                                  build/obj/spi.o
spi_lld_send                                      build/obj/spi_lld.o
                                                  build/obj/spi.o
spi_lld_start                                     build/obj/spi_lld.o
                                                  build/obj/spi.o
spi_lld_stop                                      build/obj/spi_lld.o
                                                  build/obj/spi.o
spi_lld_unselect                                  build/obj/spi_lld.o
                                                  build/obj/spi.o
stm32_clock_init                                  build/obj/hal_lld.o
                                                  build/obj/board.o
test                                              build/obj/test.o
                                                  build/obj/testqueues.o
                                                  build/obj/testdyn.o
                                                  build/obj/testheap.o
                                                  build/obj/testmbox.o
test_cpu_pulse                                    build/obj/test.o
                                                  build/obj/testmtx.o
test_emit_token                                   build/obj/test.o
                                                  build/obj/testqueues.o
                                                  build/obj/testdyn.o
                                                  build/obj/testevt.o
                                                  build/obj/testmbox.o
                                                  build/obj/testmsg.o
                                                  build/obj/testmtx.o
                                                  build/obj/testsem.o
                                                  build/obj/testthd.o
test_print                                        build/obj/test.o
                                                  build/obj/testbmk.o
test_println                                      build/obj/test.o
                                                  build/obj/testbmk.o
test_printn                                       build/obj/test.o
                                                  build/obj/testbmk.o
test_start_timer                                  build/obj/test.o
                                                  build/obj/testbmk.o
test_terminate_threads                            build/obj/test.o
                                                  build/obj/testbmk.o
test_timer_done                                   build/obj/test.o
                                                  build/obj/testbmk.o
test_wait_threads                                 build/obj/test.o
                                                  build/obj/testbmk.o
                                                  build/obj/testqueues.o
                                                  build/obj/testdyn.o
                                                  build/obj/testevt.o
                                                  build/obj/testmtx.o
                                                  build/obj/testsem.o
                                                  build/obj/testthd.o
test_wait_tick                                    build/obj/test.o
                                                  build/obj/testbmk.o
                                                  build/obj/testevt.o
                                                  build/obj/testmtx.o
                                                  build/obj/testsem.o
                                                  build/obj/testthd.o
testbmk1                                          build/obj/testbmk.o
testbmk10                                         build/obj/testbmk.o
testbmk11                                         build/obj/testbmk.o
testbmk12                                         build/obj/testbmk.o
testbmk13                                         build/obj/testbmk.o
testbmk2                                          build/obj/testbmk.o
testbmk3                                          build/obj/testbmk.o
testbmk4                                          build/obj/testbmk.o
testbmk5                                          build/obj/testbmk.o
testbmk6                                          build/obj/testbmk.o
testbmk7                                          build/obj/testbmk.o
testbmk8                                          build/obj/testbmk.o
testbmk9                                          build/obj/testbmk.o
testdyn1                                          build/obj/testdyn.o
testdyn2                                          build/obj/testdyn.o
testdyn3                                          build/obj/testdyn.o
testevt1                                          build/obj/testevt.o
testevt2                                          build/obj/testevt.o
testevt3                                          build/obj/testevt.o
testheap1                                         build/obj/testheap.o
testmbox1                                         build/obj/testmbox.o
testmsg1                                          build/obj/testmsg.o
testmtx1                                          build/obj/testmtx.o
testmtx2                                          build/obj/testmtx.o
testmtx3                                          build/obj/testmtx.o
testmtx4                                          build/obj/testmtx.o
testmtx5                                          build/obj/testmtx.o
testmtx6                                          build/obj/testmtx.o
testmtx7                                          build/obj/testmtx.o
testmtx8                                          build/obj/testmtx.o
testpools1                                        build/obj/testpools.o
testqueues1                                       build/obj/testqueues.o
testqueues2                                       build/obj/testqueues.o
testsem1                                          build/obj/testsem.o
testsem2                                          build/obj/testsem.o
testsem3                                          build/obj/testsem.o
testsem4                                          build/obj/testsem.o
testthd1                                          build/obj/testthd.o
testthd2                                          build/obj/testthd.o
testthd3                                          build/obj/testthd.o
testthd4                                          build/obj/testthd.o
thread4                                           build/obj/testbmk.o
threads                                           build/obj/test.o
                                                  build/obj/testbmk.o
                                                  build/obj/testqueues.o
                                                  build/obj/testdyn.o
                                                  build/obj/testevt.o
                                                  build/obj/testmsg.o
                                                  build/obj/testmtx.o
                                                  build/obj/testsem.o
                                                  build/obj/testthd.o
vtlist                                            build/obj/chvt.o
                                                  build/obj/testevt.o
                                                  build/obj/testmtx.o
                                                  build/obj/testsem.o
                                                  build/obj/testthd.o
                                                  build/obj/test.o
                                                  build/obj/chthreads.o
                                                  build/obj/chsys.o
wa                                                build/obj/test.o
                                                  build/obj/testbmk.o
                                                  build/obj/testqueues.o
                                                  build/obj/testdyn.o
                                                  build/obj/testpools.o
                                                  build/obj/testevt.o
                                                  build/obj/testmsg.o
                                                  build/obj/testmtx.o
                                                  build/obj/testsem.o
                                                  build/obj/testthd.o