
Discarded input sections

 .text          0x0000000000000000        0x0 build/obj/crt0.o
 .data          0x0000000000000000        0x0 build/obj/crt0.o
 .bss           0x0000000000000000        0x0 build/obj/crt0.o
 .text.__early_init
                0x0000000000000000       0x10 build/obj/crt0.o
 .text          0x0000000000000000        0x0 build/obj/vectors.o
 .data          0x0000000000000000        0x0 build/obj/vectors.o
 .bss           0x0000000000000000        0x0 build/obj/vectors.o
 .text          0x0000000000000000        0x0 build/obj/chcore.o
 .data          0x0000000000000000        0x0 build/obj/chcore.o
 .bss           0x0000000000000000        0x0 build/obj/chcore.o
 .text          0x0000000000000000        0x0 build/obj/chcore_v7m.o
 .data          0x0000000000000000        0x0 build/obj/chcore_v7m.o
 .bss           0x0000000000000000        0x0 build/obj/chcore_v7m.o
 .text          0x0000000000000000        0x0 build/obj/nvic.o
 .data          0x0000000000000000        0x0 build/obj/nvic.o
 .bss           0x0000000000000000        0x0 build/obj/nvic.o
 .text.nvicDisableVector
                0x0000000000000000       0x50 build/obj/nvic.o
 .text          0x0000000000000000        0x0 build/obj/chsys.o
 .data          0x0000000000000000        0x0 build/obj/chsys.o
 .bss           0x0000000000000000        0x0 build/obj/chsys.o
 .text          0x0000000000000000        0x0 build/obj/chdebug.o
 .data          0x0000000000000000        0x0 build/obj/chdebug.o
 .bss           0x0000000000000000        0x0 build/obj/chdebug.o
 .text.dbg_check_disable
                0x0000000000000000       0x30 build/obj/chdebug.o
 .text.dbg_check_suspend
                0x0000000000000000       0x30 build/obj/chdebug.o
 .text          0x0000000000000000        0x0 build/obj/chlists.o
 .data          0x0000000000000000        0x0 build/obj/chlists.o
 .bss           0x0000000000000000        0x0 build/obj/chlists.o
 .debug_info    0x0000000000000000       0x79 build/obj/chlists.o
 .debug_abbrev  0x0000000000000000       0x26 build/obj/chlists.o
 .debug_aranges
                0x0000000000000000       0x18 build/obj/chlists.o
 .debug_line    0x0000000000000000       0x1d build/obj/chlists.o
 .debug_str     0x0000000000000000      0x19e build/obj/chlists.o
 .comment       0x0000000000000000       0x20 build/obj/chlists.o
 .ARM.attributes
                0x0000000000000000       0x33 build/obj/chlists.o
 .text          0x0000000000000000        0x0 build/obj/chvt.o
 .data          0x0000000000000000        0x0 build/obj/chvt.o
 .bss           0x0000000000000000        0x0 build/obj/chvt.o
 .text          0x0000000000000000        0x0 build/obj/chschd.o
 .data          0x0000000000000000        0x0 build/obj/chschd.o
 .bss           0x0000000000000000        0x0 build/obj/chschd.o
 .text.chSchRescheduleS
                0x0000000000000000       0x30 build/obj/chschd.o
 .text          0x0000000000000000        0x0 build/obj/chthreads.o
 .data          0x0000000000000000        0x0 build/obj/chthreads.o
 .bss           0x0000000000000000        0x0 build/obj/chthreads.o
 .text._thread_memfill
                0x0000000000000000       0x10 build/obj/chthreads.o
 .text.chThdSetPriority
                0x0000000000000000       0x50 build/obj/chthreads.o
 .text.chThdResume
                0x0000000000000000       0x40 build/obj/chthreads.o
 .text.chThdTerminate
                0x0000000000000000       0x30 build/obj/chthreads.o
 .text.chThdSleepUntil
                0x0000000000000000       0x30 build/obj/chthreads.o
 .text.chThdYield
                0x0000000000000000       0x30 build/obj/chthreads.o
 .text.chThdWait
                0x0000000000000000       0x80 build/obj/chthreads.o
 .text          0x0000000000000000        0x0 build/obj/chdynamic.o
 .data          0x0000000000000000        0x0 build/obj/chdynamic.o
 .bss           0x0000000000000000        0x0 build/obj/chdynamic.o
 .text.chThdAddRef
                0x0000000000000000       0x40 build/obj/chdynamic.o
 .text.chThdRelease
                0x0000000000000000       0x80 build/obj/chdynamic.o
 .text.chThdCreateFromHeap
                0x0000000000000000       0x70 build/obj/chdynamic.o
 .text.chThdCreateFromMemoryPool
                0x0000000000000000       0x80 build/obj/chdynamic.o
 .rodata.str1.4
                0x0000000000000000       0x48 build/obj/chdynamic.o
 .debug_info    0x0000000000000000      0x9ff build/obj/chdynamic.o
 .debug_abbrev  0x0000000000000000      0x25a build/obj/chdynamic.o
 .debug_loc     0x0000000000000000      0x281 build/obj/chdynamic.o
 .debug_aranges
                0x0000000000000000       0x38 build/obj/chdynamic.o
 .debug_ranges  0x0000000000000000       0x40 build/obj/chdynamic.o
 .debug_line    0x0000000000000000      0x221 build/obj/chdynamic.o
 .debug_str     0x0000000000000000      0x4e1 build/obj/chdynamic.o
 .comment       0x0000000000000000       0x20 build/obj/chdynamic.o
 .ARM.attributes
[...]
Memory Configuration

Name             Origin             Length             Attributes
flash            0x0000000008000000 0x0000000000100000
ram              0x0000000020000000 0x000000000001c000
ethram           0x000000002001c000 0x0000000000004000
ccmram           0x0000000010000000 0x0000000000010000
*default*        0x0000000000000000 0xffffffffffffffff

Linker script and memory map

LOAD build/obj/crt0.o
LOAD build/obj/vectors.o
LOAD build/obj/chcore.o
LOAD build/obj/chcore_v7m.o
LOAD build/obj/nvic.o
LOAD build/obj/chsys.o
LOAD build/obj/chdebug.o
LOAD build/obj/chlists.o
LOAD build/obj/chvt.o
LOAD build/obj/chschd.o
LOAD build/obj/chthreads.o
LOAD build/obj/chdynamic.o
LOAD build/obj/chregistry.o
LOAD build/obj/chsem.o
LOAD build/obj/chmtx.o
LOAD build/obj/chcond.o
LOAD build/obj/chevents.o
LOAD build/obj/chmsg.o
LOAD build/obj/chmboxes.o
LOAD build/obj/chqueues.o
LOAD build/obj/chmemcore.o
LOAD build/obj/chheap.o
LOAD build/obj/chmempools.o
LOAD build/obj/test.o
LOAD build/obj/testthd.o
LOAD build/obj/testsem.o
LOAD build/obj/testmtx.o
LOAD build/obj/testmsg.o
LOAD build/obj/testmbox.o
LOAD build/obj/testevt.o
LOAD build/obj/testheap.o
LOAD build/obj/testpools.o
LOAD build/obj/testdyn.o
LOAD build/obj/testqueues.o
LOAD build/obj/testbmk.o
LOAD build/obj/hal.o
LOAD build/obj/adc.o
LOAD build/obj/can.o
LOAD build/obj/ext.o
LOAD build/obj/gpt.o
LOAD build/obj/i2c.o
LOAD build/obj/icu.o
LOAD build/obj/mac.o
LOAD build/obj/mmc_spi.o
LOAD build/obj/mmcsd.o
LOAD build/obj/pal.o
LOAD build/obj/pwm.o
LOAD build/obj/rtc.o
LOAD build/obj/sdc.o
LOAD build/obj/serial.o
LOAD build/obj/serial_usb.o
LOAD build/obj/spi.o
LOAD build/obj/tm.o
LOAD build/obj/uart.o
LOAD build/obj/usb.o
LOAD build/obj/stm32_dma.o
LOAD build/obj/hal_lld.o
LOAD build/obj/adc_lld.o
LOAD build/obj/ext_lld_isr.o
LOAD build/obj/can_lld.o
LOAD build/obj/ext_lld.o
LOAD build/obj/mac_lld.o
LOAD build/obj/sdc_lld.o
LOAD build/obj/pal_lld.o
LOAD build/obj/i2c_lld.o
LOAD build/obj/usb_lld.o
LOAD build/obj/rtc_lld.o
LOAD build/obj/spi_lld.o
LOAD build/obj/gpt_lld.o
LOAD build/obj/icu_lld.o
LOAD build/obj/pwm_lld.o
LOAD build/obj/serial_lld.o
LOAD build/obj/uart_lld.o
LOAD build/obj/board.o
LOAD build/obj/main.o
                0x0000000000000400                __main_stack_size__ = 0x400
                0x0000000000000400                __process_stack_size__ = 0x400
                0x0000000020000000                __ram_start__ = ORIGIN (ram)
                0x000000000001c000                __ram_size__ = 0x1c000
                0x000000002001c000                __ram_end__ = (__ram_start__ + __ram_size__)
                0x0000000000000000                . = 0x0
                0x0000000000000000                _text = .

startup         0x0000000008000000      0x1ac
 *(vectors)
 vectors        0x0000000008000000      0x1ac build/obj/vectors.o
                0x0000000008000000                _vectors

constructors    0x00000000080001ac        0x0
                0x00000000080001ac                PROVIDE (__init_array_start, .)
 *(SORT(.init_array.*))
 *(.init_array)
                0x00000000080001ac                PROVIDE (__init_array_end, .)

destructors     0x00000000080001ac        0x0
                0x00000000080001ac                PROVIDE (__fini_array_start, .)
 *(.fini_array)
 *(SORT(.fini_array.*))
                0x00000000080001ac                PROVIDE (__fini_array_end, .)

.text           0x00000000080001b0     0x26b8
 *(.text.startup.*)
 .text.startup.main
                0x00000000080001b0       0xc0 build/obj/main.o
                0x00000000080001b0                main
 *(.text)
 *(.text.*)
 .text.__late_init
                0x0000000008000270       0x10 build/obj/crt0.o
                0x0000000008000270                __late_init
 .text._default_exit
                0x0000000008000280       0x10 build/obj/crt0.o
                0x0000000008000280                _default_exit
 .text.ResetHandler
                0x0000000008000290      0x140 build/obj/crt0.o
                0x0000000008000290                ResetHandler
 .text._unhandled_exception
                0x00000000080003d0       0x10 build/obj/vectors.o
                0x00000000080003d0                Vector58
                0x00000000080003d0                VectorE8
                0x00000000080003d0                Vector9C
                0x00000000080003d0                VectorAC
                0x00000000080003d0                Vector1A0
                0x00000000080003d0                Vector5C
                0x00000000080003d0                NMIVector
                0x00000000080003d0                Vector11C
                0x00000000080003d0                Vector19C
                0x00000000080003d0                Vector8C
                0x00000000080003d0                VectorDC
                0x00000000080003d0                Vector168
                0x00000000080003d0                Vector110
                0x00000000080003d0                VectorC8
                0x00000000080003d0                Vector94
                0x00000000080003d0                VectorA8
                0x00000000080003d0                VectorB4
                0x00000000080003d0                Vector160
                0x00000000080003d0                VectorEC
                0x00000000080003d0                UsageFaultVector
                0x00000000080003d0                DebugMonitorVector
                0x00000000080003d0                Vector40
                0x00000000080003d0                VectorF8
                0x00000000080003d0                Vector108
                0x00000000080003d0                VectorBC
                0x00000000080003d0                Vector190
                0x00000000080003d0                Vector148
                0x00000000080003d0                Vector188
                0x00000000080003d0                PendSVVector
                0x00000000080003d0                Vector198
                0x00000000080003d0                Vector118
                0x00000000080003d0                Vector64
                0x00000000080003d0                VectorCC
                0x00000000080003d0                Vector54
                0x00000000080003d0                Vector98
                0x00000000080003d0                VectorD8
                0x00000000080003d0                Vector138
                0x00000000080003d0                Vector24
                0x00000000080003d0                Vector178
                0x00000000080003d0                Vector1A4
                0x00000000080003d0                BusFaultVector
                0x00000000080003d0                VectorD0
                0x00000000080003d0                Vector140
                0x00000000080003d0                VectorE4
                0x00000000080003d0                VectorC0
                0x00000000080003d0                HardFaultVector
                0x00000000080003d0                Vector134
                0x00000000080003d0                VectorF0
                0x00000000080003d0                Vector13C
                0x00000000080003d0                Vector100
                0x00000000080003d0                VectorE0
                0x00000000080003d0                VectorF4
                0x00000000080003d0                MemManageVector
                0x00000000080003d0                VectorA0
                0x00000000080003d0                VectorC4
                0x00000000080003d0                Vector180
                0x00000000080003d0                VectorB0
                0x00000000080003d0                Vector90
                0x00000000080003d0                Vector114
                0x00000000080003d0                Vector164
                0x00000000080003d0                Vector60
                0x00000000080003d0                Vector1C
                0x00000000080003d0                Vector17C
                0x00000000080003d0                Vector48
                0x00000000080003d0                Vector1A8
                0x00000000080003d0                Vector16C
                0x00000000080003d0                VectorD4
                0x00000000080003d0                Vector4C
                0x00000000080003d0                Vector144
                0x00000000080003d0                Vector15C
                0x00000000080003d0                Vector68
                0x00000000080003d0                _unhandled_exception
                0x00000000080003d0                Vector170
                0x00000000080003d0                Vector104
                0x00000000080003d0                Vector184
                0x00000000080003d0                Vector10C
                0x00000000080003d0                Vector14C
                0x00000000080003d0                Vector50
                0x00000000080003d0                Vector194
                0x00000000080003d0                Vector44
                0x00000000080003d0                Vector28
                0x00000000080003d0                VectorB8
                0x00000000080003d0                Vector34
                0x00000000080003d0                VectorA4
                0x00000000080003d0                Vector20
                0x00000000080003d0                Vector18C
                0x00000000080003d0                Vector174
 .text.port_halt
                0x00000000080003e0       0x10 build/obj/chcore.o
                0x00000000080003e0                port_halt
 .text._port_switch_from_isr
                0x00000000080003f0       0x10 build/obj/chcore_v7m.o
                0x00000000080003f0                _port_switch_from_isr
 .text.SVCallVector
                0x0000000008000400       0x20 build/obj/chcore_v7m.o
                0x0000000008000400                SVCallVector
 .text._port_init
                0x0000000008000420       0x40 build/obj/chcore_v7m.o
                0x0000000008000420                _port_init
 .text._port_irq_epilogue
                0x0000000008000460       0x80 build/obj/chcore_v7m.o
                0x0000000008000460                _port_irq_epilogue
 .text.SysTickVector
                0x00000000080004e0       0x30 build/obj/chcore_v7m.o
                0x00000000080004e0                SysTickVector
 .text._port_switch
                0x0000000008000510       0x10 build/obj/chcore_v7m.o
                0x0000000008000510                _port_switch
 .text._port_thread_start
                0x0000000008000520       0x20 build/obj/chcore_v7m.o
                0x0000000008000520                _port_thread_start
 .text.nvicEnableVector
                0x0000000008000540       0x50 build/obj/nvic.o
                0x0000000008000540                nvicEnableVector
 .text.nvicSetSystemHandlerPriority
                0x0000000008000590       0x30 build/obj/nvic.o
                0x0000000008000590                nvicSetSystemHandlerPriority
 .text._idle_thread
                0x00000000080005c0       0x20 build/obj/chsys.o
                0x00000000080005c0                _idle_thread
 .text.chSysInit
                0x00000000080005e0       0x90 build/obj/chsys.o
                0x00000000080005e0                chSysInit
 .text.chSysTimerHandlerI
                0x0000000008000670       0x80 build/obj/chsys.o
                0x0000000008000670                chSysTimerHandlerI
 .text.dbg_check_enable
                0x00000000080006f0       0x30 build/obj/chdebug.o
                0x00000000080006f0                dbg_check_enable
 .text.dbg_check_lock
                0x0000000008000720       0x40 build/obj/chdebug.o
                0x0000000008000720                dbg_check_lock
 .text.dbg_check_unlock
                0x0000000008000760       0x40 build/obj/chdebug.o
                0x0000000008000760                dbg_check_unlock
 .text.dbg_check_lock_from_isr
                0x00000000080007a0       0x40 build/obj/chdebug.o
                0x00000000080007a0                dbg_check_lock_from_isr
 .text.dbg_check_unlock_from_isr
                0x00000000080007e0       0x40 build/obj/chdebug.o
                0x00000000080007e0                dbg_check_unlock_from_isr
 .text.dbg_check_enter_isr
                0x0000000008000820       0x50 build/obj/chdebug.o
                0x0000000008000820                dbg_check_enter_isr
 .text.dbg_check_leave_isr
                0x0000000008000870       0x50 build/obj/chdebug.o
                0x0000000008000870                dbg_check_leave_isr
 .text.chDbgCheckClassI
                0x00000000080008c0       0x40 build/obj/chdebug.o
                0x00000000080008c0                chDbgCheckClassI
 .text.chDbgCheckClassS
                0x0000000008000900       0x40 build/obj/chdebug.o
                0x0000000008000900                chDbgCheckClassS
 .text._trace_init
                0x0000000008000940       0x20 build/obj/chdebug.o
                0x0000000008000940                _trace_init
 .text.dbg_trace
                0x0000000008000960       0x50 build/obj/chdebug.o
                0x0000000008000960                dbg_trace
 .text.chDbgPanic
                0x00000000080009b0       0x10 build/obj/chdebug.o
                0x00000000080009b0                chDbgPanic
 .text._vt_init
                0x00000000080009c0       0x20 build/obj/chvt.o
                0x00000000080009c0                _vt_init
 .text.chVTSetI
                0x00000000080009e0       0x60 build/obj/chvt.o
                0x00000000080009e0                chVTSetI
 .text.chVTResetI
                0x0000000008000a40       0x50 build/obj/chvt.o
                0x0000000008000a40                chVTResetI
 .text._scheduler_init
                0x0000000008000a90       0x20 build/obj/chschd.o
                0x0000000008000a90                _scheduler_init
 .text.chSchReadyI
                0x0000000008000ab0       0x50 build/obj/chschd.o
                0x0000000008000ab0                chSchReadyI
 .text.wakeup   0x0000000008000b00       0x60 build/obj/chschd.o
 .text.chSchGoSleepS
                0x0000000008000b60       0x60 build/obj/chschd.o
                0x0000000008000b60                chSchGoSleepS
 .text.chSchGoSleepTimeoutS
                0x0000000008000bc0       0x60 build/obj/chschd.o
                0x0000000008000bc0                chSchGoSleepTimeoutS
 .text.chSchWakeupS
                0x0000000008000c20       0x70 build/obj/chschd.o
                0x0000000008000c20                chSchWakeupS
 .text.chSchDoRescheduleBehind
                0x0000000008000c90       0x50 build/obj/chschd.o
                0x0000000008000c90                chSchDoRescheduleBehind
 .text.chSchDoRescheduleAhead
                0x0000000008000ce0       0x70 build/obj/chschd.o
                0x0000000008000ce0                chSchDoRescheduleAhead
 .text.chSchDoReschedule
                0x0000000008000d50       0x20 build/obj/chschd.o
                0x0000000008000d50                chSchDoReschedule
 .text._thread_init
                0x0000000008000d70       0x60 build/obj/chthreads.o
                0x0000000008000d70                _thread_init
 .text.chThdCreateI
                0x0000000008000dd0       0xc0 build/obj/chthreads.o
                0x0000000008000dd0                chThdCreateI
 .text.chThdCreateStatic
                0x0000000008000e90       0x70 build/obj/chthreads.o
                0x0000000008000e90                chThdCreateStatic
 .text.chThdSleep
                0x0000000008000f00       0x30 build/obj/chthreads.o
                0x0000000008000f00                chThdSleep
 .text.chThdExitS
                0x0000000008000f30       0x50 build/obj/chthreads.o
                0x0000000008000f30                chThdExitS
 .text.chThdExit
                0x0000000008000f80       0x20 build/obj/chthreads.o
                0x0000000008000f80                chThdExit
 .text.chMtxInit
                0x0000000008000fa0       0x20 build/obj/chmtx.o
                0x0000000008000fa0                chMtxInit
 .text._core_init
                0x0000000008000fc0       0x30 build/obj/chmemcore.o
                0x0000000008000fc0                _core_init
 .text.chCoreAllocI
                0x0000000008000ff0       0x40 build/obj/chmemcore.o
                0x0000000008000ff0                chCoreAllocI
 .text.chCoreAlloc
                0x0000000008001030       0x30 build/obj/chmemcore.o
                0x0000000008001030                chCoreAlloc
 .text._heap_init
                0x0000000008001060       0x20 build/obj/chheap.o
                0x0000000008001060                _heap_init
 .text.halInit  0x0000000008001080       0x30 build/obj/hal.o
                0x0000000008001080                halInit
 .text.adcInit  0x00000000080010b0       0x10 build/obj/adc.o
                0x00000000080010b0                adcInit
 .text.adcObjectInit
                0x00000000080010c0       0x20 build/obj/adc.o
                0x00000000080010c0                adcObjectInit
 .text.adcStart
                0x00000000080010e0       0x50 build/obj/adc.o
                0x00000000080010e0                adcStart
 .text.adcStartConversionI
                0x0000000008001130       0x60 build/obj/adc.o
                0x0000000008001130                adcStartConversionI
 .text.adcStartConversion
                0x0000000008001190       0x30 build/obj/adc.o
                0x0000000008001190                adcStartConversion
 .text.adcStopConversion
                0x00000000080011c0       0x70 build/obj/adc.o
                0x00000000080011c0                adcStopConversion
 .text.adcConvert
                0x0000000008001230       0x60 build/obj/adc.o
                0x0000000008001230                adcConvert
 .text.tm_start
                0x0000000008001290       0x10 build/obj/tm.o
 .text.tm_stop  0x00000000080012a0       0x40 build/obj/tm.o
 .text.tmInit   0x00000000080012e0       0x50 build/obj/tm.o
                0x00000000080012e0                tmInit
 .text.Vector6C
                0x0000000008001330       0x40 build/obj/stm32_dma.o
                0x0000000008001330                Vector6C
 .text.Vector70
                0x0000000008001370       0x40 build/obj/stm32_dma.o
                0x0000000008001370                Vector70
 .text.Vector74
                0x00000000080013b0       0x40 build/obj/stm32_dma.o
                0x00000000080013b0                Vector74
 .text.Vector78
                0x00000000080013f0       0x40 build/obj/stm32_dma.o
                0x00000000080013f0                Vector78
 .text.Vector7C
                0x0000000008001430       0x40 build/obj/stm32_dma.o
                0x0000000008001430                Vector7C
 .text.Vector80
                0x0000000008001470       0x40 build/obj/stm32_dma.o
                0x0000000008001470                Vector80
 .text.Vector84
                0x00000000080014b0       0x40 build/obj/stm32_dma.o
                0x00000000080014b0                Vector84
 .text.VectorFC
                0x00000000080014f0       0x40 build/obj/stm32_dma.o
                0x00000000080014f0                VectorFC
 .text.Vector120
                0x0000000008001530       0x40 build/obj/stm32_dma.o
                0x0000000008001530                Vector120
 .text.Vector124
                0x0000000008001570       0x40 build/obj/stm32_dma.o
                0x0000000008001570                Vector124
 .text.Vector128
                0x00000000080015b0       0x40 build/obj/stm32_dma.o
                0x00000000080015b0                Vector128
 .text.Vector12C
                0x00000000080015f0       0x40 build/obj/stm32_dma.o
                0x00000000080015f0                Vector12C
 .text.Vector130
                0x0000000008001630       0x40 build/obj/stm32_dma.o
                0x0000000008001630                Vector130
 .text.Vector150
                0x0000000008001670       0x40 build/obj/stm32_dma.o
                0x0000000008001670                Vector150
 .text.Vector154
                0x00000000080016b0       0x40 build/obj/stm32_dma.o
                0x00000000080016b0                Vector154
 .text.Vector158
                0x00000000080016f0       0x40 build/obj/stm32_dma.o
                0x00000000080016f0                Vector158
 .text.dmaInit  0x0000000008001730       0x60 build/obj/stm32_dma.o
                0x0000000008001730                dmaInit
 .text.dmaStreamAllocate
                0x0000000008001790       0xc0 build/obj/stm32_dma.o
                0x0000000008001790                dmaStreamAllocate
 .text.hal_lld_init
                0x0000000008001850       0xb0 build/obj/hal_lld.o
                0x0000000008001850                hal_lld_init
 .text.stm32_clock_init
                0x0000000008001900      0x100 build/obj/hal_lld.o
                0x0000000008001900                stm32_clock_init
 .text.adc_lld_init
                0x0000000008001a00       0x90 build/obj/adc_lld.o
                0x0000000008001a00                adc_lld_init
 .text.adc_lld_start
                0x0000000008001a90      0x120 build/obj/adc_lld.o
                0x0000000008001a90                adc_lld_start
 .text.adc_lld_start_conversion
                0x0000000008001bb0       0x90 build/obj/adc_lld.o
                0x0000000008001bb0                adc_lld_start_conversion
 .text.adc_lld_stop_conversion
                0x0000000008001c40       0x40 build/obj/adc_lld.o
                0x0000000008001c40                adc_lld_stop_conversion
 .text.Vector88
                0x0000000008001c80      0x190 build/obj/adc_lld.o
                0x0000000008001c80                Vector88
 .text.adc_lld_serve_rx_interrupt
                0x0000000008001e10       0xe0 build/obj/adc_lld.o
 .text.adcSTM32EnableTSVREFE
                0x0000000008001ef0       0x20 build/obj/adc_lld.o
                0x0000000008001ef0                adcSTM32EnableTSVREFE
 .text.adcSTM32DisableTSVREFE
                0x0000000008001f10       0x20 build/obj/adc_lld.o
                0x0000000008001f10                adcSTM32DisableTSVREFE
 .text._pal_lld_init
                0x0000000008001f30      0x1b0 build/obj/pal_lld.o
                0x0000000008001f30                _pal_lld_init
 .text._pal_lld_setgroupmode
                0x00000000080020e0       0xd0 build/obj/pal_lld.o
                0x00000000080020e0                _pal_lld_setgroupmode
 .text.__early_init
                0x00000000080021b0       0x10 build/obj/board.o
                0x00000000080021b0                __early_init
 .text.boardInit
                0x00000000080021c0       0x10 build/obj/board.o
                0x00000000080021c0                boardInit
 .text.adccallback
                0x00000000080021d0       0x30 build/obj/main.o
 .text.adcerrorcallback
                0x0000000008002200       0x10 build/obj/main.o
 .text.Thread1  0x0000000008002210       0x40 build/obj/main.o
 *(.rodata)
 *(.rodata.*)
 .rodata.str1.4
                0x0000000008002250        0x5 build/obj/chsys.o
                                          0x8 (size before relaxing)
 *fill*         0x0000000008002255        0xb 
 .rodata.str1.4
                0x0000000008002260       0x56 build/obj/chdebug.o
                                         0x58 (size before relaxing)
 *fill*         0x00000000080022b6        0xa 
 .rodata.str1.4
                0x00000000080022c0       0x31 build/obj/chvt.o
                                         0x34 (size before relaxing)
 *fill*         0x00000000080022f1        0xf 
 .rodata.str1.4
                0x0000000008002300       0x23 build/obj/chschd.o
                                         0x24 (size before relaxing)
 *fill*         0x0000000008002323        0xd 
 .rodata.str1.4
                0x0000000008002330       0x94 build/obj/chthreads.o
 *fill*         0x00000000080023c4        0xc 
 .rodata.ch_debug
                0x00000000080023d0       0x18 build/obj/chregistry.o
                0x00000000080023d0                ch_debug
 *fill*         0x00000000080023e8        0x8 
 .rodata.str1.4
                0x00000000080023f0       0xab build/obj/chmtx.o
                                         0xac (size before relaxing)
 *fill*         0x000000000800249b        0x5 
 .rodata.str1.4
                0x00000000080024a0      0x10e build/obj/adc.o
                                        0x110 (size before relaxing)
 *fill*         0x00000000080025ae        0x2 
 .rodata.str1.4
                0x00000000080025b0       0x47 build/obj/stm32_dma.o
                                         0x48 (size before relaxing)
 *fill*         0x00000000080025f7        0x9 
 .rodata._stm32_dma_streams
                0x0000000008002600       0xc0 build/obj/stm32_dma.o
                0x0000000008002600                _stm32_dma_streams
 .rodata.str1.4
                0x00000000080026c0       0x3c build/obj/adc_lld.o
 *fill*         0x00000000080026fc        0x4 
 .rodata.pal_default_config
                0x0000000008002700       0xfc build/obj/board.o
                0x0000000008002700                pal_default_config
 *fill*         0x00000000080027fc        0x4 
 .rodata.adcgrpcfg1
                0x0000000008002800       0x28 build/obj/main.o
 *fill*         0x0000000008002828        0x8 
 .rodata.adcgrpcfg2
                0x0000000008002830       0x28 build/obj/main.o
 *fill*         0x0000000008002858        0x8 
 .rodata.str1.4
                0x0000000008002860        0x8 build/obj/main.o
 *(.glue_7t)
 .glue_7t       0x0000000000000000        0x0 linker stubs
 *(.glue_7)
 .glue_7        0x0000000000000000        0x0 linker stubs
 *(.gcc*)

.vfp11_veneer   0x0000000008002868        0x0
 .vfp11_veneer  0x0000000000000000        0x0 linker stubs

.v4_bx          0x0000000008002868        0x0
 .v4_bx         0x0000000000000000        0x0 linker stubs

.iplt           0x0000000008002868        0x0
 .iplt          0x0000000000000000        0x0 build/obj/crt0.o

.rel.dyn        0x0000000008002868        0x0
 .rel.iplt      0x0000000000000000        0x0 build/obj/crt0.o

.ARM.extab
 *(.ARM.extab* .gnu.linkonce.armextab.*)

.ARM.exidx      0x0000000008002868        0x0
                0x0000000008002868                PROVIDE (__exidx_start, .)
 *(.ARM.exidx* .gnu.linkonce.armexidx.*)
                0x0000000008002868                PROVIDE (__exidx_end, .)

.eh_frame_hdr
 *(.eh_frame_hdr)

.eh_frame
 *(.eh_frame)

.textalign      0x0000000008002868        0x0
                0x0000000008002868                . = ALIGN (0x8)
                0x0000000008002868                . = ALIGN (0x4)
                0x0000000008002868                _etext = .
                0x0000000008002868                _textdata = _etext

.stacks         0x0000000020000000      0x800
                0x0000000020000000                . = ALIGN (0x8)
                0x0000000020000000                __main_stack_base__ = .
                0x0000000020000400                . = (. + __main_stack_size__)
 *fill*         0x0000000020000000      0x400 
                0x0000000020000400                . = ALIGN (0x8)
                0x0000000020000400                __main_stack_end__ = .
                0x0000000020000400                __process_stack_base__ = .
                0x0000000020000400                __main_thread_stack_base__ = .
                0x0000000020000800                . = (. + __process_stack_size__)
 *fill*         0x0000000020000400      0x400 
                0x0000000020000800                . = ALIGN (0x8)
                0x0000000020000800                __process_stack_end__ = .
                0x0000000020000800                __main_thread_stack_end__ = .

.data           0x0000000020000800        0x0 load address 0x0000000008002868
                0x0000000020000800                . = ALIGN (0x4)
                0x0000000020000800                PROVIDE (_data, .)
 *(.data)
                0x0000000020000800                . = ALIGN (0x4)
 *(.data.*)
                0x0000000020000800                . = ALIGN (0x4)
 *(.ramtext)
                0x0000000020000800                . = ALIGN (0x4)
                0x0000000020000800                PROVIDE (_edata, .)

.igot.plt       0x0000000020000800        0x0 load address 0x0000000008002868
 .igot.plt      0x0000000000000000        0x0 build/obj/crt0.o

.bss            0x0000000020000800      0x928 load address 0x0000000008002868
                0x0000000020000800                . = ALIGN (0x4)
                0x0000000020000800                PROVIDE (_bss_start, .)
 *(.bss)
                0x0000000020000800                . = ALIGN (0x4)
 *(.bss.*)
 .bss.mainthread.4842
                0x0000000020000800       0x4c build/obj/chsys.o
 *fill*         0x000000002000084c        0x4 
 .bss._idle_thread_wa
                0x0000000020000850       0xe0 build/obj/chsys.o
                0x0000000020000850                _idle_thread_wa
 .bss.dbg_isr_cnt
                0x0000000020000930        0x4 build/obj/chdebug.o
                0x0000000020000930                dbg_isr_cnt
 .bss.dbg_trace_buffer
                0x0000000020000934      0x408 build/obj/chdebug.o
                0x0000000020000934                dbg_trace_buffer
 .bss.dbg_lock_cnt
                0x0000000020000d3c        0x4 build/obj/chdebug.o
                0x0000000020000d3c                dbg_lock_cnt
 .bss.dbg_panic_msg
                0x0000000020000d40        0x4 build/obj/chdebug.o
                0x0000000020000d40                dbg_panic_msg
 .bss.vtlist    0x0000000020000d44       0x10 build/obj/chvt.o
                0x0000000020000d44                vtlist
 .bss.rlist     0x0000000020000d54       0x1c build/obj/chschd.o
                0x0000000020000d54                rlist
 .bss.endmem    0x0000000020000d70        0x4 build/obj/chmemcore.o
 .bss.nextmem   0x0000000020000d74        0x4 build/obj/chmemcore.o
 .bss.default_heap
                0x0000000020000d78       0x20 build/obj/chheap.o
 .bss.measurement_offset
                0x0000000020000d98        0x4 build/obj/tm.o
 .bss.dma_isr_redir
                0x0000000020000d9c       0x80 build/obj/stm32_dma.o
 .bss.dma_streams_mask
                0x0000000020000e1c        0x4 build/obj/stm32_dma.o
 .bss.ADCD1     0x0000000020000e20       0x34 build/obj/adc_lld.o
                0x0000000020000e20                ADCD1
 .bss.ADCD2     0x0000000020000e54       0x34 build/obj/adc_lld.o
                0x0000000020000e54                ADCD2
 .bss.ADCD3     0x0000000020000e88       0x34 build/obj/adc_lld.o
                0x0000000020000e88                ADCD3
 *fill*         0x0000000020000ebc        0x4 
 .bss.waThread1
                0x0000000020000ec0      0x150 build/obj/main.o
 .bss.nx        0x0000000020001010        0x4 build/obj/main.o
                0x0000000020001010                nx
 .bss.ny        0x0000000020001014        0x4 build/obj/main.o
                0x0000000020001014                ny
 .bss.samples1  0x0000000020001018       0x10 build/obj/main.o
 .bss.samples2  0x0000000020001028      0x100 build/obj/main.o
                0x0000000020001128                . = ALIGN (0x4)
 *(COMMON)
                0x0000000020001128                . = ALIGN (0x4)
                0x0000000020001128                PROVIDE (_bss_end, .)
                0x0000000020001128                PROVIDE (end, .)
                0x0000000020001128                _end = .
                0x0000000020001128                __heap_base__ = _end
                0x000000002001c000                __heap_end__ = __ram_end__
START GROUP
LOAD /usr/lib/gcc/arm-none-eabi/4.8.2/armv7e-m/libgcc.a
LOAD /usr/lib/gcc/arm-none-eabi/4.8.2/../../../arm-none-eabi/lib/armv7e-m/libg.a
LOAD /usr/lib/gcc/arm-none-eabi/4.8.2/../../../arm-none-eabi/lib/armv7e-m/libc.a
END GROUP
OUTPUT(build/ch.elf elf32-littlearm)

.debug_info     0x0000000000000000     0xab60
 .debug_info    0x0000000000000000      0x2bf build/obj/crt0.o
 .debug_info    0x00000000000002bf      0x1cd build/obj/vectors.o
 .debug_info    0x000000000000048c       0x92 build/obj/chcore.o
 .debug_info    0x000000000000051e      0x892 build/obj/chcore_v7m.o
 .debug_info    0x0000000000000db0      0x406 build/obj/nvic.o
 .debug_info    0x00000000000011b6      0x8ab build/obj/chsys.o
 .debug_info    0x0000000000001a61      0x94c build/obj/chdebug.o
 .debug_info    0x00000000000023ad      0x277 build/obj/chvt.o
 .debug_info    0x0000000000002624      0xaf3 build/obj/chschd.o
 .debug_info    0x0000000000003117      0xdf6 build/obj/chthreads.o
 .debug_info    0x0000000000003f0d      0x6b9 build/obj/chregistry.o
 .debug_info    0x00000000000045c6      0xb3d build/obj/chmtx.o
 .debug_info    0x0000000000005103      0x224 build/obj/chmemcore.o
 .debug_info    0x0000000000005327      0x75e build/obj/chheap.o
 .debug_info    0x0000000000005a85      0x39d build/obj/hal.o
 .debug_info    0x0000000000005e22      0xfc6 build/obj/adc.o
 .debug_info    0x0000000000006de8      0x2d9 build/obj/tm.o
 .debug_info    0x00000000000070c1      0xc7c build/obj/stm32_dma.o
 .debug_info    0x0000000000007d3d      0x491 build/obj/hal_lld.o
 .debug_info    0x00000000000081ce     0x1366 build/obj/adc_lld.o
 .debug_info    0x0000000000009534      0x704 build/obj/pal_lld.o
 .debug_info    0x0000000000009c38      0x1f4 build/obj/board.o
 .debug_info    0x0000000000009e2c      0xd34 build/obj/main.o

.debug_abbrev   0x0000000000000000     0x2a29
 .debug_abbrev  0x0000000000000000       0xf4 build/obj/crt0.o
 .debug_abbrev  0x00000000000000f4       0xaf build/obj/vectors.o
 .debug_abbrev  0x00000000000001a3       0x42 build/obj/chcore.o
 .debug_abbrev  0x00000000000001e5      0x1b9 build/obj/chcore_v7m.o
 .debug_abbrev  0x000000000000039e      0x10e build/obj/nvic.o
 .debug_abbrev  0x00000000000004ac      0x1f2 build/obj/chsys.o
 .debug_abbrev  0x000000000000069e      0x21b build/obj/chdebug.o
 .debug_abbrev  0x00000000000008b9      0x151 build/obj/chvt.o
 .debug_abbrev  0x0000000000000a0a      0x31b build/obj/chschd.o
 .debug_abbrev  0x0000000000000d25      0x375 build/obj/chthreads.o
 .debug_abbrev  0x000000000000109a      0x1ba build/obj/chregistry.o
 .debug_abbrev  0x0000000000001254      0x2d1 build/obj/chmtx.o
 .debug_abbrev  0x0000000000001525      0x13b build/obj/chmemcore.o
 .debug_abbrev  0x0000000000001660      0x1f2 build/obj/chheap.o
 .debug_abbrev  0x0000000000001852      0x1bf build/obj/hal.o
 .debug_abbrev  0x0000000000001a11      0x2ce build/obj/adc.o
 .debug_abbrev  0x0000000000001cdf      0x19a build/obj/tm.o
 .debug_abbrev  0x0000000000001e79      0x242 build/obj/stm32_dma.o
 .debug_abbrev  0x00000000000020bb      0x12b build/obj/hal_lld.o
 .debug_abbrev  0x00000000000021e6      0x324 build/obj/adc_lld.o
 .debug_abbrev  0x000000000000250a      0x1aa build/obj/pal_lld.o
 .debug_abbrev  0x00000000000026b4       0xe3 build/obj/board.o
 .debug_abbrev  0x0000000000002797      0x292 build/obj/main.o

.debug_loc      0x0000000000000000     0x1f27
 .debug_loc     0x0000000000000000       0xe2 build/obj/crt0.o
 .debug_loc     0x00000000000000e2       0x5a build/obj/chcore_v7m.o
 .debug_loc     0x000000000000013c      0x159 build/obj/nvic.o
 .debug_loc     0x0000000000000295       0x26 build/obj/chsys.o
 .debug_loc     0x00000000000002bb       0xea build/obj/chdebug.o
 .debug_loc     0x00000000000003a5       0xce build/obj/chvt.o
 .debug_loc     0x0000000000000473      0x2a6 build/obj/chschd.o
 .debug_loc     0x0000000000000719      0x3be build/obj/chthreads.o
 .debug_loc     0x0000000000000ad7       0x3d build/obj/chregistry.o
 .debug_loc     0x0000000000000b14      0x353 build/obj/chmtx.o
 .debug_loc     0x0000000000000e67       0x83 build/obj/chmemcore.o
 .debug_loc     0x0000000000000eea      0x3ef build/obj/chheap.o
 .debug_loc     0x00000000000012d9       0x58 build/obj/hal.o
 .debug_loc     0x0000000000001331      0x3fa build/obj/adc.o
 .debug_loc     0x000000000000172b       0x6d build/obj/tm.o
 .debug_loc     0x0000000000001798      0x25a build/obj/stm32_dma.o
 .debug_loc     0x00000000000019f2      0x336 build/obj/adc_lld.o
 .debug_loc     0x0000000000001d28      0x19c build/obj/pal_lld.o
 .debug_loc     0x0000000000001ec4       0x63 build/obj/main.o

.debug_aranges  0x0000000000000000      0x668
 .debug_aranges
                0x0000000000000000       0x38 build/obj/crt0.o
 .debug_aranges
                0x0000000000000038       0x20 build/obj/vectors.o
 .debug_aranges
                0x0000000000000058       0x20 build/obj/chcore.o
 .debug_aranges
                0x0000000000000078       0x50 build/obj/chcore_v7m.o
 .debug_aranges
                0x00000000000000c8       0x30 build/obj/nvic.o
 .debug_aranges
                0x00000000000000f8       0x30 build/obj/chsys.o
 .debug_aranges
                0x0000000000000128       0x88 build/obj/chdebug.o
 .debug_aranges
                0x00000000000001b0       0x30 build/obj/chvt.o
 .debug_aranges
                0x00000000000001e0       0x68 build/obj/chschd.o
 .debug_aranges
                0x0000000000000248       0x80 build/obj/chthreads.o
 .debug_aranges
                0x00000000000002c8       0x28 build/obj/chregistry.o
 .debug_aranges
                0x00000000000002f0       0x58 build/obj/chmtx.o
 .debug_aranges
                0x0000000000000348       0x38 build/obj/chmemcore.o
 .debug_aranges
                0x0000000000000380       0x40 build/obj/chheap.o
 .debug_aranges
                0x00000000000003c0       0x30 build/obj/hal.o
 .debug_aranges
                0x00000000000003f0       0x70 build/obj/adc.o
 .debug_aranges
                0x0000000000000460       0x38 build/obj/tm.o
 .debug_aranges
                0x0000000000000498       0xb0 build/obj/stm32_dma.o
 .debug_aranges
                0x0000000000000548       0x28 build/obj/hal_lld.o
 .debug_aranges
                0x0000000000000570       0x70 build/obj/adc_lld.o
 .debug_aranges
                0x00000000000005e0       0x28 build/obj/pal_lld.o
 .debug_aranges
                0x0000000000000608       0x28 build/obj/board.o
 .debug_aranges
                0x0000000000000630       0x38 build/obj/main.o

.debug_ranges   0x0000000000000000      0xab8
 .debug_ranges  0x0000000000000000       0x28 build/obj/crt0.o
 .debug_ranges  0x0000000000000028       0x10 build/obj/vectors.o
 .debug_ranges  0x0000000000000038       0x10 build/obj/chcore.o
 .debug_ranges  0x0000000000000048       0x58 build/obj/chcore_v7m.o
 .debug_ranges  0x00000000000000a0       0x20 build/obj/nvic.o
 .debug_ranges  0x00000000000000c0       0x20 build/obj/chsys.o
 .debug_ranges  0x00000000000000e0       0x78 build/obj/chdebug.o
 .debug_ranges  0x0000000000000158       0x20 build/obj/chvt.o
 .debug_ranges  0x0000000000000178      0x178 build/obj/chschd.o
 .debug_ranges  0x00000000000002f0      0x128 build/obj/chthreads.o
 .debug_ranges  0x0000000000000418       0x18 build/obj/chregistry.o
 .debug_ranges  0x0000000000000430      0x1a0 build/obj/chmtx.o
 .debug_ranges  0x00000000000005d0       0x40 build/obj/chmemcore.o
 .debug_ranges  0x0000000000000610       0x30 build/obj/chheap.o
 .debug_ranges  0x0000000000000640       0x40 build/obj/hal.o
 .debug_ranges  0x0000000000000680       0x78 build/obj/adc.o
 .debug_ranges  0x00000000000006f8       0x80 build/obj/tm.o
 .debug_ranges  0x0000000000000778       0xa0 build/obj/stm32_dma.o
 .debug_ranges  0x0000000000000818       0x38 build/obj/hal_lld.o
 .debug_ranges  0x0000000000000850       0xc0 build/obj/adc_lld.o
 .debug_ranges  0x0000000000000910      0x168 build/obj/pal_lld.o
 .debug_ranges  0x0000000000000a78       0x18 build/obj/board.o
 .debug_ranges  0x0000000000000a90       0x28 build/obj/main.o

.debug_line     0x0000000000000000     0x32c4
 .debug_line    0x0000000000000000      0x107 build/obj/crt0.o
 .debug_line    0x0000000000000107       0xb1 build/obj/vectors.o
 .debug_line    0x00000000000001b8       0x56 build/obj/chcore.o
 .debug_line    0x000000000000020e      0x1f8 build/obj/chcore_v7m.o
 .debug_line    0x0000000000000406       0xec build/obj/nvic.o
 .debug_line    0x00000000000004f2      0x1e8 build/obj/chsys.o
 .debug_line    0x00000000000006da      0x2d9 build/obj/chdebug.o
 .debug_line    0x00000000000009b3      0x154 build/obj/chvt.o
 .debug_line    0x0000000000000b07      0x347 build/obj/chschd.o
 .debug_line    0x0000000000000e4e      0x3b0 build/obj/chthreads.o
 .debug_line    0x00000000000011fe      0x1b3 build/obj/chregistry.o
 .debug_line    0x00000000000013b1      0x371 build/obj/chmtx.o
 .debug_line    0x0000000000001722      0x149 build/obj/chmemcore.o
 .debug_line    0x000000000000186b      0x27e build/obj/chheap.o
 .debug_line    0x0000000000001ae9      0x24b build/obj/hal.o
 .debug_line    0x0000000000001d34      0x396 build/obj/adc.o
 .debug_line    0x00000000000020ca      0x1ce build/obj/tm.o
 .debug_line    0x0000000000002298      0x406 build/obj/stm32_dma.o
 .debug_line    0x000000000000269e      0x1ce build/obj/hal_lld.o
 .debug_line    0x000000000000286c      0x493 build/obj/adc_lld.o
 .debug_line    0x0000000000002cff      0x1d0 build/obj/pal_lld.o
 .debug_line    0x0000000000002ecf      0x15e build/obj/board.o
 .debug_line    0x000000000000302d      0x297 build/obj/main.o

.debug_str      0x0000000000000000     0x1eb2
 .debug_str     0x0000000000000000      0x27f build/obj/crt0.o
                                        0x2c4 (size before relaxing)
 .debug_str     0x000000000000027f      0x148 build/obj/vectors.o
                                        0x2e5 (size before relaxing)
 .debug_str     0x00000000000003c7       0x30 build/obj/chcore.o
                                        0x1ad (size before relaxing)
 .debug_str     0x00000000000003f7      0x383 build/obj/chcore_v7m.o
                                        0x545 (size before relaxing)
 .debug_str     0x000000000000077a       0xa1 build/obj/nvic.o
                                        0x2b7 (size before relaxing)
 .debug_str     0x000000000000081b      0x23f build/obj/chsys.o
                                        0x615 (size before relaxing)
 .debug_str     0x0000000000000a5a       0xfe build/obj/chdebug.o
                                        0x581 (size before relaxing)
 .debug_str     0x0000000000000b58       0x39 build/obj/chvt.o
                                        0x254 (size before relaxing)
 .debug_str     0x0000000000000b91       0xd8 build/obj/chschd.o
                                        0x541 (size before relaxing)
 .debug_str     0x0000000000000c69       0xf2 build/obj/chthreads.o
                                        0x59b (size before relaxing)
 .debug_str     0x0000000000000d5b       0x45 build/obj/chregistry.o
                                        0x4fc (size before relaxing)
 .debug_str     0x0000000000000da0       0x94 build/obj/chmtx.o
                                        0x499 (size before relaxing)
 .debug_str     0x0000000000000e34       0x73 build/obj/chmemcore.o
                                        0x25e (size before relaxing)
 .debug_str     0x0000000000000ea7       0xb6 build/obj/chheap.o
                                        0x438 (size before relaxing)
 .debug_str     0x0000000000000f5d      0x171 build/obj/hal.o
                                        0x329 (size before relaxing)
 .debug_str     0x00000000000010ce      0x304 build/obj/adc.o
                                        0x74e (size before relaxing)
 .debug_str     0x00000000000013d2       0x6a build/obj/tm.o
                                        0x27e (size before relaxing)
 .debug_str     0x000000000000143c      0x789 build/obj/stm32_dma.o
                                        0xa36 (size before relaxing)
 .debug_str     0x0000000000001bc5       0xc1 build/obj/hal_lld.o
                                        0x3e1 (size before relaxing)
 .debug_str     0x0000000000001c86       0xdd build/obj/adc_lld.o
                                        0xdb9 (size before relaxing)
 .debug_str     0x0000000000001d63       0xcc build/obj/pal_lld.o
                                        0x43f (size before relaxing)
 .debug_str     0x0000000000001e2f       0x2d build/obj/board.o
                                        0x299 (size before relaxing)
 .debug_str     0x0000000000001e5c       0x56 build/obj/main.o
                                        0x744 (size before relaxing)

.comment        0x0000000000000000       0x1f
 .comment       0x0000000000000000       0x1f build/obj/crt0.o
                                         0x20 (size before relaxing)
 .comment       0x0000000000000000       0x20 build/obj/vectors.o
 .comment       0x0000000000000000       0x20 build/obj/chcore.o
 .comment       0x0000000000000000       0x20 build/obj/chcore_v7m.o
 .comment       0x0000000000000000       0x20 build/obj/nvic.o
 .comment       0x0000000000000000       0x20 build/obj/chsys.o
 .comment       0x0000000000000000       0x20 build/obj/chdebug.o
 .comment       0x0000000000000000       0x20 build/obj/chvt.o
 .comment       0x0000000000000000       0x20 build/obj/chschd.o
 .comment       0x0000000000000000       0x20 build/obj/chthreads.o
 .comment       0x0000000000000000       0x20 build/obj/chregistry.o
 .comment       0x0000000000000000       0x20 build/obj/chmtx.o
 .comment       0x0000000000000000       0x20 build/obj/chmemcore.o
 .comment       0x0000000000000000       0x20 build/obj/chheap.o
 .comment       0x0000000000000000       0x20 build/obj/hal.o
 .comment       0x0000000000000000       0x20 build/obj/adc.o
 .comment       0x0000000000000000       0x20 build/obj/tm.o
 .comment       0x0000000000000000       0x20 build/obj/stm32_dma.o
 .comment       0x0000000000000000       0x20 build/obj/hal_lld.o
 .comment       0x0000000000000000       0x20 build/obj/adc_lld.o
 .comment       0x0000000000000000       0x20 build/obj/pal_lld.o
 .comment       0x0000000000000000       0x20 build/obj/board.o
 .comment       0x0000000000000000       0x20 build/obj/main.o

.ARM.attributes
                0x0000000000000000       0x33
 .ARM.attributes
                0x0000000000000000       0x33 build/obj/crt0.o
 .ARM.attributes
                0x0000000000000033       0x33 build/obj/vectors.o
 .ARM.attributes
                0x0000000000000066       0x33 build/obj/chcore.o
 .ARM.attributes
                0x0000000000000099       0x33 build/obj/chcore_v7m.o
 .ARM.attributes
                0x00000000000000cc       0x33 build/obj/nvic.o
 .ARM.attributes
                0x00000000000000ff       0x33 build/obj/chsys.o
 .ARM.attributes
                0x0000000000000132       0x33 build/obj/chdebug.o
 .ARM.attributes
                0x0000000000000165       0x33 build/obj/chvt.o
 .ARM.attributes
                0x0000000000000198       0x33 build/obj/chschd.o
 .ARM.attributes
                0x00000000000001cb       0x33 build/obj/chthreads.o
 .ARM.attributes
                0x00000000000001fe       0x33 build/obj/chregistry.o
 .ARM.attributes
                0x0000000000000231       0x33 build/obj/chmtx.o
 .ARM.attributes
                0x0000000000000264       0x33 build/obj/chmemcore.o
 .ARM.attributes
                0x0000000000000297       0x33 build/obj/chheap.o
 .ARM.attributes
                0x00000000000002ca       0x33 build/obj/hal.o
 .ARM.attributes
                0x00000000000002fd       0x33 build/obj/adc.o
 .ARM.attributes
                0x0000000000000330       0x33 build/obj/tm.o
 .ARM.attributes
                0x0000000000000363       0x33 build/obj/stm32_dma.o
 .ARM.attributes
                0x0000000000000396       0x33 build/obj/hal_lld.o
 .ARM.attributes
                0x00000000000003c9       0x33 build/obj/adc_lld.o
 .ARM.attributes
                0x00000000000003fc       0x33 build/obj/pal_lld.o
 .ARM.attributes
                0x000000000000042f       0x33 build/obj/board.o
 .ARM.attributes
                0x0000000000000462       0x33 build/obj/main.o

.debug_frame    0x0000000000000000      0xf88
 .debug_frame   0x0000000000000000       0x50 build/obj/crt0.o
 .debug_frame   0x0000000000000050       0x20 build/obj/vectors.o
 .debug_frame   0x0000000000000070       0x20 build/obj/chcore.o
 .debug_frame   0x0000000000000090       0xa4 build/obj/chcore_v7m.o
 .debug_frame   0x0000000000000134       0x64 build/obj/nvic.o
 .debug_frame   0x0000000000000198       0x64 build/obj/chsys.o
 .debug_frame   0x00000000000001fc      0x140 build/obj/chdebug.o
 .debug_frame   0x000000000000033c       0x64 build/obj/chvt.o
 .debug_frame   0x00000000000003a0      0x128 build/obj/chschd.o
 .debug_frame   0x00000000000004c8      0x1b8 build/obj/chthreads.o
 .debug_frame   0x0000000000000680       0x4c build/obj/chregistry.o
 .debug_frame   0x00000000000006cc      0x108 build/obj/chmtx.o
 .debug_frame   0x00000000000007d4       0x68 build/obj/chmemcore.o
 .debug_frame   0x000000000000083c       0xb0 build/obj/chheap.o
 .debug_frame   0x00000000000008ec       0x54 build/obj/hal.o
 .debug_frame   0x0000000000000940      0x154 build/obj/adc.o
 .debug_frame   0x0000000000000a94       0x6c build/obj/tm.o
 .debug_frame   0x0000000000000b00      0x234 build/obj/stm32_dma.o
 .debug_frame   0x0000000000000d34       0x40 build/obj/hal_lld.o
 .debug_frame   0x0000000000000d74      0x130 build/obj/adc_lld.o
 .debug_frame   0x0000000000000ea4       0x4c build/obj/pal_lld.o
 .debug_frame   0x0000000000000ef0       0x30 build/obj/board.o
 .debug_frame   0x0000000000000f20       0x68 build/obj/main.o

Cross Reference Table

Symbol                                            File
ADCD1                                             build/obj/adc_lld.o
                                                  build/obj/main.o
ADCD2                                             build/obj/adc_lld.o
ADCD3                                             build/obj/adc_lld.o
BusFaultVector                                    build/obj/vectors.o
DebugMonitorVector                                build/obj/vectors.o
HardFaultVector                                   build/obj/vectors.o
MemManageVector                                   build/obj/vectors.o
NMIVector                                         build/obj/vectors.o
PendSVVector                                      build/obj/vectors.o
ResetHandler                                      build/obj/crt0.o
                                                  build/obj/vectors.o
SVCallVector                                      build/obj/chcore_v7m.o
                                                  build/obj/vectors.o
SysTickVector                                     build/obj/chcore_v7m.o
                                                  build/obj/vectors.o
TestThread                                        build/obj/test.o
UsageFaultVector                                  build/obj/vectors.o
Vector100                                         build/obj/vectors.o
Vector104                                         build/obj/vectors.o
Vector108                                         build/obj/vectors.o
Vector10C                                         build/obj/vectors.o
Vector110                                         build/obj/vectors.o
Vector114                                         build/obj/vectors.o
Vector118                                         build/obj/vectors.o
Vector11C                                         build/obj/vectors.o
Vector120                                         build/obj/stm32_dma.o
                                                  build/obj/vectors.o
Vector124                                         build/obj/stm32_dma.o
                                                  build/obj/vectors.o
Vector128                                         build/obj/stm32_dma.o
                                                  build/obj/vectors.o
Vector12C                                         build/obj/stm32_dma.o
                                                  build/obj/vectors.o
Vector130                                         build/obj/stm32_dma.o
                                                  build/obj/vectors.o
Vector134                                         build/obj/vectors.o
Vector138                                         build/obj/vectors.o
Vector13C                                         build/obj/vectors.o
Vector140                                         build/obj/vectors.o
Vector144                                         build/obj/vectors.o
Vector148                                         build/obj/vectors.o
Vector14C                                         build/obj/vectors.o
Vector150                                         build/obj/stm32_dma.o
                                                  build/obj/vectors.o
Vector154                                         build/obj/stm32_dma.o
                                                  build/obj/vectors.o
Vector158                                         build/obj/stm32_dma.o
                                                  build/obj/vectors.o
Vector15C                                         build/obj/vectors.o
Vector160                                         build/obj/vectors.o
Vector164                                         build/obj/vectors.o
Vector168                                         build/obj/vectors.o
Vector16C                                         build/obj/vectors.o
Vector170                                         build/obj/vectors.o
Vector174                                         build/obj/vectors.o
Vector178                                         build/obj/vectors.o
Vector17C                                         build/obj/vectors.o
Vector180                                         build/obj/vectors.o
Vector184                                         build/obj/vectors.o
Vector188                                         build/obj/vectors.o
Vector18C                                         build/obj/vectors.o
Vector190                                         build/obj/vectors.o
Vector194                                         build/obj/vectors.o
Vector198                                         build/obj/vectors.o
Vector19C                                         build/obj/vectors.o
Vector1A0                                         build/obj/vectors.o
Vector1A4                                         build/obj/vectors.o
Vector1A8                                         build/obj/vectors.o
Vector1C                                          build/obj/vectors.o
Vector20                                          build/obj/vectors.o
Vector24                                          build/obj/vectors.o
Vector28                                          build/obj/vectors.o
Vector34                                          build/obj/vectors.o
Vector40                                          build/obj/vectors.o
Vector44                                          build/obj/vectors.o
Vector48                                          build/obj/vectors.o
Vector4C                                          build/obj/vectors.o
Vector50                                          build/obj/vectors.o
Vector54                                          build/obj/vectors.o
Vector58                                          build/obj/vectors.o
Vector5C                                          build/obj/vectors.o
Vector60                                          build/obj/vectors.o
Vector64                                          build/obj/vectors.o
Vector68                                          build/obj/vectors.o
Vector6C                                          build/obj/stm32_dma.o
                                                  build/obj/vectors.o
Vector70                                          build/obj/stm32_dma.o
                                                  build/obj/vectors.o
Vector74                                          build/obj/stm32_dma.o
                                                  build/obj/vectors.o
Vector78                                          build/obj/stm32_dma.o
                                                  build/obj/vectors.o
Vector7C                                          build/obj/stm32_dma.o
                                                  build/obj/vectors.o
Vector80                                          build/obj/stm32_dma.o
                                                  build/obj/vectors.o
Vector84                                          build/obj/stm32_dma.o
                                                  build/obj/vectors.o
Vector88                                          build/obj/adc_lld.o
                                                  build/obj/vectors.o
Vector8C                                          build/obj/vectors.o
Vector90                                          build/obj/vectors.o
Vector94                                          build/obj/vectors.o
Vector98                                          build/obj/vectors.o
Vector9C                                          build/obj/vectors.o
VectorA0                                          build/obj/vectors.o
VectorA4                                          build/obj/vectors.o
VectorA8                                          build/obj/vectors.o
VectorAC                                          build/obj/vectors.o
VectorB0                                          build/obj/vectors.o
VectorB4                                          build/obj/vectors.o
VectorB8                                          build/obj/vectors.o
VectorBC                                          build/obj/vectors.o
VectorC0                                          build/obj/vectors.o
VectorC4                                          build/obj/vectors.o
VectorC8                                          build/obj/vectors.o
VectorCC                                          build/obj/vectors.o
VectorD0                                          build/obj/vectors.o
VectorD4                                          build/obj/vectors.o
VectorD8                                          build/obj/vectors.o
VectorDC                                          build/obj/vectors.o
VectorE0                                          build/obj/vectors.o
VectorE4                                          build/obj/vectors.o
VectorE8                                          build/obj/vectors.o
VectorEC                                          build/obj/vectors.o
VectorF0                                          build/obj/vectors.o
VectorF4                                          build/obj/vectors.o
VectorF8                                          build/obj/vectors.o
VectorFC                                          build/obj/stm32_dma.o
                                                  build/obj/vectors.o
__early_init                                      build/obj/board.o
                                                  build/obj/crt0.o
__fini_array_end                                  build/obj/crt0.o
__fini_array_start                                build/obj/crt0.o
__heap_base__                                     build/obj/chmemcore.o
__heap_end__                                      build/obj/chmemcore.o
__init_array_end                                  build/obj/crt0.o
__init_array_start                                build/obj/crt0.o
__late_init                                       build/obj/crt0.o
__main_stack_base__                               build/obj/crt0.o
__main_stack_end__                                build/obj/vectors.o
                                                  build/obj/crt0.o
__main_thread_stack_base__                        build/obj/chsys.o
__process_stack_base__                            build/obj/crt0.o
__process_stack_end__                             build/obj/crt0.o
_bss_end                                          build/obj/crt0.o
_bss_start                                        build/obj/crt0.o
_core_init                                        build/obj/chmemcore.o
                                                  build/obj/chsys.o
_data                                             build/obj/crt0.o
_default_exit                                     build/obj/crt0.o
_edata                                            build/obj/crt0.o
_heap_init                                        build/obj/chheap.o
                                                  build/obj/chsys.o
_idle_thread                                      build/obj/chsys.o
_idle_thread_wa                                   build/obj/chsys.o
_pal_lld_init                                     build/obj/pal_lld.o
                                                  build/obj/hal.o
_pal_lld_setgroupmode                             build/obj/pal_lld.o
                                                  build/obj/main.o
                                                  build/obj/pal.o
_port_init                                        build/obj/chcore_v7m.o
                                                  build/obj/chsys.o
_port_irq_epilogue                                build/obj/chcore_v7m.o
                                                  build/obj/adc_lld.o
                                                  build/obj/stm32_dma.o
_port_switch                                      build/obj/chcore_v7m.o
                                                  build/obj/chschd.o
_port_switch_from_isr                             build/obj/chcore_v7m.o
_port_thread_start                                build/obj/chcore_v7m.o
                                                  build/obj/chthreads.o
_scheduler_init                                   build/obj/chschd.o
                                                  build/obj/chsys.o
_stm32_dma_streams                                build/obj/stm32_dma.o
                                                  build/obj/adc_lld.o
_test_assert                                      build/obj/test.o
                                                  build/obj/testqueues.o
                                                  build/obj/testdyn.o
                                                  build/obj/testpools.o
                                                  build/obj/testheap.o
                                                  build/obj/testevt.o
                                                  build/obj/testmbox.o
                                                  build/obj/testmtx.o
                                                  build/obj/testsem.o
                                                  build/obj/testthd.o
_test_assert_sequence                             build/obj/test.o
                                                  build/obj/testqueues.o
                                                  build/obj/testdyn.o
                                                  build/obj/testevt.o
                                                  build/obj/testmbox.o
                                                  build/obj/testmsg.o
                                                  build/obj/testmtx.o
                                                  build/obj/testsem.o
                                                  build/obj/testthd.o
_test_assert_time_window                          build/obj/test.o
                                                  build/obj/testevt.o
                                                  build/obj/testmtx.o
                                                  build/obj/testsem.o
                                                  build/obj/testthd.o
_test_fail                                        build/obj/test.o
_textdata                                         build/obj/crt0.o
_thread_init                                      build/obj/chthreads.o
                                                  build/obj/chsys.o
_thread_memfill                                   build/obj/chthreads.o
                                                  build/obj/chdynamic.o
_trace_init                                       build/obj/chdebug.o
                                                  build/obj/chsys.o
_unhandled_exception                              build/obj/vectors.o
_vectors                                          build/obj/vectors.o
_vt_init                                          build/obj/chvt.o
                                                  build/obj/chsys.o
adcAcquireBus                                     build/obj/adc.o
adcConvert                                        build/obj/adc.o
                                                  build/obj/main.o
adcInit                                           build/obj/adc.o
                                                  build/obj/hal.o
adcObjectInit                                     build/obj/adc.o
                                                  build/obj/adc_lld.o
adcReleaseBus                                     build/obj/adc.o
adcSTM32DisableTSVREFE                            build/obj/adc_lld.o
                                                  build/obj/main.o
adcSTM32DisableVBATE                              build/obj/adc_lld.o
adcSTM32EnableTSVREFE                             build/obj/adc_lld.o
                                                  build/obj/main.o
adcSTM32EnableVBATE                               build/obj/adc_lld.o
adcStart                                          build/obj/adc.o
                                                  build/obj/main.o
adcStartConversion                                build/obj/adc.o
                                                  build/obj/main.o
adcStartConversionI                               build/obj/adc.o
adcStop                                           build/obj/adc.o
adcStopConversion                                 build/obj/adc.o
                                                  build/obj/main.o
adcStopConversionI                                build/obj/adc.o
adc_lld_init                                      build/obj/adc_lld.o
                                                  build/obj/adc.o
adc_lld_start                                     build/obj/adc_lld.o
                                                  build/obj/adc.o
adc_lld_start_conversion                          build/obj/adc_lld.o
                                                  build/obj/adc.o
adc_lld_stop                                      build/obj/adc_lld.o
                                                  build/obj/adc.o
adc_lld_stop_conversion                           build/obj/adc_lld.o
                                                  build/obj/adc.o
boardInit                                         build/obj/board.o
                                                  build/obj/hal.o
chCondBroadcast                                   build/obj/chcond.o
                                                  build/obj/testmtx.o
chCondBroadcastI                                  build/obj/chcond.o
chCondInit                                        build/obj/chcond.o
                                                  build/obj/testmtx.o
chCondSignal                                      build/obj/chcond.o
                                                  build/obj/testmtx.o
chCondSignalI                                     build/obj/chcond.o
                                                  build/obj/testmtx.o
chCondWait                                        build/obj/chcond.o
                                                  build/obj/testmtx.o
chCondWaitS                                       build/obj/chcond.o
chCondWaitTimeout                                 build/obj/chcond.o
                                                  build/obj/testmtx.o
chCondWaitTimeoutS                                build/obj/chcond.o
chCoreAlloc                                       build/obj/chmemcore.o
                                                  build/obj/chheap.o
chCoreAllocI                                      build/obj/chmemcore.o
chCoreStatus                                      build/obj/chmemcore.o
                                                  build/obj/testheap.o
chDbgCheckClassI                                  build/obj/chdebug.o
                                                  build/obj/adc.o
                                                  build/obj/chmempools.o
                                                  build/obj/chmemcore.o
                                                  build/obj/chqueues.o
                                                  build/obj/chmboxes.o
                                                  build/obj/chevents.o
                                                  build/obj/chcond.o
                                                  build/obj/chsem.o
                                                  build/obj/chthreads.o
                                                  build/obj/chschd.o
                                                  build/obj/chvt.o
                                                  build/obj/chsys.o
chDbgCheckClassS                                  build/obj/chdebug.o
                                                  build/obj/chmboxes.o
                                                  build/obj/chcond.o
                                                  build/obj/chmtx.o
                                                  build/obj/chsem.o
                                                  build/obj/chschd.o
chDbgPanic                                        build/obj/chdebug.o
                                                  build/obj/adc_lld.o
                                                  build/obj/stm32_dma.o
                                                  build/obj/pal.o
                                                  build/obj/adc.o
                                                  build/obj/chmempools.o
                                                  build/obj/chheap.o
                                                  build/obj/chqueues.o
                                                  build/obj/chmboxes.o
                                                  build/obj/chmsg.o
                                                  build/obj/chevents.o
                                                  build/obj/chcond.o
                                                  build/obj/chmtx.o
                                                  build/obj/chsem.o
                                                  build/obj/chregistry.o
                                                  build/obj/chdynamic.o
                                                  build/obj/chthreads.o
                                                  build/obj/chschd.o
                                                  build/obj/chvt.o
chEvtAddEvents                                    build/obj/chevents.o
                                                  build/obj/testevt.o
chEvtBroadcastFlags                               build/obj/chevents.o
                                                  build/obj/testevt.o
chEvtBroadcastFlagsI                              build/obj/chevents.o
chEvtDispatch                                     build/obj/chevents.o
                                                  build/obj/testevt.o
chEvtGetAndClearEvents                            build/obj/chevents.o
                                                  build/obj/testevt.o
chEvtGetAndClearFlags                             build/obj/chevents.o
chEvtGetAndClearFlagsI                            build/obj/chevents.o
chEvtRegisterMask                                 build/obj/chevents.o
                                                  build/obj/testevt.o
chEvtSignal                                       build/obj/chevents.o
                                                  build/obj/testevt.o
chEvtSignalI                                      build/obj/chevents.o
chEvtUnregister                                   build/obj/chevents.o
                                                  build/obj/testevt.o
chEvtWaitAll                                      build/obj/chevents.o
                                                  build/obj/testevt.o
chEvtWaitAllTimeout                               build/obj/chevents.o
                                                  build/obj/testevt.o
chEvtWaitAny                                      build/obj/chevents.o
                                                  build/obj/testevt.o
chEvtWaitAnyTimeout                               build/obj/chevents.o
                                                  build/obj/testevt.o
chEvtWaitOne                                      build/obj/chevents.o
                                                  build/obj/testevt.o
chEvtWaitOneTimeout                               build/obj/chevents.o
                                                  build/obj/testevt.o
chHeapAlloc                                       build/obj/chheap.o
                                                  build/obj/testdyn.o
                                                  build/obj/testheap.o
                                                  build/obj/chdynamic.o
chHeapFree                                        build/obj/chheap.o
                                                  build/obj/testdyn.o
                                                  build/obj/testheap.o
                                                  build/obj/chdynamic.o
chHeapInit                                        build/obj/chheap.o
                                                  build/obj/testdyn.o
                                                  build/obj/testheap.o
chHeapStatus                                      build/obj/chheap.o
                                                  build/obj/testdyn.o
                                                  build/obj/testheap.o
chIQGetTimeout                                    build/obj/chqueues.o
                                                  build/obj/testbmk.o
                                                  build/obj/testqueues.o
chIQInit                                          build/obj/chqueues.o
                                                  build/obj/testbmk.o
                                                  build/obj/testqueues.o
chIQPutI                                          build/obj/chqueues.o
                                                  build/obj/testbmk.o
                                                  build/obj/testqueues.o
chIQReadTimeout                                   build/obj/chqueues.o
                                                  build/obj/testqueues.o
chIQResetI                                        build/obj/chqueues.o
                                                  build/obj/testqueues.o
chMBFetch                                         build/obj/chmboxes.o
                                                  build/obj/testmbox.o
chMBFetchI                                        build/obj/chmboxes.o
                                                  build/obj/testmbox.o
chMBFetchS                                        build/obj/chmboxes.o
chMBInit                                          build/obj/chmboxes.o
                                                  build/obj/testmbox.o
chMBPost                                          build/obj/chmboxes.o
                                                  build/obj/testmbox.o
chMBPostAhead                                     build/obj/chmboxes.o
                                                  build/obj/testmbox.o
chMBPostAheadI                                    build/obj/chmboxes.o
                                                  build/obj/testmbox.o
chMBPostAheadS                                    build/obj/chmboxes.o
chMBPostI                                         build/obj/chmboxes.o
                                                  build/obj/testmbox.o
chMBPostS                                         build/obj/chmboxes.o
chMBReset                                         build/obj/chmboxes.o
                                                  build/obj/testmbox.o
chMsgRelease                                      build/obj/chmsg.o
                                                  build/obj/testbmk.o
                                                  build/obj/testmsg.o
chMsgSend                                         build/obj/chmsg.o
                                                  build/obj/testbmk.o
                                                  build/obj/testmsg.o
chMsgWait                                         build/obj/chmsg.o
                                                  build/obj/testbmk.o
                                                  build/obj/testmsg.o
chMtxInit                                         build/obj/chmtx.o
                                                  build/obj/adc.o
                                                  build/obj/testbmk.o
                                                  build/obj/testmtx.o
                                                  build/obj/chheap.o
chMtxLock                                         build/obj/chmtx.o
                                                  build/obj/adc.o
                                                  build/obj/testbmk.o
                                                  build/obj/testmtx.o
                                                  build/obj/chheap.o
chMtxLockS                                        build/obj/chmtx.o
                                                  build/obj/chcond.o
chMtxTryLock                                      build/obj/chmtx.o
                                                  build/obj/testmtx.o
chMtxTryLockS                                     build/obj/chmtx.o
chMtxUnlock                                       build/obj/chmtx.o
                                                  build/obj/adc.o
                                                  build/obj/testbmk.o
                                                  build/obj/testmtx.o
                                                  build/obj/chheap.o
chMtxUnlockAll                                    build/obj/chmtx.o
                                                  build/obj/testmtx.o
chMtxUnlockS                                      build/obj/chmtx.o
                                                  build/obj/testmtx.o
                                                  build/obj/chcond.o
chOQGetI                                          build/obj/chqueues.o
                                                  build/obj/testqueues.o
chOQInit                                          build/obj/chqueues.o
                                                  build/obj/testqueues.o
chOQPutTimeout                                    build/obj/chqueues.o
                                                  build/obj/testqueues.o
chOQResetI                                        build/obj/chqueues.o
                                                  build/obj/testqueues.o
chOQWriteTimeout                                  build/obj/chqueues.o
                                                  build/obj/testqueues.o
chPoolAlloc                                       build/obj/chmempools.o
                                                  build/obj/testdyn.o
                                                  build/obj/testpools.o
                                                  build/obj/chdynamic.o
chPoolAllocI                                      build/obj/chmempools.o
chPoolFree                                        build/obj/chmempools.o
                                                  build/obj/testdyn.o
                                                  build/obj/testpools.o
                                                  build/obj/chdynamic.o
chPoolFreeI                                       build/obj/chmempools.o
chPoolInit                                        build/obj/chmempools.o
                                                  build/obj/testdyn.o
                                                  build/obj/testpools.o
chPoolLoadArray                                   build/obj/chmempools.o
                                                  build/obj/testpools.o
chRegFirstThread                                  build/obj/chregistry.o
                                                  build/obj/testdyn.o
chRegNextThread                                   build/obj/chregistry.o
                                                  build/obj/testdyn.o
chSchDoReschedule                                 build/obj/chschd.o
                                                  build/obj/chcore_v7m.o
chSchDoRescheduleAhead                            build/obj/chschd.o
chSchDoRescheduleBehind                           build/obj/chschd.o
                                                  build/obj/chthreads.o
chSchGoSleepS                                     build/obj/chschd.o
                                                  build/obj/adc.o
                                                  build/obj/testbmk.o
                                                  build/obj/chmsg.o
                                                  build/obj/chevents.o
                                                  build/obj/chcond.o
                                                  build/obj/chmtx.o
                                                  build/obj/chsem.o
                                                  build/obj/chthreads.o
chSchGoSleepTimeoutS                              build/obj/chschd.o
                                                  build/obj/chqueues.o
                                                  build/obj/chevents.o
                                                  build/obj/chcond.o
                                                  build/obj/chsem.o
                                                  build/obj/chthreads.o
chSchReadyI                                       build/obj/chschd.o
                                                  build/obj/adc_lld.o
                                                  build/obj/adc.o
                                                  build/obj/chqueues.o
                                                  build/obj/chmsg.o
                                                  build/obj/chevents.o
                                                  build/obj/chcond.o
                                                  build/obj/chmtx.o
                                                  build/obj/chsem.o
                                                  build/obj/chthreads.o
chSchRescheduleS                                  build/obj/chschd.o
                                                  build/obj/testmtx.o
                                                  build/obj/testsem.o
                                                  build/obj/chmboxes.o
                                                  build/obj/chevents.o
                                                  build/obj/chcond.o
                                                  build/obj/chmtx.o
                                                  build/obj/chsem.o
                                                  build/obj/chthreads.o
chSchWakeupS                                      build/obj/chschd.o
                                                  build/obj/adc.o
                                                  build/obj/testbmk.o
                                                  build/obj/chmsg.o
                                                  build/obj/chcond.o
                                                  build/obj/chmtx.o
                                                  build/obj/chsem.o
                                                  build/obj/chdynamic.o
                                                  build/obj/chthreads.o
chSemAddCounterI                                  build/obj/chsem.o
                                                  build/obj/testsem.o
chSemInit                                         build/obj/chsem.o
                                                  build/obj/testbmk.o
                                                  build/obj/testsem.o
                                                  build/obj/chmboxes.o
chSemReset                                        build/obj/chsem.o
                                                  build/obj/testbmk.o
                                                  build/obj/testsem.o
chSemResetI                                       build/obj/chsem.o
                                                  build/obj/chmboxes.o
chSemSignal                                       build/obj/chsem.o
                                                  build/obj/testbmk.o
                                                  build/obj/testsem.o
chSemSignalI                                      build/obj/chsem.o
                                                  build/obj/testsem.o
                                                  build/obj/chmboxes.o
chSemSignalWait                                   build/obj/chsem.o
                                                  build/obj/testsem.o
chSemWait                                         build/obj/chsem.o
                                                  build/obj/testbmk.o
                                                  build/obj/testsem.o
chSemWaitS                                        build/obj/chsem.o
chSemWaitTimeout                                  build/obj/chsem.o
                                                  build/obj/testsem.o
chSemWaitTimeoutS                                 build/obj/chsem.o
                                                  build/obj/chmboxes.o
chSysInit                                         build/obj/chsys.o
                                                  build/obj/main.o
chSysTimerHandlerI                                build/obj/chsys.o
                                                  build/obj/chcore_v7m.o
chThdAddRef                                       build/obj/chdynamic.o
                                                  build/obj/testdyn.o
chThdCreateFromHeap                               build/obj/chdynamic.o
                                                  build/obj/testdyn.o
chThdCreateFromMemoryPool                         build/obj/chdynamic.o
                                                  build/obj/testdyn.o
chThdCreateI                                      build/obj/chthreads.o
                                                  build/obj/testthd.o
                                                  build/obj/chdynamic.o
chThdCreateStatic                                 build/obj/chthreads.o
                                                  build/obj/main.o
                                                  build/obj/testbmk.o
                                                  build/obj/testqueues.o
                                                  build/obj/testevt.o
                                                  build/obj/testmsg.o
                                                  build/obj/testmtx.o
                                                  build/obj/testsem.o
                                                  build/obj/testthd.o
                                                  build/obj/chsys.o
chThdExit                                         build/obj/chthreads.o
                                                  build/obj/chcore_v7m.o
chThdExitS                                        build/obj/chthreads.o
chThdRelease                                      build/obj/chdynamic.o
                                                  build/obj/testdyn.o
                                                  build/obj/chregistry.o
                                                  build/obj/chthreads.o
chThdResume                                       build/obj/chthreads.o
                                                  build/obj/testthd.o
chThdSetPriority                                  build/obj/chthreads.o
                                                  build/obj/testthd.o
chThdSleep                                        build/obj/chthreads.o
                                                  build/obj/main.o
                                                  build/obj/testbmk.o
                                                  build/obj/testdyn.o
                                                  build/obj/testevt.o
                                                  build/obj/testmtx.o
                                                  build/obj/testsem.o
                                                  build/obj/testthd.o
                                                  build/obj/test.o
chThdSleepUntil                                   build/obj/chthreads.o
                                                  build/obj/testthd.o
chThdTerminate                                    build/obj/chthreads.o
                                                  build/obj/test.o
chThdWait                                         build/obj/chthreads.o
                                                  build/obj/testbmk.o
                                                  build/obj/test.o
chThdYield                                        build/obj/chthreads.o
                                                  build/obj/testbmk.o
chVTResetI                                        build/obj/chvt.o
                                                  build/obj/testbmk.o
                                                  build/obj/chschd.o
chVTSetI                                          build/obj/chvt.o
                                                  build/obj/testbmk.o
                                                  build/obj/test.o
                                                  build/obj/chschd.o
ch_debug                                          build/obj/chregistry.o
                                                  build/obj/chsys.o
dbg_check_disable                                 build/obj/chdebug.o
dbg_check_enable                                  build/obj/chdebug.o
                                                  build/obj/chsys.o
dbg_check_enter_isr                               build/obj/chdebug.o
                                                  build/obj/adc_lld.o
                                                  build/obj/stm32_dma.o
                                                  build/obj/chcore_v7m.o
dbg_check_leave_isr                               build/obj/chdebug.o
                                                  build/obj/adc_lld.o
                                                  build/obj/stm32_dma.o
                                                  build/obj/chcore_v7m.o
dbg_check_lock                                    build/obj/chdebug.o
                                                  build/obj/adc.o
                                                  build/obj/testbmk.o
                                                  build/obj/testqueues.o
                                                  build/obj/testmbox.o
                                                  build/obj/testmtx.o
                                                  build/obj/testsem.o
                                                  build/obj/testthd.o
                                                  build/obj/test.o
                                                  build/obj/chmempools.o
                                                  build/obj/chmemcore.o
                                                  build/obj/chqueues.o
                                                  build/obj/chmboxes.o
                                                  build/obj/chmsg.o
                                                  build/obj/chevents.o
                                                  build/obj/chcond.o
                                                  build/obj/chmtx.o
                                                  build/obj/chsem.o
                                                  build/obj/chregistry.o
                                                  build/obj/chdynamic.o
                                                  build/obj/chthreads.o
                                                  build/obj/chcore_v7m.o
dbg_check_lock_from_isr                           build/obj/chdebug.o
                                                  build/obj/adc_lld.o
                                                  build/obj/chschd.o
                                                  build/obj/chsys.o
                                                  build/obj/chcore_v7m.o
dbg_check_suspend                                 build/obj/chdebug.o
dbg_check_unlock                                  build/obj/chdebug.o
                                                  build/obj/adc.o
                                                  build/obj/testbmk.o
                                                  build/obj/testqueues.o
                                                  build/obj/testmbox.o
                                                  build/obj/testmtx.o
                                                  build/obj/testsem.o
                                                  build/obj/testthd.o
                                                  build/obj/test.o
                                                  build/obj/chmempools.o
                                                  build/obj/chmemcore.o
                                                  build/obj/chqueues.o
                                                  build/obj/chmboxes.o
                                                  build/obj/chmsg.o
                                                  build/obj/chevents.o
                                                  build/obj/chcond.o
                                                  build/obj/chmtx.o
                                                  build/obj/chsem.o
                                                  build/obj/chregistry.o
                                                  build/obj/chdynamic.o
                                                  build/obj/chthreads.o
                                                  build/obj/chcore_v7m.o
dbg_check_unlock_from_isr                         build/obj/chdebug.o
                                                  build/obj/adc_lld.o
                                                  build/obj/chschd.o
                                                  build/obj/chsys.o
                                                  build/obj/chcore_v7m.o
dbg_isr_cnt                                       build/obj/chdebug.o
dbg_lock_cnt                                      build/obj/chdebug.o