Archive member included because of file (symbol)

/usr/lib/gcc/arm-none-eabi/4.8.2/../../../arm-none-eabi/lib/armv7e-m/libg.a(lib_a-memset.o)
                              build/obj/usb.o (memset)
/usr/lib/gcc/arm-none-eabi/4.8.2/../../../arm-none-eabi/lib/armv7e-m/libg.a(lib_a-strcasecmp.o)
                              build/obj/shell.o (strcasecmp)
/usr/lib/gcc/arm-none-eabi/4.8.2/../../../arm-none-eabi/lib/armv7e-m/libg.a(lib_a-strlen.o)
                              build/obj/main.o (strlen)
/usr/lib/gcc/arm-none-eabi/4.8.2/../../../arm-none-eabi/lib/armv7e-m/libg.a(lib_a-strpbrk.o)
                              build/obj/shell.o (strpbrk)
/usr/lib/gcc/arm-none-eabi/4.8.2/../../../arm-none-eabi/lib/armv7e-m/libg.a(lib_a-strspn.o)
                              build/obj/shell.o (strspn)
/usr/lib/gcc/arm-none-eabi/4.8.2/../../../arm-none-eabi/lib/armv7e-m/libg.a(lib_a-ctype_.o)
                              /usr/lib/gcc/arm-none-eabi/4.8.2/../../../arm-none-eabi/lib/armv7e-m/libg.a(lib_a-strcasecmp.o) (__ctype_ptr__)

Discarded input sections

 .text          0x0000000000000000        0x0 build/obj/crt0.o
 .data          0x0000000000000000        0x0 build/obj/crt0.o
 .bss           0x0000000000000000        0x0 build/obj/crt0.o
 .text.__early_init
                0x0000000000000000       0x10 build/obj/crt0.o
 .text          0x0000000000000000        0x0 build/obj/vectors.o
 .data          0x0000000000000000        0x0 build/obj/vectors.o
 .bss           0x0000000000000000        0x0 build/obj/vectors.o
 .text          0x0000000000000000        0x0 build/obj/chcore.o
 .data          0x0000000000000000        0x0 build/obj/chcore.o
 .bss           0x0000000000000000        0x0 build/obj/chcore.o
 .text          0x0000000000000000        0x0 build/obj/chcore_v7m.o
 .data          0x0000000000000000        0x0 build/obj/chcore_v7m.o
 .bss           0x0000000000000000        0x0 build/obj/chcore_v7m.o
 .text          0x0000000000000000        0x0 build/obj/nvic.o
 .data          0x0000000000000000        0x0 build/obj/nvic.o
 .bss           0x0000000000000000        0x0 build/obj/nvic.o
 .text.nvicDisableVector
                0x0000000000000000       0x50 build/obj/nvic.o
 .text          0x0000000000000000        0x0 build/obj/chsys.o
 .data          0x0000000000000000        0x0 build/obj/chsys.o
 .bss           0x0000000000000000        0x0 build/obj/chsys.o
 .text          0x0000000000000000        0x0 build/obj/chdebug.o
 .data          0x0000000000000000        0x0 build/obj/chdebug.o
 .bss           0x0000000000000000        0x0 build/obj/chdebug.o
 .debug_info    0x0000000000000000       0x79 build/obj/chdebug.o
 .debug_abbrev  0x0000000000000000       0x26 build/obj/chdebug.o
 .debug_aranges
                0x0000000000000000       0x18 build/obj/chdebug.o
 .debug_line    0x0000000000000000       0x1d build/obj/chdebug.o
 .debug_str     0x0000000000000000      0x1ac build/obj/chdebug.o
 .comment       0x0000000000000000       0x20 build/obj/chdebug.o
 .ARM.attributes
                0x0000000000000000       0x33 build/obj/chdebug.o
 .text          0x0000000000000000        0x0 build/obj/chlists.o
 .data          0x0000000000000000        0x0 build/obj/chlists.o
 .bss           0x0000000000000000        0x0 build/obj/chlists.o
 .debug_info    0x0000000000000000       0x79 build/obj/chlists.o
 .debug_abbrev  0x0000000000000000       0x26 build/obj/chlists.o
 .debug_aranges
                0x0000000000000000       0x18 build/obj/chlists.o
 .debug_line    0x0000000000000000       0x1d build/obj/chlists.o
 .debug_str     0x0000000000000000      0x1ac build/obj/chlists.o
 .comment       0x0000000000000000       0x20 build/obj/chlists.o
 .ARM.attributes
                0x0000000000000000       0x33 build/obj/chlists.o
 .text          0x0000000000000000        0x0 build/obj/chvt.o
 .data          0x0000000000000000        0x0 build/obj/chvt.o
 .bss           0x0000000000000000        0x0 build/obj/chvt.o
 .text          0x0000000000000000        0x0 build/obj/chschd.o
 .data          0x0000000000000000        0x0 build/obj/chschd.o
 .bss           0x0000000000000000        0x0 build/obj/chschd.o
 .text          0x0000000000000000        0x0 build/obj/chthreads.o
 .data          0x0000000000000000        0x0 build/obj/chthreads.o
 .bss           0x0000000000000000        0x0 build/obj/chthreads.o
 .text.chThdSetPriority
                0x0000000000000000       0x30 build/obj/chthreads.o
 .text.chThdResume
                0x0000000000000000       0x20 build/obj/chthreads.o
 .text.chThdTerminate
                0x0000000000000000       0x20 build/obj/chthreads.o
 .text.chThdYield
                0x0000000000000000       0x30 build/obj/chthreads.o
 .text.chThdWait
                0x0000000000000000       0x40 build/obj/chthreads.o
 .text          0x0000000000000000        0x0 build/obj/chdynamic.o
 .data          0x0000000000000000        0x0 build/obj/chdynamic.o
[...]
Memory Configuration

Name             Origin             Length             Attributes
flash            0x0000000008000000 0x0000000000100000
ram              0x0000000020000000 0x000000000001c000
ethram           0x000000002001c000 0x0000000000004000
ccmram           0x0000000010000000 0x0000000000010000
*default*        0x0000000000000000 0xffffffffffffffff

Linker script and memory map

LOAD build/obj/crt0.o
LOAD build/obj/vectors.o
LOAD build/obj/chcore.o
LOAD build/obj/chcore_v7m.o
LOAD build/obj/nvic.o
LOAD build/obj/chsys.o
LOAD build/obj/chdebug.o
LOAD build/obj/chlists.o
LOAD build/obj/chvt.o
LOAD build/obj/chschd.o
LOAD build/obj/chthreads.o
LOAD build/obj/chdynamic.o
LOAD build/obj/chregistry.o
LOAD build/obj/chsem.o
LOAD build/obj/chmtx.o
LOAD build/obj/chcond.o
LOAD build/obj/chevents.o
LOAD build/obj/chmsg.o
LOAD build/obj/chmboxes.o
LOAD build/obj/chqueues.o
LOAD build/obj/chmemcore.o
LOAD build/obj/chheap.o
LOAD build/obj/chmempools.o
LOAD build/obj/test.o
LOAD build/obj/testthd.o
LOAD build/obj/testsem.o
LOAD build/obj/testmtx.o
LOAD build/obj/testmsg.o
LOAD build/obj/testmbox.o
LOAD build/obj/testevt.o
LOAD build/obj/testheap.o
LOAD build/obj/testpools.o
LOAD build/obj/testdyn.o
LOAD build/obj/testqueues.o
LOAD build/obj/testbmk.o
LOAD build/obj/hal.o
LOAD build/obj/adc.o
LOAD build/obj/can.o
LOAD build/obj/ext.o
LOAD build/obj/gpt.o
LOAD build/obj/i2c.o
LOAD build/obj/icu.o
LOAD build/obj/mac.o
LOAD build/obj/mmc_spi.o
LOAD build/obj/mmcsd.o
LOAD build/obj/pal.o
LOAD build/obj/pwm.o
LOAD build/obj/rtc.o
LOAD build/obj/sdc.o
LOAD build/obj/serial.o
LOAD build/obj/serial_usb.o
LOAD build/obj/spi.o
LOAD build/obj/tm.o
LOAD build/obj/uart.o
LOAD build/obj/usb.o
LOAD build/obj/stm32_dma.o
LOAD build/obj/hal_lld.o
LOAD build/obj/adc_lld.o
LOAD build/obj/ext_lld_isr.o
LOAD build/obj/can_lld.o
LOAD build/obj/ext_lld.o
LOAD build/obj/mac_lld.o
LOAD build/obj/sdc_lld.o
LOAD build/obj/pal_lld.o
LOAD build/obj/i2c_lld.o
LOAD build/obj/usb_lld.o
LOAD build/obj/rtc_lld.o
LOAD build/obj/spi_lld.o
LOAD build/obj/gpt_lld.o
LOAD build/obj/icu_lld.o
LOAD build/obj/pwm_lld.o
LOAD build/obj/serial_lld.o
LOAD build/obj/uart_lld.o
LOAD build/obj/board.o
LOAD build/obj/lis3dsh.o
LOAD build/obj/shell.o
LOAD build/obj/chprintf.o
LOAD build/obj/usbcfg.o
LOAD build/obj/main.o
                0x0000000000000400                __main_stack_size__ = 0x400
                0x0000000000000400                __process_stack_size__ = 0x400
                0x0000000020000000                __ram_start__ = ORIGIN (ram)
                0x000000000001c000                __ram_size__ = 0x1c000
                0x000000002001c000                __ram_end__ = (__ram_start__ + __ram_size__)
                0x0000000000000000                . = 0x0
                0x0000000000000000                _text = .

startup         0x0000000008000000      0x1ac
 *(vectors)
 vectors        0x0000000008000000      0x1ac build/obj/vectors.o
                0x0000000008000000                _vectors

constructors    0x00000000080001ac        0x0
                0x00000000080001ac                PROVIDE (__init_array_start, .)
 *(SORT(.init_array.*))
 *(.init_array)
                0x00000000080001ac                PROVIDE (__init_array_end, .)

destructors     0x00000000080001ac        0x0
                0x00000000080001ac                PROVIDE (__fini_array_start, .)
 *(.fini_array)
 *(SORT(.fini_array.*))
                0x00000000080001ac                PROVIDE (__fini_array_end, .)

.text           0x00000000080001b0     0x4314
 *(.text.startup.*)
 .text.startup.main
                0x00000000080001b0      0x200 build/obj/main.o
                0x00000000080001b0                main
 *(.text)
 *(.text.*)
 .text.__late_init
                0x00000000080003b0       0x10 build/obj/crt0.o
                0x00000000080003b0                __late_init
 .text._default_exit
                0x00000000080003c0       0x10 build/obj/crt0.o
                0x00000000080003c0                _default_exit
 .text.ResetHandler
                0x00000000080003d0      0x140 build/obj/crt0.o
                0x00000000080003d0                ResetHandler
 .text._unhandled_exception
                0x0000000008000510       0x10 build/obj/vectors.o
                0x0000000008000510                Vector58
                0x0000000008000510                VectorE8
                0x0000000008000510                Vector9C
                0x0000000008000510                VectorAC
                0x0000000008000510                Vector1A0
                0x0000000008000510                Vector5C
                0x0000000008000510                NMIVector
                0x0000000008000510                Vector11C
                0x0000000008000510                Vector19C
                0x0000000008000510                Vector8C
                0x0000000008000510                VectorDC
                0x0000000008000510                Vector168
                0x0000000008000510                Vector110
                0x0000000008000510                VectorC8
                0x0000000008000510                Vector94
                0x0000000008000510                VectorA8
                0x0000000008000510                VectorB4
                0x0000000008000510                Vector160
                0x0000000008000510                VectorEC
                0x0000000008000510                UsageFaultVector
                0x0000000008000510                DebugMonitorVector
                0x0000000008000510                Vector40
                0x0000000008000510                VectorF8
                0x0000000008000510                Vector108
                0x0000000008000510                VectorBC
                0x0000000008000510                Vector190
                0x0000000008000510                Vector148
                0x0000000008000510                Vector188
                0x0000000008000510                PendSVVector
                0x0000000008000510                Vector198
                0x0000000008000510                Vector118
                0x0000000008000510                Vector64
                0x0000000008000510                VectorCC
                0x0000000008000510                Vector54
                0x0000000008000510                Vector98
                0x0000000008000510                Vector138
                0x0000000008000510                Vector24
                0x0000000008000510                Vector178
                0x0000000008000510                Vector1A4
                0x0000000008000510                BusFaultVector
                0x0000000008000510                VectorD0
                0x0000000008000510                Vector140
                0x0000000008000510                VectorE4
                0x0000000008000510                VectorC0
                0x0000000008000510                HardFaultVector
                0x0000000008000510                Vector134
                0x0000000008000510                VectorF0
                0x0000000008000510                Vector13C
                0x0000000008000510                Vector100
                0x0000000008000510                VectorE0
                0x0000000008000510                VectorF4
                0x0000000008000510                MemManageVector
                0x0000000008000510                VectorA0
                0x0000000008000510                VectorC4
                0x0000000008000510                Vector180
                0x0000000008000510                VectorB0
                0x0000000008000510                Vector90
                0x0000000008000510                Vector114
                0x0000000008000510                Vector164
                0x0000000008000510                Vector60
                0x0000000008000510                Vector1C
                0x0000000008000510                Vector17C
                0x0000000008000510                Vector48
                0x0000000008000510                Vector1A8
                0x0000000008000510                Vector16C
                0x0000000008000510                VectorD4
                0x0000000008000510                Vector4C
                0x0000000008000510                Vector144
                0x0000000008000510                Vector15C
                0x0000000008000510                Vector68
                0x0000000008000510                _unhandled_exception
                0x0000000008000510                Vector170
                0x0000000008000510                Vector88
                0x0000000008000510                Vector104
                0x0000000008000510                Vector184
                0x0000000008000510                Vector10C
                0x0000000008000510                Vector50
                0x0000000008000510                Vector194
                0x0000000008000510                Vector44
                0x0000000008000510                Vector28
                0x0000000008000510                Vector34
                0x0000000008000510                VectorA4
                0x0000000008000510                Vector20
                0x0000000008000510                Vector18C
                0x0000000008000510                Vector174
 .text.port_halt
                0x0000000008000520       0x10 build/obj/chcore.o
                0x0000000008000520                port_halt
 .text._port_switch_from_isr
                0x0000000008000530       0x10 build/obj/chcore_v7m.o
                0x0000000008000530                _port_switch_from_isr
 .text.SVCallVector
                0x0000000008000540       0x20 build/obj/chcore_v7m.o
                0x0000000008000540                SVCallVector
 .text._port_init
                0x0000000008000560       0x40 build/obj/chcore_v7m.o
                0x0000000008000560                _port_init
 .text._port_irq_epilogue
                0x00000000080005a0       0x80 build/obj/chcore_v7m.o
                0x00000000080005a0                _port_irq_epilogue
 .text.SysTickVector
                0x0000000008000620       0x20 build/obj/chcore_v7m.o
                0x0000000008000620                SysTickVector
 .text._port_switch
                0x0000000008000640       0x10 build/obj/chcore_v7m.o
                0x0000000008000640                _port_switch
 .text._port_thread_start
                0x0000000008000650       0x10 build/obj/chcore_v7m.o
                0x0000000008000650                _port_thread_start
 .text.nvicEnableVector
                0x0000000008000660       0x50 build/obj/nvic.o
                0x0000000008000660                nvicEnableVector
 .text.nvicSetSystemHandlerPriority
                0x00000000080006b0       0x30 build/obj/nvic.o
                0x00000000080006b0                nvicSetSystemHandlerPriority
 .text._idle_thread
                0x00000000080006e0       0x20 build/obj/chsys.o
                0x00000000080006e0                _idle_thread
 .text.chSysInit
                0x0000000008000700       0x70 build/obj/chsys.o
                0x0000000008000700                chSysInit
 .text.chSysTimerHandlerI
                0x0000000008000770       0x70 build/obj/chsys.o
                0x0000000008000770                chSysTimerHandlerI
 .text._vt_init
                0x00000000080007e0       0x20 build/obj/chvt.o
                0x00000000080007e0                _vt_init
 .text.chVTSetI
                0x0000000008000800       0x40 build/obj/chvt.o
                0x0000000008000800                chVTSetI
 .text.chVTResetI
                0x0000000008000840       0x30 build/obj/chvt.o
                0x0000000008000840                chVTResetI
 .text.wakeup   0x0000000008000870       0x70 build/obj/chschd.o
 .text._scheduler_init
                0x00000000080008e0       0x20 build/obj/chschd.o
                0x00000000080008e0                _scheduler_init
 .text.chSchReadyI
                0x0000000008000900       0x30 build/obj/chschd.o
                0x0000000008000900                chSchReadyI
 .text.chSchGoSleepS
                0x0000000008000930       0x30 build/obj/chschd.o
                0x0000000008000930                chSchGoSleepS
 .text.chSchGoSleepTimeoutS
                0x0000000008000960       0x50 build/obj/chschd.o
                0x0000000008000960                chSchGoSleepTimeoutS
 .text.chSchWakeupS
                0x00000000080009b0       0x70 build/obj/chschd.o
                0x00000000080009b0                chSchWakeupS
 .text.chSchDoRescheduleBehind
                0x0000000008000a20       0x50 build/obj/chschd.o
                0x0000000008000a20                chSchDoRescheduleBehind
 .text.chSchDoRescheduleAhead
                0x0000000008000a70       0x40 build/obj/chschd.o
                0x0000000008000a70                chSchDoRescheduleAhead
 .text.chSchRescheduleS
                0x0000000008000ab0       0x20 build/obj/chschd.o
                0x0000000008000ab0                chSchRescheduleS
 .text.chSchDoReschedule
                0x0000000008000ad0       0x20 build/obj/chschd.o
                0x0000000008000ad0                chSchDoReschedule
 .text._thread_init
                0x0000000008000af0       0x60 build/obj/chthreads.o
                0x0000000008000af0                _thread_init
 .text.chThdCreateI
                0x0000000008000b50       0x80 build/obj/chthreads.o
                0x0000000008000b50                chThdCreateI
 .text.chThdCreateStatic
                0x0000000008000bd0       0x90 build/obj/chthreads.o
                0x0000000008000bd0                chThdCreateStatic
 .text.chThdSleep
                0x0000000008000c60       0x20 build/obj/chthreads.o
                0x0000000008000c60                chThdSleep
 .text.chThdSleepUntil
                0x0000000008000c80       0x30 build/obj/chthreads.o
                0x0000000008000c80                chThdSleepUntil
 .text.chThdExitS
                0x0000000008000cb0       0x40 build/obj/chthreads.o
                0x0000000008000cb0                chThdExitS
 .text.chThdExit
                0x0000000008000cf0       0x10 build/obj/chthreads.o
                0x0000000008000cf0                chThdExit
 .text.chMtxInit
                0x0000000008000d00       0x10 build/obj/chmtx.o
                0x0000000008000d00                chMtxInit
 .text.chEvtSignalI
                0x0000000008000d10       0x30 build/obj/chevents.o
                0x0000000008000d10                chEvtSignalI
 .text.chEvtBroadcastFlagsI
                0x0000000008000d40       0x20 build/obj/chevents.o
                0x0000000008000d40                chEvtBroadcastFlagsI
 .text.qwait    0x0000000008000d60       0x30 build/obj/chqueues.o
 .text.chIQInit
                0x0000000008000d90       0x20 build/obj/chqueues.o
                0x0000000008000d90                chIQInit
 .text.chIQResetI
                0x0000000008000db0       0x30 build/obj/chqueues.o
                0x0000000008000db0                chIQResetI
 .text.chIQPutI
                0x0000000008000de0       0x50 build/obj/chqueues.o
                0x0000000008000de0                chIQPutI
 .text.chIQGetTimeout
                0x0000000008000e30       0x50 build/obj/chqueues.o
                0x0000000008000e30                chIQGetTimeout
 .text.chIQReadTimeout
                0x0000000008000e80       0x80 build/obj/chqueues.o
                0x0000000008000e80                chIQReadTimeout
 .text.chOQInit
                0x0000000008000f00       0x20 build/obj/chqueues.o
                0x0000000008000f00                chOQInit
 .text.chOQResetI
                0x0000000008000f20       0x30 build/obj/chqueues.o
                0x0000000008000f20                chOQResetI
 .text.chOQPutTimeout
                0x0000000008000f50       0x60 build/obj/chqueues.o
                0x0000000008000f50                chOQPutTimeout
 .text.chOQGetI
                0x0000000008000fb0       0x50 build/obj/chqueues.o
                0x0000000008000fb0                chOQGetI
 .text.chOQWriteTimeout
                0x0000000008001000       0x80 build/obj/chqueues.o
                0x0000000008001000                chOQWriteTimeout
 .text._core_init
                0x0000000008001080       0x30 build/obj/chmemcore.o
                0x0000000008001080                _core_init
 .text.chCoreAlloc
                0x00000000080010b0       0x40 build/obj/chmemcore.o
                0x00000000080010b0                chCoreAlloc
 .text._heap_init
                0x00000000080010f0       0x20 build/obj/chheap.o
                0x00000000080010f0                _heap_init
 .text.halInit  0x0000000008001110       0x30 build/obj/hal.o
                0x0000000008001110                halInit
 .text.halPolledDelay
                0x0000000008001140       0x50 build/obj/hal.o
                0x0000000008001140                halPolledDelay
 .text.pwmInit  0x0000000008001190       0x10 build/obj/pwm.o
                0x0000000008001190                pwmInit
 .text.pwmObjectInit
                0x00000000080011a0       0x10 build/obj/pwm.o
                0x00000000080011a0                pwmObjectInit
 .text.pwmStart
                0x00000000080011b0       0x20 build/obj/pwm.o
                0x00000000080011b0                pwmStart
 .text.pwmEnableChannel
                0x00000000080011d0       0x20 build/obj/pwm.o
                0x00000000080011d0                pwmEnableChannel
 .text.readt    0x00000000080011f0       0x10 build/obj/serial.o
 .text.read     0x0000000008001200       0x10 build/obj/serial.o
 .text.writet   0x0000000008001210       0x10 build/obj/serial.o
 .text.write    0x0000000008001220       0x10 build/obj/serial.o
 .text.gett     0x0000000008001230       0x10 build/obj/serial.o
 .text.get      0x0000000008001240       0x10 build/obj/serial.o
 .text.putt     0x0000000008001250       0x10 build/obj/serial.o
 .text.put      0x0000000008001260       0x10 build/obj/serial.o
 .text.sdInit   0x0000000008001270       0x10 build/obj/serial.o
                0x0000000008001270                sdInit
 .text.sdObjectInit
                0x0000000008001280       0x50 build/obj/serial.o
                0x0000000008001280                sdObjectInit
 .text.sdStart  0x00000000080012d0       0x20 build/obj/serial.o
                0x00000000080012d0                sdStart
 .text.sdIncomingDataI
                0x00000000080012f0       0x40 build/obj/serial.o
                0x00000000080012f0                sdIncomingDataI
 .text.onotify  0x0000000008001330       0x60 build/obj/serial_usb.o
 .text.inotify  0x0000000008001390       0x70 build/obj/serial_usb.o
 .text.readt    0x0000000008001400       0x10 build/obj/serial_usb.o
 .text.read     0x0000000008001410       0x10 build/obj/serial_usb.o
 .text.writet   0x0000000008001420       0x10 build/obj/serial_usb.o
 .text.write    0x0000000008001430       0x10 build/obj/serial_usb.o
 .text.gett     0x0000000008001440       0x10 build/obj/serial_usb.o
 .text.get      0x0000000008001450       0x10 build/obj/serial_usb.o
 .text.putt     0x0000000008001460       0x10 build/obj/serial_usb.o
 .text.put      0x0000000008001470       0x10 build/obj/serial_usb.o
 .text.sduInit  0x0000000008001480       0x10 build/obj/serial_usb.o
                0x0000000008001480                sduInit
 .text.sduObjectInit
                0x0000000008001490       0x50 build/obj/serial_usb.o
                0x0000000008001490                sduObjectInit
 .text.sduStart
                0x00000000080014e0       0x40 build/obj/serial_usb.o
                0x00000000080014e0                sduStart
 .text.sduConfigureHookI
                0x0000000008001520       0x50 build/obj/serial_usb.o
                0x0000000008001520                sduConfigureHookI
 .text.sduRequestsHook
                0x0000000008001570       0x50 build/obj/serial_usb.o
                0x0000000008001570                sduRequestsHook
 .text.sduDataTransmitted
                0x00000000080015c0       0x80 build/obj/serial_usb.o
                0x00000000080015c0                sduDataTransmitted
 .text.sduDataReceived
                0x0000000008001640       0x70 build/obj/serial_usb.o
                0x0000000008001640                sduDataReceived
 .text.sduInterruptTransmitted
                0x00000000080016b0       0x10 build/obj/serial_usb.o
                0x00000000080016b0                sduInterruptTransmitted
 .text.spiInit  0x00000000080016c0       0x10 build/obj/spi.o
                0x00000000080016c0                spiInit
 .text.spiObjectInit
                0x00000000080016d0       0x10 build/obj/spi.o
                0x00000000080016d0                spiObjectInit
 .text.spiStart
                0x00000000080016e0       0x20 build/obj/spi.o
                0x00000000080016e0                spiStart
 .text.spiSelect
                0x0000000008001700       0x20 build/obj/spi.o
                0x0000000008001700                spiSelect
 .text.spiUnselect
                0x0000000008001720       0x20 build/obj/spi.o
                0x0000000008001720                spiUnselect
 .text.spiExchange
                0x0000000008001740       0x40 build/obj/spi.o
                0x0000000008001740                spiExchange
 .text.spiSend  0x0000000008001780       0x30 build/obj/spi.o
                0x0000000008001780                spiSend
 .text.usbInit  0x00000000080017b0       0x10 build/obj/usb.o
                0x00000000080017b0                usbInit
 .text.usbObjectInit
                0x00000000080017c0       0x20 build/obj/usb.o
                0x00000000080017c0                usbObjectInit
 .text.usbStart
                0x00000000080017e0       0x30 build/obj/usb.o
                0x00000000080017e0                usbStart
 .text.usbInitEndpointI
                0x0000000008001810       0x40 build/obj/usb.o
                0x0000000008001810                usbInitEndpointI
 .text.usbPrepareQueuedReceive
                0x0000000008001850       0x20 build/obj/usb.o
                0x0000000008001850                usbPrepareQueuedReceive
 .text.usbPrepareQueuedTransmit
                0x0000000008001870       0x20 build/obj/usb.o
                0x0000000008001870                usbPrepareQueuedTransmit
 .text.usbStartReceiveI
                0x0000000008001890       0x30 build/obj/usb.o
                0x0000000008001890                usbStartReceiveI
 .text.usbStartTransmitI
                0x00000000080018c0       0x30 build/obj/usb.o
                0x00000000080018c0                usbStartTransmitI
 .text._usb_reset
                0x00000000080018f0       0x30 build/obj/usb.o
                0x00000000080018f0                _usb_reset
 .text._usb_ep0setup
                0x0000000008001920      0x320 build/obj/usb.o
                0x0000000008001920                _usb_ep0setup
 .text._usb_ep0in
                0x0000000008001c40       0xd0 build/obj/usb.o
                0x0000000008001c40                _usb_ep0in
 .text._usb_ep0out
                0x0000000008001d10       0x80 build/obj/usb.o
                0x0000000008001d10                _usb_ep0out
 .text.Vector6C
                0x0000000008001d90       0x30 build/obj/stm32_dma.o
                0x0000000008001d90                Vector6C
 .text.Vector70
                0x0000000008001dc0       0x30 build/obj/stm32_dma.o
                0x0000000008001dc0                Vector70
 .text.Vector74
                0x0000000008001df0       0x30 build/obj/stm32_dma.o
                0x0000000008001df0                Vector74
 .text.Vector78
                0x0000000008001e20       0x30 build/obj/stm32_dma.o
                0x0000000008001e20                Vector78
 .text.Vector7C
                0x0000000008001e50       0x30 build/obj/stm32_dma.o
                0x0000000008001e50                Vector7C
 .text.Vector80
                0x0000000008001e80       0x30 build/obj/stm32_dma.o
                0x0000000008001e80                Vector80
 .text.Vector84
                0x0000000008001eb0       0x30 build/obj/stm32_dma.o
                0x0000000008001eb0                Vector84
 .text.VectorFC
                0x0000000008001ee0       0x30 build/obj/stm32_dma.o
                0x0000000008001ee0                VectorFC
 .text.Vector120
                0x0000000008001f10       0x30 build/obj/stm32_dma.o
                0x0000000008001f10                Vector120
 .text.Vector124
                0x0000000008001f40       0x30 build/obj/stm32_dma.o
                0x0000000008001f40                Vector124
 .text.Vector128
                0x0000000008001f70       0x30 build/obj/stm32_dma.o
                0x0000000008001f70                Vector128
 .text.Vector12C
                0x0000000008001fa0       0x30 build/obj/stm32_dma.o
                0x0000000008001fa0                Vector12C
 .text.Vector130
                0x0000000008001fd0       0x30 build/obj/stm32_dma.o
                0x0000000008001fd0                Vector130
 .text.Vector150
                0x0000000008002000       0x30 build/obj/stm32_dma.o
                0x0000000008002000                Vector150
 .text.Vector154
                0x0000000008002030       0x30 build/obj/stm32_dma.o
                0x0000000008002030                Vector154
 .text.Vector158
                0x0000000008002060       0x30 build/obj/stm32_dma.o
                0x0000000008002060                Vector158
 .text.dmaInit  0x0000000008002090       0x60 build/obj/stm32_dma.o
                0x0000000008002090                dmaInit
 .text.dmaStreamAllocate
                0x00000000080020f0       0xb0 build/obj/stm32_dma.o
                0x00000000080020f0                dmaStreamAllocate
 .text.hal_lld_init
                0x00000000080021a0       0xb0 build/obj/hal_lld.o
                0x00000000080021a0                hal_lld_init
 .text.stm32_clock_init
                0x0000000008002250      0x100 build/obj/hal_lld.o
                0x0000000008002250                stm32_clock_init
 .text._pal_lld_init
                0x0000000008002350      0x1b0 build/obj/pal_lld.o
                0x0000000008002350                _pal_lld_init
 .text._pal_lld_setgroupmode
                0x0000000008002500       0xd0 build/obj/pal_lld.o
                0x0000000008002500                _pal_lld_setgroupmode
 .text.otg_epout_handler
                0x00000000080025d0       0x60 build/obj/usb_lld.o
 .text.usb_lld_pump
                0x0000000008002630      0x3b0 build/obj/usb_lld.o
 .text.otg_disable_ep.isra.0
                0x00000000080029e0       0x80 build/obj/usb_lld.o
 .text.usb_lld_init
                0x0000000008002a60       0x30 build/obj/usb_lld.o
                0x0000000008002a60                usb_lld_init
 .text.usb_lld_start
                0x0000000008002a90       0xf0 build/obj/usb_lld.o
                0x0000000008002a90                usb_lld_start
 .text.usb_lld_reset
                0x0000000008002b80       0xc0 build/obj/usb_lld.o
                0x0000000008002b80                usb_lld_reset
 .text.usb_lld_set_address
                0x0000000008002c40       0x20 build/obj/usb_lld.o
                0x0000000008002c40                usb_lld_set_address
 .text.usb_lld_init_endpoint
                0x0000000008002c60      0x180 build/obj/usb_lld.o
                0x0000000008002c60                usb_lld_init_endpoint
 .text.usb_lld_get_status_out
                0x0000000008002de0       0x20 build/obj/usb_lld.o
                0x0000000008002de0                usb_lld_get_status_out
 .text.usb_lld_get_status_in
                0x0000000008002e00       0x20 build/obj/usb_lld.o
                0x0000000008002e00                usb_lld_get_status_in
 .text.usb_lld_read_setup
                0x0000000008002e20       0x20 build/obj/usb_lld.o
                0x0000000008002e20                usb_lld_read_setup
 .text.usb_lld_prepare_receive
                0x0000000008002e40       0x30 build/obj/usb_lld.o
                0x0000000008002e40                usb_lld_prepare_receive
 .text.usb_lld_prepare_transmit
                0x0000000008002e70       0x50 build/obj/usb_lld.o
                0x0000000008002e70                usb_lld_prepare_transmit
 .text.otg_epin_handler
                0x0000000008002ec0       0xd0 build/obj/usb_lld.o
 .text.Vector14C
                0x0000000008002f90      0x140 build/obj/usb_lld.o
                0x0000000008002f90                Vector14C
 .text.usb_lld_start_out
                0x00000000080030d0       0x20 build/obj/usb_lld.o
                0x00000000080030d0                usb_lld_start_out
 .text.usb_lld_start_in
                0x00000000080030f0       0x30 build/obj/usb_lld.o
                0x00000000080030f0                usb_lld_start_in
 .text.usb_lld_stall_out
                0x0000000008003120       0x20 build/obj/usb_lld.o
                0x0000000008003120                usb_lld_stall_out
 .text.usb_lld_stall_in
                0x0000000008003140       0x20 build/obj/usb_lld.o
                0x0000000008003140                usb_lld_stall_in
 .text.usb_lld_clear_out
                0x0000000008003160       0x20 build/obj/usb_lld.o
                0x0000000008003160                usb_lld_clear_out
 .text.usb_lld_clear_in
                0x0000000008003180       0x20 build/obj/usb_lld.o
                0x0000000008003180                usb_lld_clear_in
 .text.spi_lld_serve_tx_interrupt
                0x00000000080031a0       0x10 build/obj/spi_lld.o
 .text.spi_lld_serve_rx_interrupt
                0x00000000080031b0       0x80 build/obj/spi_lld.o
 .text.spi_lld_init
                0x0000000008003230       0x80 build/obj/spi_lld.o
                0x0000000008003230                spi_lld_init
 .text.spi_lld_start
                0x00000000080032b0       0xe0 build/obj/spi_lld.o
                0x00000000080032b0                spi_lld_start
 .text.spi_lld_select
                0x0000000008003390       0x20 build/obj/spi_lld.o
                0x0000000008003390                spi_lld_select
 .text.spi_lld_unselect
                0x00000000080033b0       0x20 build/obj/spi_lld.o
                0x00000000080033b0                spi_lld_unselect
 .text.spi_lld_exchange
                0x00000000080033d0       0x40 build/obj/spi_lld.o
                0x00000000080033d0                spi_lld_exchange
 .text.spi_lld_send
                0x0000000008003410       0x40 build/obj/spi_lld.o
                0x0000000008003410                spi_lld_send
 .text.VectorB8
                0x0000000008003450       0x80 build/obj/pwm_lld.o
                0x0000000008003450                VectorB8
 .text.pwm_lld_init
                0x00000000080034d0       0x20 build/obj/pwm_lld.o
                0x00000000080034d0                pwm_lld_init
 .text.pwm_lld_start
                0x00000000080034f0      0x110 build/obj/pwm_lld.o
                0x00000000080034f0                pwm_lld_start
 .text.pwm_lld_enable_channel
                0x0000000008003600       0x40 build/obj/pwm_lld.o
                0x0000000008003600                pwm_lld_enable_channel
 .text.notify2  0x0000000008003640       0x20 build/obj/serial_lld.o
 .text.VectorD8
                0x0000000008003660      0x120 build/obj/serial_lld.o
                0x0000000008003660                VectorD8
 .text.sd_lld_init
                0x0000000008003780       0x30 build/obj/serial_lld.o
                0x0000000008003780                sd_lld_init
 .text.sd_lld_start
                0x00000000080037b0       0xb0 build/obj/serial_lld.o
                0x00000000080037b0                sd_lld_start
 .text.__early_init
                0x0000000008003860       0x10 build/obj/board.o
                0x0000000008003860                __early_init
 .text.boardInit
                0x0000000008003870       0x10 build/obj/board.o
                0x0000000008003870                boardInit
 .text.lis3dshReadRegister
                0x0000000008003880       0x40 build/obj/lis3dsh.o
                0x0000000008003880                lis3dshReadRegister
 .text.lis3dshWriteRegister
                0x00000000080038c0       0xb0 build/obj/lis3dsh.o
                0x00000000080038c0                lis3dshWriteRegister
 .text.shellInit
                0x0000000008003970       0x10 build/obj/shell.o
                0x0000000008003970                shellInit
 .text.long_to_string_with_divisor.constprop.0
                0x0000000008003980       0x50 build/obj/chprintf.o
 .text.chvprintf
                0x00000000080039d0      0x260 build/obj/chprintf.o
                0x00000000080039d0                chvprintf
 .text.get_descriptor
                0x0000000008003c30       0x40 build/obj/usbcfg.o
 .text.usb_event
                0x0000000008003c70       0x40 build/obj/usbcfg.o
 .text.Thread1  0x0000000008003cb0      0x1d0 build/obj/main.o
 .text.chprintf.constprop.2
                0x0000000008003e80       0x30 build/obj/main.o
 .text.memset   0x0000000008003eb0       0x94 /usr/lib/gcc/arm-none-eabi/4.8.2/../../../arm-none-eabi/lib/armv7e-m/libg.a(lib_a-memset.o)
                0x0000000008003eb0                memset
 *fill*         0x0000000008003f44        0xc 
 .text.strlen   0x0000000008003f50       0x60 /usr/lib/gcc/arm-none-eabi/4.8.2/../../../arm-none-eabi/lib/armv7e-m/libg.a(lib_a-strlen.o)
                0x0000000008003f50                strlen
 *(.rodata)
 *(.rodata.*)
 .rodata.str1.4
                0x0000000008003fb0        0x5 build/obj/chsys.o
                                          0x8 (size before relaxing)
 *fill*         0x0000000008003fb5        0xb 
 .rodata.ch_debug
                0x0000000008003fc0       0x18 build/obj/chregistry.o
                0x0000000008003fc0                ch_debug
 *fill*         0x0000000008003fd8        0x8 
 .rodata.vmt    0x0000000008003fe0       0x20 build/obj/serial.o
 .rodata.vmt    0x0000000008004000       0x20 build/obj/serial_usb.o
 .rodata.zero_status
                0x0000000008004020        0x4 build/obj/usb.o
 *fill*         0x0000000008004024        0xc 
 .rodata.active_status
                0x0000000008004030        0x4 build/obj/usb.o
 *fill*         0x0000000008004034        0xc 
 .rodata.halted_status
                0x0000000008004040        0x4 build/obj/usb.o
 *fill*         0x0000000008004044        0xc 
 .rodata._stm32_dma_streams
                0x0000000008004050       0xc0 build/obj/stm32_dma.o
                0x0000000008004050                _stm32_dma_streams
 .rodata.fsparams
                0x0000000008004110        0xc build/obj/usb_lld.o
 *fill*         0x000000000800411c        0x4 
 .rodata.str1.4
                0x0000000008004120        0xd build/obj/usb_lld.o
                                         0x10 (size before relaxing)
 *fill*         0x000000000800412d        0x3 
 .rodata.ep0config
                0x0000000008004130       0x24 build/obj/usb_lld.o
 *fill*         0x0000000008004154        0xc 
 .rodata.default_config
                0x0000000008004160        0xc build/obj/serial_lld.o
 *fill*         0x000000000800416c        0x4 
 .rodata.pal_default_config
                0x0000000008004170       0xfc build/obj/board.o
                0x0000000008004170                pal_default_config
 *fill*         0x000000000800426c        0x4 
 .rodata.str1.4
                0x0000000008004270        0x7 build/obj/chprintf.o
                                          0x8 (size before relaxing)
 *fill*         0x0000000008004277        0x9 
 .rodata.ep1config
                0x0000000008004280       0x24 build/obj/usbcfg.o
 *fill*         0x00000000080042a4        0xc 
 .rodata.vcom_configuration_descriptor
                0x00000000080042b0        0x8 build/obj/usbcfg.o
 *fill*         0x00000000080042b8        0x8 
 .rodata.ep2config
                0x00000000080042c0       0x24 build/obj/usbcfg.o
 *fill*         0x00000000080042e4        0xc 
 .rodata.usbcfg
                0x00000000080042f0       0x10 build/obj/usbcfg.o
                0x00000000080042f0                usbcfg
 .rodata.vcom_configuration_descriptor_data
                0x0000000008004300       0x44 build/obj/usbcfg.o
 *fill*         0x0000000008004344        0xc 
 .rodata.vcom_device_descriptor_data
                0x0000000008004350       0x14 build/obj/usbcfg.o
 *fill*         0x0000000008004364        0xc 
 .rodata.vcom_string0
                0x0000000008004370        0x4 build/obj/usbcfg.o
 *fill*         0x0000000008004374        0xc 
 .rodata.vcom_string1
                0x0000000008004380       0x28 build/obj/usbcfg.o
 *fill*         0x00000000080043a8        0x8 
 .rodata.vcom_string2
                0x00000000080043b0       0x38 build/obj/usbcfg.o
 *fill*         0x00000000080043e8        0x8 
 .rodata.vcom_string3
                0x00000000080043f0        0x8 build/obj/usbcfg.o
 *fill*         0x00000000080043f8        0x8 
 .rodata.vcom_strings
                0x0000000008004400       0x20 build/obj/usbcfg.o
 .rodata.serusbcfg
                0x0000000008004420        0x8 build/obj/usbcfg.o
                0x0000000008004420                serusbcfg
 *fill*         0x0000000008004428        0x8 
 .rodata.vcom_device_descriptor
                0x0000000008004430        0x8 build/obj/usbcfg.o
 *fill*         0x0000000008004438        0x8 
 .rodata.spi1cfg
                0x0000000008004440        0xc build/obj/main.o
 *fill*         0x000000000800444c        0x4 
 .rodata.spi2cfg
                0x0000000008004450        0xc build/obj/main.o
 *fill*         0x000000000800445c        0x4 
 .rodata.str1.4
                0x0000000008004460       0x2c build/obj/main.o
 *fill*         0x000000000800448c        0x4 
 .rodata.pwmcfg
                0x0000000008004490       0x34 build/obj/main.o
 *(.glue_7t)
 .glue_7t       0x0000000000000000        0x0 linker stubs
 *(.glue_7)
 .glue_7        0x0000000000000000        0x0 linker stubs
 *(.gcc*)

.vfp11_veneer   0x00000000080044c4        0x0
 .vfp11_veneer  0x0000000000000000        0x0 linker stubs

.v4_bx          0x00000000080044c4        0x0
 .v4_bx         0x0000000000000000        0x0 linker stubs

.iplt           0x00000000080044c4        0x0
 .iplt          0x0000000000000000        0x0 build/obj/crt0.o

.rel.dyn        0x00000000080044c4        0x0
 .rel.iplt      0x0000000000000000        0x0 build/obj/crt0.o

.ARM.extab
 *(.ARM.extab* .gnu.linkonce.armextab.*)

.ARM.exidx      0x00000000080044c4        0x0
                0x00000000080044c4                PROVIDE (__exidx_start, .)
 *(.ARM.exidx* .gnu.linkonce.armexidx.*)
                0x00000000080044c4                PROVIDE (__exidx_end, .)

.eh_frame_hdr
 *(.eh_frame_hdr)

.eh_frame
 *(.eh_frame)

.textalign      0x00000000080044c4        0x4
                0x00000000080044c8                . = ALIGN (0x8)
 *fill*         0x00000000080044c4        0x4 
                0x00000000080044c8                . = ALIGN (0x4)
                0x00000000080044c8                _etext = .
                0x00000000080044c8                _textdata = _etext

.stacks         0x0000000020000000      0x800
                0x0000000020000000                . = ALIGN (0x8)
                0x0000000020000000                __main_stack_base__ = .
                0x0000000020000400                . = (. + __main_stack_size__)
 *fill*         0x0000000020000000      0x400 
                0x0000000020000400                . = ALIGN (0x8)
                0x0000000020000400                __main_stack_end__ = .
                0x0000000020000400                __process_stack_base__ = .
                0x0000000020000400                __main_thread_stack_base__ = .
                0x0000000020000800                . = (. + __process_stack_size__)
 *fill*         0x0000000020000400      0x400 
                0x0000000020000800                . = ALIGN (0x8)
                0x0000000020000800                __process_stack_end__ = .
                0x0000000020000800                __main_thread_stack_end__ = .

.data           0x0000000020000800        0x8 load address 0x00000000080044c8
                0x0000000020000800                . = ALIGN (0x4)
                0x0000000020000800                PROVIDE (_data, .)
 *(.data)
                0x0000000020000800                . = ALIGN (0x4)
 *(.data.*)
 .data.linecoding
                0x0000000020000800        0x8 build/obj/serial_usb.o
                0x0000000020000808                . = ALIGN (0x4)
 *(.ramtext)
                0x0000000020000808                . = ALIGN (0x4)
                0x0000000020000808                PROVIDE (_edata, .)

.igot.plt       0x0000000020000808        0x0 load address 0x00000000080044d0
 .igot.plt      0x0000000000000000        0x0 build/obj/crt0.o

.bss            0x0000000020000808      0x8cc load address 0x00000000080044d0
                0x0000000020000808                . = ALIGN (0x4)
                0x0000000020000808                PROVIDE (_bss_start, .)
 *(.bss)
                0x0000000020000808                . = ALIGN (0x4)
 *(.bss.*)
 .bss.mainthread.4794
                0x0000000020000808       0x48 build/obj/chsys.o
 .bss._idle_thread_wa
                0x0000000020000850       0xe0 build/obj/chsys.o
                0x0000000020000850                _idle_thread_wa
 .bss.vtlist    0x0000000020000930       0x10 build/obj/chvt.o
                0x0000000020000930                vtlist
 .bss.rlist     0x0000000020000940       0x1c build/obj/chschd.o
                0x0000000020000940                rlist
 .bss.endmem    0x000000002000095c        0x4 build/obj/chmemcore.o
 .bss.nextmem   0x0000000020000960        0x4 build/obj/chmemcore.o
 *fill*         0x0000000020000964        0x4 
 .bss.default_heap
                0x0000000020000968       0x20 build/obj/chheap.o
 .bss.dma_isr_redir
                0x0000000020000988       0x80 build/obj/stm32_dma.o
 .bss.dma_streams_mask
                0x0000000020000a08        0x4 build/obj/stm32_dma.o
 *fill*         0x0000000020000a0c        0x4 
 .bss.USBD1     0x0000000020000a10      0x1b8 build/obj/usb_lld.o
                0x0000000020000a10                USBD1
 .bss.ep0_state
                0x0000000020000bc8       0x14 build/obj/usb_lld.o
 .bss.ep0setup_buffer
                0x0000000020000bdc        0x8 build/obj/usb_lld.o
 .bss.dummytx   0x0000000020000be4        0x2 build/obj/spi_lld.o
 *fill*         0x0000000020000be6        0x2 
 .bss.SPID1     0x0000000020000be8       0x30 build/obj/spi_lld.o
                0x0000000020000be8                SPID1
 .bss.SPID2     0x0000000020000c18       0x30 build/obj/spi_lld.o
                0x0000000020000c18                SPID2
 .bss.dummyrx   0x0000000020000c48        0x2 build/obj/spi_lld.o
 *fill*         0x0000000020000c4a        0x2 
 .bss.PWMD4     0x0000000020000c4c       0x14 build/obj/pwm_lld.o
                0x0000000020000c4c                PWMD4
 .bss.SD2       0x0000000020000c60       0x78 build/obj/serial_lld.o
                0x0000000020000c60                SD2
 .bss.rxbuf     0x0000000020000cd8        0x4 build/obj/lis3dsh.o
 .bss.txbuf     0x0000000020000cdc        0x4 build/obj/lis3dsh.o
 .bss.shell_terminated
                0x0000000020000ce0        0x4 build/obj/shell.o
                0x0000000020000ce0                shell_terminated
 .bss.ep2instate
                0x0000000020000ce4       0x14 build/obj/usbcfg.o
 .bss.ep1instate
                0x0000000020000cf8       0x14 build/obj/usbcfg.o
 .bss.ep1outstate
                0x0000000020000d0c       0x10 build/obj/usbcfg.o
 *fill*         0x0000000020000d1c        0x4 
 .bss.waThread1
                0x0000000020000d20      0x150 build/obj/main.o
 .bss.SDU1      0x0000000020000e70      0x258 build/obj/main.o
                0x0000000020000e70                SDU1
 .bss.xbuf.7224
                0x00000000200010c8        0x4 build/obj/main.o
 .bss.ybuf.7225
                0x00000000200010cc        0x4 build/obj/main.o
 .bss.TestX.7185
                0x00000000200010d0        0x1 build/obj/main.o
                0x00000000200010d4                . = ALIGN (0x4)
 *fill*         0x00000000200010d1        0x3 
 *(COMMON)
                0x00000000200010d4                . = ALIGN (0x4)
                0x00000000200010d4                PROVIDE (_bss_end, .)
                0x00000000200010d4                PROVIDE (end, .)
                0x00000000200010d4                _end = .
                0x00000000200010d4                __heap_base__ = _end
                0x000000002001c000                __heap_end__ = __ram_end__
START GROUP
LOAD /usr/lib/gcc/arm-none-eabi/4.8.2/armv7e-m/libgcc.a
LOAD /usr/lib/gcc/arm-none-eabi/4.8.2/../../../arm-none-eabi/lib/armv7e-m/libg.a
LOAD /usr/lib/gcc/arm-none-eabi/4.8.2/../../../arm-none-eabi/lib/armv7e-m/libc.a
END GROUP
OUTPUT(build/ch.elf elf32-littlearm)

.debug_info     0x0000000000000000    0x1919e
 .debug_info    0x0000000000000000      0x2bf build/obj/crt0.o
 .debug_info    0x00000000000002bf      0x1cd build/obj/vectors.o
 .debug_info    0x000000000000048c       0x92 build/obj/chcore.o
 .debug_info    0x000000000000051e      0x7f2 build/obj/chcore_v7m.o
 .debug_info    0x0000000000000d10      0x406 build/obj/nvic.o
 .debug_info    0x0000000000001116      0x827 build/obj/chsys.o
 .debug_info    0x000000000000193d      0x203 build/obj/chvt.o
 .debug_info    0x0000000000001b40      0x976 build/obj/chschd.o
 .debug_info    0x00000000000024b6      0xbea build/obj/chthreads.o
 .debug_info    0x00000000000030a0      0x623 build/obj/chregistry.o
 .debug_info    0x00000000000036c3      0x9ce build/obj/chmtx.o
 .debug_info    0x0000000000004091      0xd79 build/obj/chevents.o
 .debug_info    0x0000000000004e0a      0xbc3 build/obj/chqueues.o
 .debug_info    0x00000000000059cd      0x21f build/obj/chmemcore.o
 .debug_info    0x0000000000005bec      0x6fa build/obj/chheap.o
 .debug_info    0x00000000000062e6      0x3cf build/obj/hal.o
 .debug_info    0x00000000000066b5      0x685 build/obj/pwm.o
 .debug_info    0x0000000000006d3a      0xfbe build/obj/serial.o
 .debug_info    0x0000000000007cf8     0x1dd4 build/obj/serial_usb.o
 .debug_info    0x0000000000009acc     0x10cb build/obj/spi.o
 .debug_info    0x000000000000ab97     0x1e3f build/obj/usb.o
 .debug_info    0x000000000000c9d6      0xaff build/obj/stm32_dma.o
 .debug_info    0x000000000000d4d5      0x491 build/obj/hal_lld.o
 .debug_info    0x000000000000d966      0x704 build/obj/pal_lld.o
 .debug_info    0x000000000000e06a     0x270a build/obj/usb_lld.o
 .debug_info    0x0000000000010774      0xe51 build/obj/spi_lld.o
 .debug_info    0x00000000000115c5      0x7d1 build/obj/pwm_lld.o
 .debug_info    0x0000000000011d96      0xf2c build/obj/serial_lld.o
 .debug_info    0x0000000000012cc2      0x1f4 build/obj/board.o
 .debug_info    0x0000000000012eb6      0x963 build/obj/lis3dsh.o
 .debug_info    0x0000000000013819     0x142f build/obj/shell.o
 .debug_info    0x0000000000014c48      0x61a build/obj/chprintf.o
 .debug_info    0x0000000000015262     0x15f6 build/obj/usbcfg.o
 .debug_info    0x0000000000016858     0x277a build/obj/main.o
 .debug_info    0x0000000000018fd2      0x117 /usr/lib/gcc/arm-none-eabi/4.8.2/../../../arm-none-eabi/lib/armv7e-m/libg.a(lib_a-memset.o)
 .debug_info    0x00000000000190e9       0xb5 /usr/lib/gcc/arm-none-eabi/4.8.2/../../../arm-none-eabi/lib/armv7e-m/libg.a(lib_a-strlen.o)

.debug_abbrev   0x0000000000000000     0x4fe6
 .debug_abbrev  0x0000000000000000       0xf4 build/obj/crt0.o
 .debug_abbrev  0x00000000000000f4       0xaf build/obj/vectors.o
 .debug_abbrev  0x00000000000001a3       0x42 build/obj/chcore.o
 .debug_abbrev  0x00000000000001e5      0x1b9 build/obj/chcore_v7m.o
 .debug_abbrev  0x000000000000039e      0x10e build/obj/nvic.o
 .debug_abbrev  0x00000000000004ac      0x20e build/obj/chsys.o
 .debug_abbrev  0x00000000000006ba      0x117 build/obj/chvt.o
 .debug_abbrev  0x00000000000007d1      0x30a build/obj/chschd.o
 .debug_abbrev  0x0000000000000adb      0x35e build/obj/chthreads.o
 .debug_abbrev  0x0000000000000e39      0x176 build/obj/chregistry.o
 .debug_abbrev  0x0000000000000faf      0x2fa build/obj/chmtx.o
 .debug_abbrev  0x00000000000012a9      0x2f8 build/obj/chevents.o
 .debug_abbrev  0x00000000000015a1      0x31d build/obj/chqueues.o
 .debug_abbrev  0x00000000000018be      0x15b build/obj/chmemcore.o
 .debug_abbrev  0x0000000000001a19      0x1e7 build/obj/chheap.o
 .debug_abbrev  0x0000000000001c00      0x1bf build/obj/hal.o
 .debug_abbrev  0x0000000000001dbf      0x19c build/obj/pwm.o
 .debug_abbrev  0x0000000000001f5b      0x2b9 build/obj/serial.o
 .debug_abbrev  0x0000000000002214      0x3f7 build/obj/serial_usb.o
 .debug_abbrev  0x000000000000260b      0x276 build/obj/spi.o
 .debug_abbrev  0x0000000000002881      0x420 build/obj/usb.o
 .debug_abbrev  0x0000000000002ca1      0x211 build/obj/stm32_dma.o
 .debug_abbrev  0x0000000000002eb2      0x12b build/obj/hal_lld.o
 .debug_abbrev  0x0000000000002fdd      0x1aa build/obj/pal_lld.o
 .debug_abbrev  0x0000000000003187      0x515 build/obj/usb_lld.o
 .debug_abbrev  0x000000000000369c      0x304 build/obj/spi_lld.o
 .debug_abbrev  0x00000000000039a0      0x22f build/obj/pwm_lld.o
 .debug_abbrev  0x0000000000003bcf      0x31f build/obj/serial_lld.o
 .debug_abbrev  0x0000000000003eee       0xe3 build/obj/board.o
 .debug_abbrev  0x0000000000003fd1      0x20f build/obj/lis3dsh.o
 .debug_abbrev  0x00000000000041e0      0x3e1 build/obj/shell.o
 .debug_abbrev  0x00000000000045c1      0x263 build/obj/chprintf.o
 .debug_abbrev  0x0000000000004824      0x2ca build/obj/usbcfg.o
 .debug_abbrev  0x0000000000004aee      0x3e9 build/obj/main.o
 .debug_abbrev  0x0000000000004ed7       0x9f /usr/lib/gcc/arm-none-eabi/4.8.2/../../../arm-none-eabi/lib/armv7e-m/libg.a(lib_a-memset.o)
 .debug_abbrev  0x0000000000004f76       0x70 /usr/lib/gcc/arm-none-eabi/4.8.2/../../../arm-none-eabi/lib/armv7e-m/libg.a(lib_a-strlen.o)

.debug_loc      0x0000000000000000     0x65b8
 .debug_loc     0x0000000000000000       0xe2 build/obj/crt0.o
 .debug_loc     0x00000000000000e2       0x5a build/obj/chcore_v7m.o
 .debug_loc     0x000000000000013c      0x159 build/obj/nvic.o
 .debug_loc     0x0000000000000295       0x31 build/obj/chsys.o
 .debug_loc     0x00000000000002c6       0x6a build/obj/chvt.o
 .debug_loc     0x0000000000000330      0x2e2 build/obj/chschd.o
 .debug_loc     0x0000000000000612      0x350 build/obj/chthreads.o
 .debug_loc     0x0000000000000962       0x21 build/obj/chregistry.o
 .debug_loc     0x0000000000000983      0x376 build/obj/chmtx.o
 .debug_loc     0x0000000000000cf9      0x4b8 build/obj/chevents.o
 .debug_loc     0x00000000000011b1      0x6b0 build/obj/chqueues.o
 .debug_loc     0x0000000000001861       0xaa build/obj/chmemcore.o
 .debug_loc     0x000000000000190b      0x3ae build/obj/chheap.o
 .debug_loc     0x0000000000001cb9       0x58 build/obj/hal.o
 .debug_loc     0x0000000000001d11      0x102 build/obj/pwm.o
 .debug_loc     0x0000000000001e13      0x4c8 build/obj/serial.o
 .debug_loc     0x00000000000022db      0x6d4 build/obj/serial_usb.o
 .debug_loc     0x00000000000029af      0x422 build/obj/spi.o
 .debug_loc     0x0000000000002dd1      0xc16 build/obj/usb.o
 .debug_loc     0x00000000000039e7      0x251 build/obj/stm32_dma.o
 .debug_loc     0x0000000000003c38      0x19c build/obj/pal_lld.o
 .debug_loc     0x0000000000003dd4      0xf26 build/obj/usb_lld.o
 .debug_loc     0x0000000000004cfa      0x26a build/obj/spi_lld.o
 .debug_loc     0x0000000000004f64      0x206 build/obj/pwm_lld.o
 .debug_loc     0x000000000000516a      0x1d5 build/obj/serial_lld.o
 .debug_loc     0x000000000000533f       0xb8 build/obj/lis3dsh.o
 .debug_loc     0x00000000000053f7      0x723 build/obj/shell.o
 .debug_loc     0x0000000000005b1a      0x743 build/obj/chprintf.o
 .debug_loc     0x000000000000625d       0xdd build/obj/usbcfg.o
 .debug_loc     0x000000000000633a       0xd2 build/obj/main.o
 .debug_loc     0x000000000000640c      0x18b /usr/lib/gcc/arm-none-eabi/4.8.2/../../../arm-none-eabi/lib/armv7e-m/libg.a(lib_a-memset.o)
 .debug_loc     0x0000000000006597       0x21 /usr/lib/gcc/arm-none-eabi/4.8.2/../../../arm-none-eabi/lib/armv7e-m/libg.a(lib_a-strlen.o)

.debug_aranges  0x0000000000000000      0xb88
 .debug_aranges
                0x0000000000000000       0x38 build/obj/crt0.o
 .debug_aranges
                0x0000000000000038       0x20 build/obj/vectors.o
 .debug_aranges
                0x0000000000000058       0x20 build/obj/chcore.o
 .debug_aranges
                0x0000000000000078       0x50 build/obj/chcore_v7m.o
 .debug_aranges
                0x00000000000000c8       0x30 build/obj/nvic.o
 .debug_aranges
                0x00000000000000f8       0x30 build/obj/chsys.o
 .debug_aranges
                0x0000000000000128       0x30 build/obj/chvt.o
 .debug_aranges
                0x0000000000000158       0x68 build/obj/chschd.o
 .debug_aranges
                0x00000000000001c0       0x78 build/obj/chthreads.o
 .debug_aranges
                0x0000000000000238       0x28 build/obj/chregistry.o
 .debug_aranges
                0x0000000000000260       0x58 build/obj/chmtx.o
 .debug_aranges
                0x00000000000002b8       0xa0 build/obj/chevents.o
 .debug_aranges
                0x0000000000000358       0x70 build/obj/chqueues.o
 .debug_aranges
                0x00000000000003c8       0x38 build/obj/chmemcore.o
 .debug_aranges
                0x0000000000000400       0x40 build/obj/chheap.o
 .debug_aranges
                0x0000000000000440       0x30 build/obj/hal.o
 .debug_aranges
                0x0000000000000470       0x50 build/obj/pwm.o
 .debug_aranges
                0x00000000000004c0       0x88 build/obj/serial.o
 .debug_aranges
                0x0000000000000548       0xb0 build/obj/serial_usb.o
 .debug_aranges
                0x00000000000005f8       0x98 build/obj/spi.o
 .debug_aranges
                0x0000000000000690       0xa8 build/obj/usb.o
 .debug_aranges
                0x0000000000000738       0xb0 build/obj/stm32_dma.o
 .debug_aranges
                0x00000000000007e8       0x28 build/obj/hal_lld.o
 .debug_aranges
                0x0000000000000810       0x28 build/obj/pal_lld.o
 .debug_aranges
                0x0000000000000838       0xd0 build/obj/usb_lld.o
 .debug_aranges
                0x0000000000000908       0x78 build/obj/spi_lld.o
 .debug_aranges
                0x0000000000000980       0x48 build/obj/pwm_lld.o
 .debug_aranges
                0x00000000000009c8       0x40 build/obj/serial_lld.o
 .debug_aranges
                0x0000000000000a08       0x28 build/obj/board.o
 .debug_aranges
                0x0000000000000a30       0x28 build/obj/lis3dsh.o
 .debug_aranges
                0x0000000000000a58       0x68 build/obj/shell.o
 .debug_aranges
                0x0000000000000ac0       0x30 build/obj/chprintf.o
 .debug_aranges
                0x0000000000000af0       0x28 build/obj/usbcfg.o
 .debug_aranges
                0x0000000000000b18       0x30 build/obj/main.o
 .debug_aranges
                0x0000000000000b48       0x20 /usr/lib/gcc/arm-none-eabi/4.8.2/../../../arm-none-eabi/lib/armv7e-m/libg.a(lib_a-memset.o)
 .debug_aranges
                0x0000000000000b68       0x20 /usr/lib/gcc/arm-none-eabi/4.8.2/../../../arm-none-eabi/lib/armv7e-m/libg.a(lib_a-strlen.o)

.debug_ranges   0x0000000000000000     0x1420
 .debug_ranges  0x0000000000000000       0x28 build/obj/crt0.o
 .debug_ranges  0x0000000000000028       0x10 build/obj/vectors.o
 .debug_ranges  0x0000000000000038       0x10 build/obj/chcore.o
 .debug_ranges  0x0000000000000048       0x58 build/obj/chcore_v7m.o
 .debug_ranges  0x00000000000000a0       0x20 build/obj/nvic.o
 .debug_ranges  0x00000000000000c0       0x38 build/obj/chsys.o
 .debug_ranges  0x00000000000000f8       0x20 build/obj/chvt.o
 .debug_ranges  0x0000000000000118      0x150 build/obj/chschd.o
 .debug_ranges  0x0000000000000268      0x130 build/obj/chthreads.o
 .debug_ranges  0x0000000000000398       0x30 build/obj/chregistry.o
 .debug_ranges  0x00000000000003c8      0x170 build/obj/chmtx.o
 .debug_ranges  0x0000000000000538      0x120 build/obj/chevents.o
 .debug_ranges  0x0000000000000658       0xb8 build/obj/chqueues.o
 .debug_ranges  0x0000000000000710       0x28 build/obj/chmemcore.o
 .debug_ranges  0x0000000000000738       0x30 build/obj/chheap.o
 .debug_ranges  0x0000000000000768       0x40 build/obj/hal.o
 .debug_ranges  0x00000000000007a8       0x70 build/obj/pwm.o
 .debug_ranges  0x0000000000000818       0xa8 build/obj/serial.o
 .debug_ranges  0x00000000000008c0       0xd0 build/obj/serial_usb.o
 .debug_ranges  0x0000000000000990      0x100 build/obj/spi.o
 .debug_ranges  0x0000000000000a90      0x198 build/obj/usb.o
 .debug_ranges  0x0000000000000c28       0xa0 build/obj/stm32_dma.o
 .debug_ranges  0x0000000000000cc8       0x38 build/obj/hal_lld.o
 .debug_ranges  0x0000000000000d00      0x168 build/obj/pal_lld.o
 .debug_ranges  0x0000000000000e68      0x2b0 build/obj/usb_lld.o
 .debug_ranges  0x0000000000001118       0x68 build/obj/spi_lld.o
 .debug_ranges  0x0000000000001180       0x50 build/obj/pwm_lld.o
 .debug_ranges  0x00000000000011d0       0x90 build/obj/serial_lld.o
 .debug_ranges  0x0000000000001260       0x18 build/obj/board.o
 .debug_ranges  0x0000000000001278       0x18 build/obj/lis3dsh.o
 .debug_ranges  0x0000000000001290       0xe8 build/obj/shell.o
 .debug_ranges  0x0000000000001378       0x38 build/obj/chprintf.o
 .debug_ranges  0x00000000000013b0       0x18 build/obj/usbcfg.o
 .debug_ranges  0x00000000000013c8       0x38 build/obj/main.o
 .debug_ranges  0x0000000000001400       0x10 /usr/lib/gcc/arm-none-eabi/4.8.2/../../../arm-none-eabi/lib/armv7e-m/libg.a(lib_a-memset.o)
 .debug_ranges  0x0000000000001410       0x10 /usr/lib/gcc/arm-none-eabi/4.8.2/../../../arm-none-eabi/lib/armv7e-m/libg.a(lib_a-strlen.o)

.debug_line     0x0000000000000000     0x5b2f
 .debug_line    0x0000000000000000      0x104 build/obj/crt0.o
 .debug_line    0x0000000000000104       0xae build/obj/vectors.o
 .debug_line    0x00000000000001b2       0x53 build/obj/chcore.o
 .debug_line    0x0000000000000205      0x1de build/obj/chcore_v7m.o
 .debug_line    0x00000000000003e3       0xe9 build/obj/nvic.o
 .debug_line    0x00000000000004cc      0x1cb build/obj/chsys.o
 .debug_line    0x0000000000000697      0x121 build/obj/chvt.o
 .debug_line    0x00000000000007b8      0x327 build/obj/chschd.o
 .debug_line    0x0000000000000adf      0x379 build/obj/chthreads.o
 .debug_line    0x0000000000000e58      0x197 build/obj/chregistry.o
 .debug_line    0x0000000000000fef      0x316 build/obj/chmtx.o
 .debug_line    0x0000000000001305      0x2fa build/obj/chevents.o
 .debug_line    0x00000000000015ff      0x35c build/obj/chqueues.o
 .debug_line    0x000000000000195b      0x123 build/obj/chmemcore.o
 .debug_line    0x0000000000001a7e      0x23e build/obj/chheap.o
 .debug_line    0x0000000000001cbc      0x25c build/obj/hal.o
 .debug_line    0x0000000000001f18      0x1aa build/obj/pwm.o
 .debug_line    0x00000000000020c2      0x32e build/obj/serial.o
 .debug_line    0x00000000000023f0      0x3fd build/obj/serial_usb.o
 .debug_line    0x00000000000027ed      0x375 build/obj/spi.o
 .debug_line    0x0000000000002b62      0x50b build/obj/usb.o
 .debug_line    0x000000000000306d      0x3b5 build/obj/stm32_dma.o
 .debug_line    0x0000000000003422      0x1c5 build/obj/hal_lld.o
 .debug_line    0x00000000000035e7      0x1c7 build/obj/pal_lld.o
 .debug_line    0x00000000000037ae      0x785 build/obj/usb_lld.o
 .debug_line    0x0000000000003f33      0x41c build/obj/spi_lld.o
 .debug_line    0x000000000000434f      0x294 build/obj/pwm_lld.o
 .debug_line    0x00000000000045e3      0x30a build/obj/serial_lld.o
 .debug_line    0x00000000000048ed      0x152 build/obj/board.o
 .debug_line    0x0000000000004a3f      0x27e build/obj/lis3dsh.o
 .debug_line    0x0000000000004cbd      0x3a0 build/obj/shell.o
 .debug_line    0x000000000000505d      0x243 build/obj/chprintf.o
 .debug_line    0x00000000000052a0      0x218 build/obj/usbcfg.o
 .debug_line    0x00000000000054b8      0x4a1 build/obj/main.o
 .debug_line    0x0000000000005959       0xff /usr/lib/gcc/arm-none-eabi/4.8.2/../../../arm-none-eabi/lib/armv7e-m/libg.a(lib_a-memset.o)
 .debug_line    0x0000000000005a58       0xd7 /usr/lib/gcc/arm-none-eabi/4.8.2/../../../arm-none-eabi/lib/armv7e-m/libg.a(lib_a-strlen.o)

.debug_str      0x0000000000000000     0x344b
 .debug_str     0x0000000000000000      0x287 build/obj/crt0.o
                                        0x2d2 (size before relaxing)
 .debug_str     0x0000000000000287      0x145 build/obj/vectors.o
                                        0x2f3 (size before relaxing)
 .debug_str     0x00000000000003cc       0x2d build/obj/chcore.o
                                        0x1bb (size before relaxing)
 .debug_str     0x00000000000003f9      0x2e4 build/obj/chcore_v7m.o
                                        0x4af (size before relaxing)
 .debug_str     0x00000000000006dd       0x96 build/obj/nvic.o
                                        0x2c5 (size before relaxing)
 .debug_str     0x0000000000000773      0x209 build/obj/chsys.o
                                        0x59d (size before relaxing)
 .debug_str     0x000000000000097c       0x36 build/obj/chvt.o
                                        0x246 (size before relaxing)
 .debug_str     0x00000000000009b2       0xd5 build/obj/chschd.o
                                        0x4bc (size before relaxing)
 .debug_str     0x0000000000000a87       0xd3 build/obj/chthreads.o
                                        0x527 (size before relaxing)
 .debug_str     0x0000000000000b5a       0x42 build/obj/chregistry.o
                                        0x4b5 (size before relaxing)
 .debug_str     0x0000000000000b9c       0x91 build/obj/chmtx.o
                                        0x441 (size before relaxing)
 .debug_str     0x0000000000000c2d      0x1b9 build/obj/chevents.o
                                        0x565 (size before relaxing)
 .debug_str     0x0000000000000de6      0x126 build/obj/chqueues.o
                                        0x4cc (size before relaxing)
 .debug_str     0x0000000000000f0c       0x70 build/obj/chmemcore.o
                                        0x23b (size before relaxing)
 .debug_str     0x0000000000000f7c       0xad build/obj/chheap.o
                                        0x430 (size before relaxing)
 .debug_str     0x0000000000001029      0x186 build/obj/hal.o
                                        0x34f (size before relaxing)
 .debug_str     0x00000000000011af      0x1b6 build/obj/pwm.o
                                        0x3bf (size before relaxing)
 .debug_str     0x0000000000001365      0x169 build/obj/serial.o
                                        0x644 (size before relaxing)
 .debug_str     0x00000000000014ce      0x7ca build/obj/serial_usb.o
                                        0xd2a (size before relaxing)
 .debug_str     0x0000000000001c98      0x2ce build/obj/spi.o
                                        0x6fd (size before relaxing)
 .debug_str     0x0000000000001f66      0x2b0 build/obj/usb.o
                                        0xd50 (size before relaxing)
 .debug_str     0x0000000000002216      0x747 build/obj/stm32_dma.o
                                        0xa11 (size before relaxing)
 .debug_str     0x000000000000295d       0xbe build/obj/hal_lld.o
                                        0x3ef (size before relaxing)
 .debug_str     0x0000000000002a1b       0x77 build/obj/pal_lld.o
                                        0x44d (size before relaxing)
 .debug_str     0x0000000000002a92      0x204 build/obj/usb_lld.o
                                        0xfcf (size before relaxing)
 .debug_str     0x0000000000002c96       0x9d build/obj/spi_lld.o
                                        0x7a3 (size before relaxing)
 .debug_str     0x0000000000002d33       0x59 build/obj/pwm_lld.o
                                        0x4fa (size before relaxing)
 .debug_str     0x0000000000002d8c       0x65 build/obj/serial_lld.o
                                        0x6ea (size before relaxing)
 .debug_str     0x0000000000002df1       0x2a build/obj/board.o
                                        0x2a7 (size before relaxing)
 .debug_str     0x0000000000002e1b       0x5c build/obj/lis3dsh.o
                                        0x5bb (size before relaxing)
 .debug_str     0x0000000000002e77      0x1c6 build/obj/shell.o
                                        0x6b9 (size before relaxing)
 .debug_str     0x000000000000303d       0xb7 build/obj/chprintf.o
                                        0x2ff (size before relaxing)
 .debug_str     0x00000000000030f4      0x12e build/obj/usbcfg.o
                                        0xc93 (size before relaxing)
 .debug_str     0x0000000000003222       0x97 build/obj/main.o
                                       0x11bf (size before relaxing)
 .debug_str     0x00000000000032b9      0x10c /usr/lib/gcc/arm-none-eabi/4.8.2/../../../arm-none-eabi/lib/armv7e-m/libg.a(lib_a-memset.o)
                                        0x1b3 (size before relaxing)
 .debug_str     0x00000000000033c5       0x86 /usr/lib/gcc/arm-none-eabi/4.8.2/../../../arm-none-eabi/lib/armv7e-m/libg.a(lib_a-strlen.o)
                                        0x1ac (size before relaxing)

.comment        0x0000000000000000       0x1f
 .comment       0x0000000000000000       0x1f build/obj/crt0.o
                                         0x20 (size before relaxing)
 .comment       0x0000000000000000       0x20 build/obj/vectors.o
 .comment       0x0000000000000000       0x20 build/obj/chcore.o
 .comment       0x0000000000000000       0x20 build/obj/chcore_v7m.o
 .comment       0x0000000000000000       0x20 build/obj/nvic.o
 .comment       0x0000000000000000       0x20 build/obj/chsys.o
 .comment       0x0000000000000000       0x20 build/obj/chvt.o
 .comment       0x0000000000000000       0x20 build/obj/chschd.o
 .comment       0x0000000000000000       0x20 build/obj/chthreads.o
 .comment       0x0000000000000000       0x20 build/obj/chregistry.o
 .comment       0x0000000000000000       0x20 build/obj/chmtx.o
 .comment       0x0000000000000000       0x20 build/obj/chevents.o
 .comment       0x0000000000000000       0x20 build/obj/chqueues.o
 .comment       0x0000000000000000       0x20 build/obj/chmemcore.o
 .comment       0x0000000000000000       0x20 build/obj/chheap.o
 .comment       0x0000000000000000       0x20 build/obj/hal.o
 .comment       0x0000000000000000       0x20 build/obj/pwm.o
 .comment       0x0000000000000000       0x20 build/obj/serial.o
 .comment       0x0000000000000000       0x20 build/obj/serial_usb.o
 .comment       0x0000000000000000       0x20 build/obj/spi.o
 .comment       0x0000000000000000       0x20 build/obj/usb.o
 .comment       0x0000000000000000       0x20 build/obj/stm32_dma.o
 .comment       0x0000000000000000       0x20 build/obj/hal_lld.o
 .comment       0x0000000000000000       0x20 build/obj/pal_lld.o
 .comment       0x0000000000000000       0x20 build/obj/usb_lld.o
 .comment       0x0000000000000000       0x20 build/obj/spi_lld.o
 .comment       0x0000000000000000       0x20 build/obj/pwm_lld.o
 .comment       0x0000000000000000       0x20 build/obj/serial_lld.o
 .comment       0x0000000000000000       0x20 build/obj/board.o
 .comment       0x0000000000000000       0x20 build/obj/lis3dsh.o
 .comment       0x0000000000000000       0x20 build/obj/shell.o
 .comment       0x0000000000000000       0x20 build/obj/chprintf.o
 .comment       0x0000000000000000       0x20 build/obj/usbcfg.o
 .comment       0x0000000000000000       0x20 build/obj/main.o
 .comment       0x0000000000000000       0x20 /usr/lib/gcc/arm-none-eabi/4.8.2/../../../arm-none-eabi/lib/armv7e-m/libg.a(lib_a-memset.o)
 .comment       0x0000000000000000       0x20 /usr/lib/gcc/arm-none-eabi/4.8.2/../../../arm-none-eabi/lib/armv7e-m/libg.a(lib_a-strlen.o)

.ARM.attributes
                0x0000000000000000       0x33
 .ARM.attributes
                0x0000000000000000       0x33 build/obj/crt0.o
 .ARM.attributes
                0x0000000000000033       0x33 build/obj/vectors.o
 .ARM.attributes
                0x0000000000000066       0x33 build/obj/chcore.o
 .ARM.attributes
                0x0000000000000099       0x33 build/obj/chcore_v7m.o
 .ARM.attributes
                0x00000000000000cc       0x33 build/obj/nvic.o
 .ARM.attributes
                0x00000000000000ff       0x33 build/obj/chsys.o
 .ARM.attributes
                0x0000000000000132       0x33 build/obj/chvt.o
 .ARM.attributes
                0x0000000000000165       0x33 build/obj/chschd.o
 .ARM.attributes
                0x0000000000000198       0x33 build/obj/chthreads.o
 .ARM.attributes
                0x00000000000001cb       0x33 build/obj/chregistry.o
 .ARM.attributes
                0x00000000000001fe       0x33 build/obj/chmtx.o
 .ARM.attributes
                0x0000000000000231       0x33 build/obj/chevents.o
 .ARM.attributes
                0x0000000000000264       0x33 build/obj/chqueues.o
 .ARM.attributes
                0x0000000000000297       0x33 build/obj/chmemcore.o
 .ARM.attributes
                0x00000000000002ca       0x33 build/obj/chheap.o
 .ARM.attributes
                0x00000000000002fd       0x33 build/obj/hal.o
 .ARM.attributes
                0x0000000000000330       0x33 build/obj/pwm.o
 .ARM.attributes
                0x0000000000000363       0x33 build/obj/serial.o
 .ARM.attributes
                0x0000000000000396       0x33 build/obj/serial_usb.o
 .ARM.attributes
                0x00000000000003c9       0x33 build/obj/spi.o
 .ARM.attributes
                0x00000000000003fc       0x33 build/obj/usb.o
 .ARM.attributes
                0x000000000000042f       0x33 build/obj/stm32_dma.o
 .ARM.attributes
                0x0000000000000462       0x33 build/obj/hal_lld.o
 .ARM.attributes
                0x0000000000000495       0x33 build/obj/pal_lld.o
 .ARM.attributes
                0x00000000000004c8       0x33 build/obj/usb_lld.o
 .ARM.attributes
                0x00000000000004fb       0x33 build/obj/spi_lld.o
 .ARM.attributes
                0x000000000000052e       0x33 build/obj/pwm_lld.o
 .ARM.attributes
                0x0000000000000561       0x33 build/obj/serial_lld.o
 .ARM.attributes
                0x0000000000000594       0x33 build/obj/board.o
 .ARM.attributes
                0x00000000000005c7       0x33 build/obj/lis3dsh.o
 .ARM.attributes
                0x00000000000005fa       0x33 build/obj/shell.o
 .ARM.attributes
                0x000000000000062d       0x33 build/obj/chprintf.o
 .ARM.attributes
                0x0000000000000660       0x33 build/obj/usbcfg.o
 .ARM.attributes
                0x0000000000000693       0x33 build/obj/main.o
 .ARM.attributes
                0x00000000000006c6       0x2e /usr/lib/gcc/arm-none-eabi/4.8.2/../../../arm-none-eabi/lib/armv7e-m/libg.a(lib_a-memset.o)
 .ARM.attributes
                0x00000000000006f4       0x2e /usr/lib/gcc/arm-none-eabi/4.8.2/../../../arm-none-eabi/lib/armv7e-m/libg.a(lib_a-strlen.o)

.debug_frame    0x0000000000000000     0x1ce4
 .debug_frame   0x0000000000000000       0x50 build/obj/crt0.o
 .debug_frame   0x0000000000000050       0x20 build/obj/vectors.o
 .debug_frame   0x0000000000000070       0x20 build/obj/chcore.o
 .debug_frame   0x0000000000000090       0x98 build/obj/chcore_v7m.o
 .debug_frame   0x0000000000000128       0x64 build/obj/nvic.o
 .debug_frame   0x000000000000018c       0x5c build/obj/chsys.o
 .debug_frame   0x00000000000001e8       0x4c build/obj/chvt.o
 .debug_frame   0x0000000000000234      0x108 build/obj/chschd.o
 .debug_frame   0x000000000000033c      0x180 build/obj/chthreads.o
 .debug_frame   0x00000000000004bc       0x3c build/obj/chregistry.o
 .debug_frame   0x00000000000004f8       0xe4 build/obj/chmtx.o
 .debug_frame   0x00000000000005dc      0x1e0 build/obj/chevents.o
 .debug_frame   0x00000000000007bc      0x180 build/obj/chqueues.o
 .debug_frame   0x000000000000093c       0x50 build/obj/chmemcore.o
 .debug_frame   0x000000000000098c       0x98 build/obj/chheap.o
 .debug_frame   0x0000000000000a24       0x54 build/obj/hal.o
 .debug_frame   0x0000000000000a78       0xb0 build/obj/pwm.o
 .debug_frame   0x0000000000000b28      0x13c build/obj/serial.o
 .debug_frame   0x0000000000000c64      0x1b4 build/obj/serial_usb.o
 .debug_frame   0x0000000000000e18      0x1a8 build/obj/spi.o
 .debug_frame   0x0000000000000fc0      0x1f8 build/obj/usb.o
 .debug_frame   0x00000000000011b8      0x230 build/obj/stm32_dma.o
 .debug_frame   0x00000000000013e8       0x40 build/obj/hal_lld.o
 .debug_frame   0x0000000000001428       0x4c build/obj/pal_lld.o
 .debug_frame   0x0000000000001474      0x274 build/obj/usb_lld.o
 .debug_frame   0x00000000000016e8      0x148 build/obj/spi_lld.o
 .debug_frame   0x0000000000001830       0xb0 build/obj/pwm_lld.o
 .debug_frame   0x00000000000018e0       0x94 build/obj/serial_lld.o
 .debug_frame   0x0000000000001974       0x30 build/obj/board.o
 .debug_frame   0x00000000000019a4       0x58 build/obj/lis3dsh.o
 .debug_frame   0x00000000000019fc      0x140 build/obj/shell.o
 .debug_frame   0x0000000000001b3c       0x8c build/obj/chprintf.o
 .debug_frame   0x0000000000001bc8       0x3c build/obj/usbcfg.o
 .debug_frame   0x0000000000001c04       0x94 build/obj/main.o
 .debug_frame   0x0000000000001c98       0x2c /usr/lib/gcc/arm-none-eabi/4.8.2/../../../arm-none-eabi/lib/armv7e-m/libg.a(lib_a-memset.o)
 .debug_frame   0x0000000000001cc4       0x20 /usr/lib/gcc/arm-none-eabi/4.8.2/../../../arm-none-eabi/lib/armv7e-m/libg.a(lib_a-strlen.o)

Cross Reference Table

Symbol                                            File
BusFaultVector                                    build/obj/vectors.o
DebugMonitorVector                                build/obj/vectors.o
HardFaultVector                                   build/obj/vectors.o
MemManageVector                                   build/obj/vectors.o
NMIVector                                         build/obj/vectors.o
PWMD4                                             build/obj/pwm_lld.o
                                                  build/obj/main.o
PendSVVector                                      build/obj/vectors.o
ResetHandler                                      build/obj/crt0.o
                                                  build/obj/vectors.o
SD2                                               build/obj/serial_lld.o
                                                  build/obj/main.o
SDU1                                              build/obj/main.o
                                                  build/obj/usbcfg.o
SPID1                                             build/obj/spi_lld.o
                                                  build/obj/main.o
SPID2                                             build/obj/spi_lld.o
                                                  build/obj/main.o
SVCallVector                                      build/obj/chcore_v7m.o
                                                  build/obj/vectors.o
SysTickVector                                     build/obj/chcore_v7m.o
                                                  build/obj/vectors.o
TestThread                                        build/obj/test.o
USBD1                                             build/obj/usb_lld.o
                                                  build/obj/usbcfg.o
UsageFaultVector                                  build/obj/vectors.o
Vector100                                         build/obj/vectors.o
Vector104                                         build/obj/vectors.o
Vector108                                         build/obj/vectors.o
Vector10C                                         build/obj/vectors.o
Vector110                                         build/obj/vectors.o
Vector114                                         build/obj/vectors.o
Vector118                                         build/obj/vectors.o
Vector11C                                         build/obj/vectors.o
Vector120                                         build/obj/stm32_dma.o
                                                  build/obj/vectors.o
Vector124                                         build/obj/stm32_dma.o
                                                  build/obj/vectors.o
Vector128                                         build/obj/stm32_dma.o
                                                  build/obj/vectors.o
Vector12C                                         build/obj/stm32_dma.o
                                                  build/obj/vectors.o
Vector130                                         build/obj/stm32_dma.o
                                                  build/obj/vectors.o
Vector134                                         build/obj/vectors.o
Vector138                                         build/obj/vectors.o
Vector13C                                         build/obj/vectors.o
Vector140                                         build/obj/vectors.o
Vector144                                         build/obj/vectors.o
Vector148                                         build/obj/vectors.o
Vector14C                                         build/obj/usb_lld.o
                                                  build/obj/vectors.o
Vector150                                         build/obj/stm32_dma.o
                                                  build/obj/vectors.o
Vector154                                         build/obj/stm32_dma.o
                                                  build/obj/vectors.o
Vector158                                         build/obj/stm32_dma.o
                                                  build/obj/vectors.o
Vector15C                                         build/obj/vectors.o
Vector160                                         build/obj/vectors.o
Vector164                                         build/obj/vectors.o
Vector168                                         build/obj/vectors.o
Vector16C                                         build/obj/vectors.o
Vector170                                         build/obj/vectors.o
Vector174                                         build/obj/vectors.o
Vector178                                         build/obj/vectors.o
Vector17C                                         build/obj/vectors.o
Vector180                                         build/obj/vectors.o
Vector184                                         build/obj/vectors.o
Vector188                                         build/obj/vectors.o
Vector18C                                         build/obj/vectors.o
Vector190                                         build/obj/vectors.o
Vector194                                         build/obj/vectors.o
Vector198                                         build/obj/vectors.o
Vector19C                                         build/obj/vectors.o
Vector1A0                                         build/obj/vectors.o
Vector1A4                                         build/obj/vectors.o
Vector1A8                                         build/obj/vectors.o
Vector1C                                          build/obj/vectors.o
Vector20                                          build/obj/vectors.o
Vector24                                          build/obj/vectors.o
Vector28                                          build/obj/vectors.o
Vector34                                          build/obj/vectors.o
Vector40                                          build/obj/vectors.o
Vector44                                          build/obj/vectors.o
Vector48                                          build/obj/vectors.o
Vector4C                                          build/obj/vectors.o
Vector50                                          build/obj/vectors.o
Vector54                                          build/obj/vectors.o
Vector58                                          build/obj/vectors.o
Vector5C                                          build/obj/vectors.o
Vector60                                          build/obj/vectors.o
Vector64                                          build/obj/vectors.o
Vector68                                          build/obj/vectors.o
Vector6C                                          build/obj/stm32_dma.o
                                                  build/obj/vectors.o
Vector70                                          build/obj/stm32_dma.o
                                                  build/obj/vectors.o
Vector74                                          build/obj/stm32_dma.o
                                                  build/obj/vectors.o
Vector78                                          build/obj/stm32_dma.o
                                                  build/obj/vectors.o
Vector7C                                          build/obj/stm32_dma.o
                                                  build/obj/vectors.o
Vector80                                          build/obj/stm32_dma.o
                                                  build/obj/vectors.o
Vector84                                          build/obj/stm32_dma.o
                                                  build/obj/vectors.o
Vector88                                          build/obj/vectors.o
Vector8C                                          build/obj/vectors.o
Vector90                                          build/obj/vectors.o
Vector94                                          build/obj/vectors.o
Vector98                                          build/obj/vectors.o
Vector9C                                          build/obj/vectors.o
VectorA0                                          build/obj/vectors.o
VectorA4                                          build/obj/vectors.o
VectorA8                                          build/obj/vectors.o
VectorAC                                          build/obj/vectors.o
VectorB0                                          build/obj/vectors.o
VectorB4                                          build/obj/vectors.o
VectorB8                                          build/obj/pwm_lld.o
                                                  build/obj/vectors.o
VectorBC                                          build/obj/vectors.o
VectorC0                                          build/obj/vectors.o
VectorC4                                          build/obj/vectors.o
VectorC8                                          build/obj/vectors.o
VectorCC                                          build/obj/vectors.o
VectorD0                                          build/obj/vectors.o
VectorD4                                          build/obj/vectors.o
VectorD8                                          build/obj/serial_lld.o
                                                  build/obj/vectors.o
VectorDC                                          build/obj/vectors.o
VectorE0                                          build/obj/vectors.o
VectorE4                                          build/obj/vectors.o
VectorE8                                          build/obj/vectors.o
VectorEC                                          build/obj/vectors.o
VectorF0                                          build/obj/vectors.o
VectorF4                                          build/obj/vectors.o
VectorF8                                          build/obj/vectors.o
VectorFC                                          build/obj/stm32_dma.o
                                                  build/obj/vectors.o
__ctype_ptr__                                     /usr/lib/gcc/arm-none-eabi/4.8.2/../../../arm-none-eabi/lib/armv7e-m/libg.a(lib_a-ctype_.o)
                                                  /usr/lib/gcc/arm-none-eabi/4.8.2/../../../arm-none-eabi/lib/armv7e-m/libg.a(lib_a-strcasecmp.o)
__early_init                                      build/obj/board.o
                                                  build/obj/crt0.o
__fini_array_end                                  build/obj/crt0.o
__fini_array_start                                build/obj/crt0.o
__heap_base__                                     build/obj/chmemcore.o
__heap_end__                                      build/obj/chmemcore.o
__init_array_end                                  build/obj/crt0.o
__init_array_start                                build/obj/crt0.o
__late_init                                       build/obj/crt0.o
__main_stack_base__                               build/obj/crt0.o
__main_stack_end__                                build/obj/vectors.o
                                                  build/obj/crt0.o
__process_stack_base__                            build/obj/crt0.o
__process_stack_end__                             build/obj/crt0.o
_bss_end                                          build/obj/crt0.o
_bss_start                                        build/obj/crt0.o
_core_init                                        build/obj/chmemcore.o
                                                  build/obj/chsys.o
_ctype_                                           /usr/lib/gcc/arm-none-eabi/4.8.2/../../../arm-none-eabi/lib/armv7e-m/libg.a(lib_a-ctype_.o)
_data                                             build/obj/crt0.o
_default_exit                                     build/obj/crt0.o
_edata                                            build/obj/crt0.o
_heap_init                                        build/obj/chheap.o
                                                  build/obj/chsys.o
_idle_thread                                      build/obj/chsys.o
_idle_thread_wa                                   build/obj/chsys.o
_pal_lld_init                                     build/obj/pal_lld.o
                                                  build/obj/hal.o
_pal_lld_setgroupmode                             build/obj/pal_lld.o
                                                  build/obj/main.o
                                                  build/obj/pal.o
_port_init                                        build/obj/chcore_v7m.o
                                                  build/obj/chsys.o
_port_irq_epilogue                                build/obj/chcore_v7m.o
                                                  build/obj/serial_lld.o
                                                  build/obj/pwm_lld.o
                                                  build/obj/usb_lld.o
                                                  build/obj/stm32_dma.o
_port_switch                                      build/obj/chcore_v7m.o
                                                  build/obj/chschd.o
_port_switch_from_isr                             build/obj/chcore_v7m.o
_port_thread_start                                build/obj/chcore_v7m.o
                                                  build/obj/chthreads.o
_scheduler_init                                   build/obj/chschd.o
                                                  build/obj/chsys.o
_stm32_dma_streams                                build/obj/stm32_dma.o
                                                  build/obj/spi_lld.o
_test_assert                                      build/obj/test.o
                                                  build/obj/testqueues.o
                                                  build/obj/testdyn.o
                                                  build/obj/testpools.o
                                                  build/obj/testheap.o
                                                  build/obj/testevt.o
                                                  build/obj/testmbox.o
                                                  build/obj/testmtx.o
                                                  build/obj/testsem.o
                                                  build/obj/testthd.o
_test_assert_sequence                             build/obj/test.o
                                                  build/obj/testqueues.o
                                                  build/obj/testdyn.o
                                                  build/obj/testevt.o
                                                  build/obj/testmbox.o
                                                  build/obj/testmsg.o
                                                  build/obj/testmtx.o
                                                  build/obj/testsem.o
                                                  build/obj/testthd.o
_test_assert_time_window                          build/obj/test.o
                                                  build/obj/testevt.o
                                                  build/obj/testmtx.o
                                                  build/obj/testsem.o
                                                  build/obj/testthd.o
_test_fail                                        build/obj/test.o
_textdata                                         build/obj/crt0.o
_thread_init                                      build/obj/chthreads.o
                                                  build/obj/chsys.o
_unhandled_exception                              build/obj/vectors.o
_usb_ep0in                                        build/obj/usb.o
                                                  build/obj/usb_lld.o
_usb_ep0out                                       build/obj/usb.o
                                                  build/obj/usb_lld.o
_usb_ep0setup                                     build/obj/usb.o
                                                  build/obj/usb_lld.o
_usb_reset                                        build/obj/usb.o
                                                  build/obj/usb_lld.o
_vectors                                          build/obj/vectors.o
_vt_init                                          build/obj/chvt.o
                                                  build/obj/chsys.o
boardInit                                         build/obj/board.o
                                                  build/obj/hal.o
chCondBroadcast                                   build/obj/chcond.o
                                                  build/obj/testmtx.o
chCondBroadcastI                                  build/obj/chcond.o
chCondInit                                        build/obj/chcond.o
                                                  build/obj/testmtx.o
chCondSignal                                      build/obj/chcond.o
                                                  build/obj/testmtx.o
chCondSignalI                                     build/obj/chcond.o
                                                  build/obj/testmtx.o
chCondWait                                        build/obj/chcond.o
                                                  build/obj/testmtx.o
chCondWaitS                                       build/obj/chcond.o
chCondWaitTimeout                                 build/obj/chcond.o
                                                  build/obj/testmtx.o
chCondWaitTimeoutS                                build/obj/chcond.o
chCoreAlloc                                       build/obj/chmemcore.o
                                                  build/obj/chheap.o
chCoreAllocI                                      build/obj/chmemcore.o
chCoreStatus                                      build/obj/chmemcore.o
                                                  build/obj/testheap.o
chEvtAddEvents                                    build/obj/chevents.o
                                                  build/obj/testevt.o
chEvtBroadcastFlags                               build/obj/chevents.o
                                                  build/obj/testevt.o
chEvtBroadcastFlagsI                              build/obj/chevents.o
                                                  build/obj/shell.o
                                                  build/obj/serial_lld.o
                                                  build/obj/serial_usb.o
                                                  build/obj/serial.o
chEvtDispatch                                     build/obj/chevents.o
                                                  build/obj/testevt.o
chEvtGetAndClearEvents                            build/obj/chevents.o
                                                  build/obj/testevt.o
chEvtGetAndClearFlags                             build/obj/chevents.o
chEvtGetAndClearFlagsI                            build/obj/chevents.o
chEvtRegisterMask                                 build/obj/chevents.o
                                                  build/obj/testevt.o
chEvtSignal                                       build/obj/chevents.o
                                                  build/obj/testevt.o
chEvtSignalI                                      build/obj/chevents.o
chEvtUnregister                                   build/obj/chevents.o
                                                  build/obj/testevt.o
chEvtWaitAll                                      build/obj/chevents.o
                                                  build/obj/testevt.o
chEvtWaitAllTimeout                               build/obj/chevents.o
                                                  build/obj/testevt.o
chEvtWaitAny                                      build/obj/chevents.o
                                                  build/obj/testevt.o
chEvtWaitAnyTimeout                               build/obj/chevents.o
                                                  build/obj/testevt.o
chEvtWaitOne                                      build/obj/chevents.o
                                                  build/obj/testevt.o
chEvtWaitOneTimeout                               build/obj/chevents.o
                                                  build/obj/testevt.o
chHeapAlloc                                       build/obj/chheap.o
                                                  build/obj/testdyn.o
                                                  build/obj/testheap.o
                                                  build/obj/chdynamic.o
chHeapFree                                        build/obj/chheap.o
                                                  build/obj/testdyn.o
                                                  build/obj/testheap.o
                                                  build/obj/chdynamic.o